Archive member included to satisfy reference by file (symbol)

/Applications/STM32CubeIDE.app/Contents/Eclipse/plugins/com.st.stm32cube.ide.mcu.externaltools.gnu-tools-for-stm32.13.3.rel1.macos64_1.0.0.202411102158/tools/bin/../lib/gcc/arm-none-eabi/13.3.1/../../../../arm-none-eabi/lib/thumb/v6-m/nofp/libc_nano.a(libc_a-exit.o)
                              /Applications/STM32CubeIDE.app/Contents/Eclipse/plugins/com.st.stm32cube.ide.mcu.externaltools.gnu-tools-for-stm32.13.3.rel1.macos64_1.0.0.202411102158/tools/bin/../lib/gcc/arm-none-eabi/13.3.1/../../../../arm-none-eabi/lib/thumb/v6-m/nofp/crt0.o (exit)
/Applications/STM32CubeIDE.app/Contents/Eclipse/plugins/com.st.stm32cube.ide.mcu.externaltools.gnu-tools-for-stm32.13.3.rel1.macos64_1.0.0.202411102158/tools/bin/../lib/gcc/arm-none-eabi/13.3.1/../../../../arm-none-eabi/lib/thumb/v6-m/nofp/libc_nano.a(libc_a-findfp.o)
                              /Applications/STM32CubeIDE.app/Contents/Eclipse/plugins/com.st.stm32cube.ide.mcu.externaltools.gnu-tools-for-stm32.13.3.rel1.macos64_1.0.0.202411102158/tools/bin/../lib/gcc/arm-none-eabi/13.3.1/../../../../arm-none-eabi/lib/thumb/v6-m/nofp/libc_nano.a(libc_a-exit.o) (__stdio_exit_handler)
/Applications/STM32CubeIDE.app/Contents/Eclipse/plugins/com.st.stm32cube.ide.mcu.externaltools.gnu-tools-for-stm32.13.3.rel1.macos64_1.0.0.202411102158/tools/bin/../lib/gcc/arm-none-eabi/13.3.1/../../../../arm-none-eabi/lib/thumb/v6-m/nofp/libc_nano.a(libc_a-fwalk.o)
                              /Applications/STM32CubeIDE.app/Contents/Eclipse/plugins/com.st.stm32cube.ide.mcu.externaltools.gnu-tools-for-stm32.13.3.rel1.macos64_1.0.0.202411102158/tools/bin/../lib/gcc/arm-none-eabi/13.3.1/../../../../arm-none-eabi/lib/thumb/v6-m/nofp/libc_nano.a(libc_a-findfp.o) (_fwalk_sglue)
/Applications/STM32CubeIDE.app/Contents/Eclipse/plugins/com.st.stm32cube.ide.mcu.externaltools.gnu-tools-for-stm32.13.3.rel1.macos64_1.0.0.202411102158/tools/bin/../lib/gcc/arm-none-eabi/13.3.1/../../../../arm-none-eabi/lib/thumb/v6-m/nofp/libc_nano.a(libc_a-memset.o)
                              /Applications/STM32CubeIDE.app/Contents/Eclipse/plugins/com.st.stm32cube.ide.mcu.externaltools.gnu-tools-for-stm32.13.3.rel1.macos64_1.0.0.202411102158/tools/bin/../lib/gcc/arm-none-eabi/13.3.1/../../../../arm-none-eabi/lib/thumb/v6-m/nofp/crt0.o (memset)
/Applications/STM32CubeIDE.app/Contents/Eclipse/plugins/com.st.stm32cube.ide.mcu.externaltools.gnu-tools-for-stm32.13.3.rel1.macos64_1.0.0.202411102158/tools/bin/../lib/gcc/arm-none-eabi/13.3.1/../../../../arm-none-eabi/lib/thumb/v6-m/nofp/libc_nano.a(libc_a-errno.o)
                              ./Core/Src/syscalls.o (__errno)
/Applications/STM32CubeIDE.app/Contents/Eclipse/plugins/com.st.stm32cube.ide.mcu.externaltools.gnu-tools-for-stm32.13.3.rel1.macos64_1.0.0.202411102158/tools/bin/../lib/gcc/arm-none-eabi/13.3.1/../../../../arm-none-eabi/lib/thumb/v6-m/nofp/libc_nano.a(libc_a-init.o)
                              /Applications/STM32CubeIDE.app/Contents/Eclipse/plugins/com.st.stm32cube.ide.mcu.externaltools.gnu-tools-for-stm32.13.3.rel1.macos64_1.0.0.202411102158/tools/bin/../lib/gcc/arm-none-eabi/13.3.1/../../../../arm-none-eabi/lib/thumb/v6-m/nofp/crt0.o (__libc_init_array)
/Applications/STM32CubeIDE.app/Contents/Eclipse/plugins/com.st.stm32cube.ide.mcu.externaltools.gnu-tools-for-stm32.13.3.rel1.macos64_1.0.0.202411102158/tools/bin/../lib/gcc/arm-none-eabi/13.3.1/../../../../arm-none-eabi/lib/thumb/v6-m/nofp/libc_nano.a(libc_a-lock.o)
                              /Applications/STM32CubeIDE.app/Contents/Eclipse/plugins/com.st.stm32cube.ide.mcu.externaltools.gnu-tools-for-stm32.13.3.rel1.macos64_1.0.0.202411102158/tools/bin/../lib/gcc/arm-none-eabi/13.3.1/../../../../arm-none-eabi/lib/thumb/v6-m/nofp/libc_nano.a(libc_a-findfp.o) (__retarget_lock_init_recursive)
/Applications/STM32CubeIDE.app/Contents/Eclipse/plugins/com.st.stm32cube.ide.mcu.externaltools.gnu-tools-for-stm32.13.3.rel1.macos64_1.0.0.202411102158/tools/bin/../lib/gcc/arm-none-eabi/13.3.1/../../../../arm-none-eabi/lib/thumb/v6-m/nofp/libc_nano.a(libc_a-impure.o)
                              /Applications/STM32CubeIDE.app/Contents/Eclipse/plugins/com.st.stm32cube.ide.mcu.externaltools.gnu-tools-for-stm32.13.3.rel1.macos64_1.0.0.202411102158/tools/bin/../lib/gcc/arm-none-eabi/13.3.1/../../../../arm-none-eabi/lib/thumb/v6-m/nofp/libc_nano.a(libc_a-errno.o) (_impure_ptr)
/Applications/STM32CubeIDE.app/Contents/Eclipse/plugins/com.st.stm32cube.ide.mcu.externaltools.gnu-tools-for-stm32.13.3.rel1.macos64_1.0.0.202411102158/tools/bin/../lib/gcc/arm-none-eabi/13.3.1/../../../../arm-none-eabi/lib/thumb/v6-m/nofp/libc_nano.a(libc_a-memcpy-stub.o)
                              ./Core/Src/Processus_Keys.o (memcpy)
[...]
Memory Configuration

Name             Origin             Length             Attributes
RAM              0x20000000         0x00004000         xrw
FLASH            0x08000000         0x00020000         xr
*default*        0x00000000         0xffffffff

Linker script and memory map

LOAD /Applications/STM32CubeIDE.app/Contents/Eclipse/plugins/com.st.stm32cube.ide.mcu.externaltools.gnu-tools-for-stm32.13.3.rel1.macos64_1.0.0.202411102158/tools/bin/../lib/gcc/arm-none-eabi/13.3.1/thumb/v6-m/nofp/crti.o
LOAD /Applications/STM32CubeIDE.app/Contents/Eclipse/plugins/com.st.stm32cube.ide.mcu.externaltools.gnu-tools-for-stm32.13.3.rel1.macos64_1.0.0.202411102158/tools/bin/../lib/gcc/arm-none-eabi/13.3.1/thumb/v6-m/nofp/crtbegin.o
LOAD /Applications/STM32CubeIDE.app/Contents/Eclipse/plugins/com.st.stm32cube.ide.mcu.externaltools.gnu-tools-for-stm32.13.3.rel1.macos64_1.0.0.202411102158/tools/bin/../lib/gcc/arm-none-eabi/13.3.1/../../../../arm-none-eabi/lib/thumb/v6-m/nofp/crt0.o
LOAD ./Core/Src/Processus_Keys.o
LOAD ./Core/Src/Processus_LEDS.o
LOAD ./Core/Src/ServiceBaseTemps_1ms.o
LOAD ./Core/Src/interfaceDebouncing.o
LOAD ./Core/Src/interfaceMatrice.o
LOAD ./Core/Src/interface_HID_Report.o
LOAD ./Core/Src/interface_Key_Config.o
LOAD ./Core/Src/interface_RGB.o
LOAD ./Core/Src/main.o
LOAD ./Core/Src/pilote_COL.o
LOAD ./Core/Src/pilote_ROW.o
LOAD ./Core/Src/pilote_SK6803.o
LOAD ./Core/Src/pilote_Timer14_1ms.o
LOAD ./Core/Src/stm32f0xx_hal_msp.o
LOAD ./Core/Src/stm32f0xx_it.o
LOAD ./Core/Src/syscalls.o
LOAD ./Core/Src/sysmem.o
LOAD ./Core/Src/system_stm32f0xx.o
LOAD ./Core/Startup/startup_stm32f072cbtx.o
LOAD ./Drivers/STM32F0xx_HAL_Driver/Src/stm32f0xx_hal.o
LOAD ./Drivers/STM32F0xx_HAL_Driver/Src/stm32f0xx_hal_cortex.o
LOAD ./Drivers/STM32F0xx_HAL_Driver/Src/stm32f0xx_hal_dma.o
LOAD ./Drivers/STM32F0xx_HAL_Driver/Src/stm32f0xx_hal_exti.o
LOAD ./Drivers/STM32F0xx_HAL_Driver/Src/stm32f0xx_hal_flash.o
LOAD ./Drivers/STM32F0xx_HAL_Driver/Src/stm32f0xx_hal_flash_ex.o
LOAD ./Drivers/STM32F0xx_HAL_Driver/Src/stm32f0xx_hal_gpio.o
LOAD ./Drivers/STM32F0xx_HAL_Driver/Src/stm32f0xx_hal_i2c.o
LOAD ./Drivers/STM32F0xx_HAL_Driver/Src/stm32f0xx_hal_i2c_ex.o
LOAD ./Drivers/STM32F0xx_HAL_Driver/Src/stm32f0xx_hal_pcd.o
LOAD ./Drivers/STM32F0xx_HAL_Driver/Src/stm32f0xx_hal_pcd_ex.o
LOAD ./Drivers/STM32F0xx_HAL_Driver/Src/stm32f0xx_hal_pwr.o
LOAD ./Drivers/STM32F0xx_HAL_Driver/Src/stm32f0xx_hal_pwr_ex.o
LOAD ./Drivers/STM32F0xx_HAL_Driver/Src/stm32f0xx_hal_rcc.o
LOAD ./Drivers/STM32F0xx_HAL_Driver/Src/stm32f0xx_hal_rcc_ex.o
LOAD ./Drivers/STM32F0xx_HAL_Driver/Src/stm32f0xx_hal_tim.o
LOAD ./Drivers/STM32F0xx_HAL_Driver/Src/stm32f0xx_hal_tim_ex.o
LOAD ./Drivers/STM32F0xx_HAL_Driver/Src/stm32f0xx_ll_usb.o
LOAD ./Middlewares/ST/STM32_USB_Device_Library/Class/HID/Src/usbd_hid.o
LOAD ./Middlewares/ST/STM32_USB_Device_Library/Core/Src/usbd_core.o
LOAD ./Middlewares/ST/STM32_USB_Device_Library/Core/Src/usbd_ctlreq.o
LOAD ./Middlewares/ST/STM32_USB_Device_Library/Core/Src/usbd_ioreq.o
LOAD ./USB_DEVICE/App/usb_device.o
LOAD ./USB_DEVICE/App/usbd_desc.o
LOAD ./USB_DEVICE/Target/usbd_conf.o
START GROUP
LOAD /Applications/STM32CubeIDE.app/Contents/Eclipse/plugins/com.st.stm32cube.ide.mcu.externaltools.gnu-tools-for-stm32.13.3.rel1.macos64_1.0.0.202411102158/tools/bin/../lib/gcc/arm-none-eabi/13.3.1/../../../../arm-none-eabi/lib/thumb/v6-m/nofp/libc_nano.a
LOAD /Applications/STM32CubeIDE.app/Contents/Eclipse/plugins/com.st.stm32cube.ide.mcu.externaltools.gnu-tools-for-stm32.13.3.rel1.macos64_1.0.0.202411102158/tools/bin/../lib/gcc/arm-none-eabi/13.3.1/../../../../arm-none-eabi/lib/thumb/v6-m/nofp/libm.a
END GROUP
START GROUP
LOAD /Applications/STM32CubeIDE.app/Contents/Eclipse/plugins/com.st.stm32cube.ide.mcu.externaltools.gnu-tools-for-stm32.13.3.rel1.macos64_1.0.0.202411102158/tools/bin/../lib/gcc/arm-none-eabi/13.3.1/thumb/v6-m/nofp/libgcc.a
LOAD /Applications/STM32CubeIDE.app/Contents/Eclipse/plugins/com.st.stm32cube.ide.mcu.externaltools.gnu-tools-for-stm32.13.3.rel1.macos64_1.0.0.202411102158/tools/bin/../lib/gcc/arm-none-eabi/13.3.1/../../../../arm-none-eabi/lib/thumb/v6-m/nofp/libc_nano.a
END GROUP
START GROUP
LOAD /Applications/STM32CubeIDE.app/Contents/Eclipse/plugins/com.st.stm32cube.ide.mcu.externaltools.gnu-tools-for-stm32.13.3.rel1.macos64_1.0.0.202411102158/tools/bin/../lib/gcc/arm-none-eabi/13.3.1/thumb/v6-m/nofp/libgcc.a
LOAD /Applications/STM32CubeIDE.app/Contents/Eclipse/plugins/com.st.stm32cube.ide.mcu.externaltools.gnu-tools-for-stm32.13.3.rel1.macos64_1.0.0.202411102158/tools/bin/../lib/gcc/arm-none-eabi/13.3.1/../../../../arm-none-eabi/lib/thumb/v6-m/nofp/libc_nano.a
LOAD /Applications/STM32CubeIDE.app/Contents/Eclipse/plugins/com.st.stm32cube.ide.mcu.externaltools.gnu-tools-for-stm32.13.3.rel1.macos64_1.0.0.202411102158/tools/bin/../lib/gcc/arm-none-eabi/13.3.1/../../../../arm-none-eabi/lib/thumb/v6-m/nofp/libnosys.a
END GROUP
START GROUP
LOAD /Applications/STM32CubeIDE.app/Contents/Eclipse/plugins/com.st.stm32cube.ide.mcu.externaltools.gnu-tools-for-stm32.13.3.rel1.macos64_1.0.0.202411102158/tools/bin/../lib/gcc/arm-none-eabi/13.3.1/thumb/v6-m/nofp/libgcc.a
LOAD /Applications/STM32CubeIDE.app/Contents/Eclipse/plugins/com.st.stm32cube.ide.mcu.externaltools.gnu-tools-for-stm32.13.3.rel1.macos64_1.0.0.202411102158/tools/bin/../lib/gcc/arm-none-eabi/13.3.1/../../../../arm-none-eabi/lib/thumb/v6-m/nofp/libc_nano.a
LOAD /Applications/STM32CubeIDE.app/Contents/Eclipse/plugins/com.st.stm32cube.ide.mcu.externaltools.gnu-tools-for-stm32.13.3.rel1.macos64_1.0.0.202411102158/tools/bin/../lib/gcc/arm-none-eabi/13.3.1/../../../../arm-none-eabi/lib/thumb/v6-m/nofp/libnosys.a
END GROUP
LOAD /Applications/STM32CubeIDE.app/Contents/Eclipse/plugins/com.st.stm32cube.ide.mcu.externaltools.gnu-tools-for-stm32.13.3.rel1.macos64_1.0.0.202411102158/tools/bin/../lib/gcc/arm-none-eabi/13.3.1/thumb/v6-m/nofp/crtend.o
LOAD /Applications/STM32CubeIDE.app/Contents/Eclipse/plugins/com.st.stm32cube.ide.mcu.externaltools.gnu-tools-for-stm32.13.3.rel1.macos64_1.0.0.202411102158/tools/bin/../lib/gcc/arm-none-eabi/13.3.1/thumb/v6-m/nofp/crtn.o
                0x20004000                        _estack = (ORIGIN (RAM) + LENGTH (RAM))
                0x00000200                        _Min_Heap_Size = 0x200
                0x00000400                        _Min_Stack_Size = 0x400

.isr_vector     0x08000000       0xc0
                0x08000000                        . = ALIGN (0x4)
 *(.isr_vector)
 .isr_vector    0x08000000       0xc0 ./Core/Startup/startup_stm32f072cbtx.o
                0x08000000                g_pfnVectors
                0x080000c0                        . = ALIGN (0x4)

.text           0x080000c0     0xa5c0
                0x080000c0                        . = ALIGN (0x4)
 *(.text)
 .text          0x080000c0       0x48 /Applications/STM32CubeIDE.app/Contents/Eclipse/plugins/com.st.stm32cube.ide.mcu.externaltools.gnu-tools-for-stm32.13.3.rel1.macos64_1.0.0.202411102158/tools/bin/../lib/gcc/arm-none-eabi/13.3.1/thumb/v6-m/nofp/crtbegin.o
 .text          0x08000108      0x114 /Applications/STM32CubeIDE.app/Contents/Eclipse/plugins/com.st.stm32cube.ide.mcu.externaltools.gnu-tools-for-stm32.13.3.rel1.macos64_1.0.0.202411102158/tools/bin/../lib/gcc/arm-none-eabi/13.3.1/thumb/v6-m/nofp/libgcc.a(_udivsi3.o)
                0x08000108                __udivsi3
                0x08000108                __aeabi_uidiv
                0x08000214                __aeabi_uidivmod
 .text          0x0800021c        0x4 /Applications/STM32CubeIDE.app/Contents/Eclipse/plugins/com.st.stm32cube.ide.mcu.externaltools.gnu-tools-for-stm32.13.3.rel1.macos64_1.0.0.202411102158/tools/bin/../lib/gcc/arm-none-eabi/13.3.1/thumb/v6-m/nofp/libgcc.a(_dvmd_tls.o)
                0x0800021c                __aeabi_ldiv0
                0x0800021c                __aeabi_idiv0
 *(.text*)
 .text.ProcessusKeys_Init
                0x08000220       0x18 ./Core/Src/Processus_Keys.o
                0x08000220                ProcessusKeys_Init
 .text.Process_KEYS
                0x08000238      0x1f8 ./Core/Src/Processus_Keys.o
                0x08000238                Process_KEYS
 .text.Process_LEDS
                0x08000430       0x5c ./Core/Src/Processus_LEDS.o
                0x08000430                Process_LEDS
 .text.LEDS_Increase_Brightness
                0x0800048c       0x38 ./Core/Src/Processus_LEDS.o
                0x0800048c                LEDS_Increase_Brightness
 .text.LEDS_Decrease_Brightness
                0x080004c4       0x38 ./Core/Src/Processus_LEDS.o
                0x080004c4                LEDS_Decrease_Brightness
 .text.LEDS_Cycle_Hue
                0x080004fc       0x40 ./Core/Src/Processus_LEDS.o
                0x080004fc                LEDS_Cycle_Hue
 .text.LEDS_Cycle_Effect
                0x0800053c       0x40 ./Core/Src/Processus_LEDS.o
                0x0800053c                LEDS_Cycle_Effect
 .text.ProcessusLEDS_init
                0x0800057c       0xb8 ./Core/Src/Processus_LEDS.o
                0x0800057c                ProcessusLEDS_init
 .text.serviceBaseDeTemps_gere
                0x08000634       0x3c ./Core/Src/ServiceBaseTemps_1ms.o
                0x08000634                serviceBaseDeTemps_gere
 .text.serviceBaseDeTemps_initialise
                0x08000670       0x4c ./Core/Src/ServiceBaseTemps_1ms.o
                0x08000670                serviceBaseDeTemps_initialise
 .text.Debounce_Switch_Matrix
                0x080006bc      0x124 ./Core/Src/interfaceDebouncing.o
                0x080006bc                Debounce_Switch_Matrix
 .text.InterfaceDebouncing_Init
                0x080007e0       0x18 ./Core/Src/interfaceDebouncing.o
                0x080007e0                InterfaceDebouncing_Init
 .text.ScanMatrice
                0x080007f8       0x88 ./Core/Src/interfaceMatrice.o
                0x080007f8                ScanMatrice
 .text.InterfaceMatrice_Init
                0x08000880       0x18 ./Core/Src/interfaceMatrice.o
                0x08000880                InterfaceMatrice_Init
 .text.isMediaKey
                0x08000898       0x54 ./Core/Src/interface_HID_Report.o
                0x08000898                isMediaKey
 .text.Reset_HID_Report
                0x080008ec       0x44 ./Core/Src/interface_HID_Report.o
                0x080008ec                Reset_HID_Report
 .text.Check_HID_KeyboardReport
                0x08000930       0x74 ./Core/Src/interface_HID_Report.o
                0x08000930                Check_HID_KeyboardReport
 .text.Check_HID_MediaReport
                0x080009a4       0x28 ./Core/Src/interface_HID_Report.o
                0x080009a4                Check_HID_MediaReport
 .text.Make_HID_Report
                0x080009cc      0x138 ./Core/Src/interface_HID_Report.o
                0x080009cc                Make_HID_Report
 .text.Send_HID_KeyboardReport
                0x08000b04       0x20 ./Core/Src/interface_HID_Report.o
                0x08000b04                Send_HID_KeyboardReport
 .text.Send_HID_MediaReport
                0x08000b24       0x20 ./Core/Src/interface_HID_Report.o
                0x08000b24                Send_HID_MediaReport
 .text.hsl_to_rgb
                0x08000b44      0x26c ./Core/Src/interface_RGB.o
                0x08000b44                hsl_to_rgb
 .text.effet_Rainbow
                0x08000db0       0xb8 ./Core/Src/interface_RGB.o
                0x08000db0                effet_Rainbow
 .text.effet_Breathing
                0x08000e68       0xa8 ./Core/Src/interface_RGB.o
                0x08000e68                effet_Breathing
 .text.effet_Rainbow_Breathing
                0x08000f10       0xf8 ./Core/Src/interface_RGB.o
                0x08000f10                effet_Rainbow_Breathing
 .text.effet_Key_Responsive
                0x08001008      0x100 ./Core/Src/interface_RGB.o
                0x08001008                effet_Key_Responsive
 .text.effet_StaticColor
                0x08001108       0x52 ./Core/Src/interface_RGB.o
                0x08001108                effet_StaticColor
 .text.Main_Init
                0x0800115a       0x22 ./Core/Src/main.o
                0x0800115a                Main_Init
 .text.doNothing
                0x0800117c        0xa ./Core/Src/main.o
                0x0800117c                doNothing
 .text.main     0x08001186       0x2c ./Core/Src/main.o
                0x08001186                main
 .text.SystemClock_Config
                0x080011b2       0xa8 ./Core/Src/main.o
                0x080011b2                SystemClock_Config
 *fill*         0x0800125a        0x2 
 .text.MX_TIM2_Init
                0x0800125c       0xfc ./Core/Src/main.o
 .text.MX_TIM14_Init
                0x08001358       0x4c ./Core/Src/main.o
 .text.MX_DMA_Init
                0x080013a4       0x3c ./Core/Src/main.o
 .text.MX_GPIO_Init
                0x080013e0      0x104 ./Core/Src/main.o
 .text.Error_Handler
                0x080014e4        0xc ./Core/Src/main.o
                0x080014e4                Error_Handler
 .text.Read_Col
                0x080014f0       0x38 ./Core/Src/pilote_COL.o
                0x080014f0                Read_Col
 .text.Set_Row  0x08001528       0x30 ./Core/Src/pilote_ROW.o
                0x08001528                Set_Row
 .text.Reset_Row
                0x08001558       0x30 ./Core/Src/pilote_ROW.o
                0x08001558                Reset_Row
 .text.Set_All_Rows
                0x08001588       0x2c ./Core/Src/pilote_ROW.o
                0x08001588                Set_All_Rows
 .text.scale8   0x080015b4       0x28 ./Core/Src/pilote_SK6803.o
 .text.led_set_RGB
                0x080015dc       0x84 ./Core/Src/pilote_SK6803.o
                0x080015dc                led_set_RGB
 .text.led_set_all_RGB
                0x08001660       0x50 ./Core/Src/pilote_SK6803.o
                0x08001660                led_set_all_RGB
 .text.led_render
                0x080016b0      0x15c ./Core/Src/pilote_SK6803.o
                0x080016b0                led_render
 .text.HAL_TIM_PWM_PulseFinishedHalfCpltCallback
                0x0800180c      0x108 ./Core/Src/pilote_SK6803.o
                0x0800180c                HAL_TIM_PWM_PulseFinishedHalfCpltCallback
 .text.HAL_TIM_PWM_PulseFinishedCallback
                0x08001914      0x11c ./Core/Src/pilote_SK6803.o
                0x08001914                HAL_TIM_PWM_PulseFinishedCallback
 .text.HAL_TIM_PeriodElapsedCallback
                0x08001a30       0x28 ./Core/Src/pilote_Timer14_1ms.o
                0x08001a30                HAL_TIM_PeriodElapsedCallback
 .text.piloteTimer14_permetLesInterruptions
                0x08001a58       0x18 ./Core/Src/pilote_Timer14_1ms.o
                0x08001a58                piloteTimer14_permetLesInterruptions
 .text.piloteTimer14_initialise
                0x08001a70       0x18 ./Core/Src/pilote_Timer14_1ms.o
                0x08001a70                piloteTimer14_initialise
 .text.HAL_MspInit
                0x08001a88       0x48 ./Core/Src/stm32f0xx_hal_msp.o
                0x08001a88                HAL_MspInit
 .text.HAL_TIM_Base_MspInit
                0x08001ad0       0xcc ./Core/Src/stm32f0xx_hal_msp.o
                0x08001ad0                HAL_TIM_Base_MspInit
 .text.HAL_TIM_MspPostInit
                0x08001b9c       0x7c ./Core/Src/stm32f0xx_hal_msp.o
                0x08001b9c                HAL_TIM_MspPostInit
 .text.NMI_Handler
                0x08001c18        0x8 ./Core/Src/stm32f0xx_it.o
                0x08001c18                NMI_Handler
 .text.HardFault_Handler
                0x08001c20        0x8 ./Core/Src/stm32f0xx_it.o
                0x08001c20                HardFault_Handler
 .text.SVC_Handler
                0x08001c28        0xa ./Core/Src/stm32f0xx_it.o
                0x08001c28                SVC_Handler
 .text.PendSV_Handler
                0x08001c32        0xa ./Core/Src/stm32f0xx_it.o
                0x08001c32                PendSV_Handler
 .text.SysTick_Handler
                0x08001c3c        0xe ./Core/Src/stm32f0xx_it.o
                0x08001c3c                SysTick_Handler
 *fill*         0x08001c4a        0x2 
 .text.DMA1_Channel4_5_6_7_IRQHandler
                0x08001c4c       0x18 ./Core/Src/stm32f0xx_it.o
                0x08001c4c                DMA1_Channel4_5_6_7_IRQHandler
 .text.TIM14_IRQHandler
                0x08001c64       0x18 ./Core/Src/stm32f0xx_it.o
                0x08001c64                TIM14_IRQHandler
 .text.USB_IRQHandler
                0x08001c7c       0x18 ./Core/Src/stm32f0xx_it.o
                0x08001c7c                USB_IRQHandler
 .text.SystemInit
                0x08001c94        0xa ./Core/Src/system_stm32f0xx.o
                0x08001c94                SystemInit
 *fill*         0x08001c9e        0x2 
 .text.Reset_Handler
                0x08001ca0       0x50 ./Core/Startup/startup_stm32f072cbtx.o
                0x08001ca0                Reset_Handler
 .text.Default_Handler
                0x08001cf0        0x2 ./Core/Startup/startup_stm32f072cbtx.o
                0x08001cf0                TIM1_BRK_UP_TRG_COM_IRQHandler
                0x08001cf0                TSC_IRQHandler
                0x08001cf0                ADC1_COMP_IRQHandler
                0x08001cf0                I2C1_IRQHandler
                0x08001cf0                RCC_CRS_IRQHandler
                0x08001cf0                SPI1_IRQHandler
                0x08001cf0                TIM6_DAC_IRQHandler
                0x08001cf0                USART3_4_IRQHandler
                0x08001cf0                EXTI2_3_IRQHandler
                0x08001cf0                I2C2_IRQHandler
                0x08001cf0                TIM17_IRQHandler
                0x08001cf0                CEC_CAN_IRQHandler
                0x08001cf0                RTC_IRQHandler
                0x08001cf0                PVD_VDDIO2_IRQHandler
                0x08001cf0                TIM16_IRQHandler
                0x08001cf0                TIM3_IRQHandler
                0x08001cf0                EXTI4_15_IRQHandler
                0x08001cf0                DMA1_Channel1_IRQHandler
                0x08001cf0                Default_Handler
                0x08001cf0                TIM7_IRQHandler
                0x08001cf0                TIM15_IRQHandler
                0x08001cf0                EXTI0_1_IRQHandler
                0x08001cf0                SPI2_IRQHandler
                0x08001cf0                WWDG_IRQHandler
                0x08001cf0                TIM2_IRQHandler
                0x08001cf0                DMA1_Channel2_3_IRQHandler
                0x08001cf0                USART2_IRQHandler
                0x08001cf0                FLASH_IRQHandler
                0x08001cf0                USART1_IRQHandler
                0x08001cf0                TIM1_CC_IRQHandler
 *fill*         0x08001cf2        0x2 
 .text.HAL_Init
                0x08001cf4       0x28 ./Drivers/STM32F0xx_HAL_Driver/Src/stm32f0xx_hal.o
                0x08001cf4                HAL_Init
 .text.HAL_InitTick
                0x08001d1c       0x68 ./Drivers/STM32F0xx_HAL_Driver/Src/stm32f0xx_hal.o
                0x08001d1c                HAL_InitTick
 .text.HAL_IncTick
                0x08001d84       0x24 ./Drivers/STM32F0xx_HAL_Driver/Src/stm32f0xx_hal.o
                0x08001d84                HAL_IncTick
 .text.HAL_GetTick
                0x08001da8       0x14 ./Drivers/STM32F0xx_HAL_Driver/Src/stm32f0xx_hal.o
                0x08001da8                HAL_GetTick
 .text.__NVIC_EnableIRQ
                0x08001dbc       0x34 ./Drivers/STM32F0xx_HAL_Driver/Src/stm32f0xx_hal_cortex.o
 .text.__NVIC_SetPriority
                0x08001df0       0xdc ./Drivers/STM32F0xx_HAL_Driver/Src/stm32f0xx_hal_cortex.o
 .text.SysTick_Config
                0x08001ecc       0x48 ./Drivers/STM32F0xx_HAL_Driver/Src/stm32f0xx_hal_cortex.o
 .text.HAL_NVIC_SetPriority
                0x08001f14       0x2a ./Drivers/STM32F0xx_HAL_Driver/Src/stm32f0xx_hal_cortex.o
                0x08001f14                HAL_NVIC_SetPriority
 .text.HAL_NVIC_EnableIRQ
                0x08001f3e       0x20 ./Drivers/STM32F0xx_HAL_Driver/Src/stm32f0xx_hal_cortex.o
                0x08001f3e                HAL_NVIC_EnableIRQ
 .text.HAL_SYSTICK_Config
                0x08001f5e       0x1a ./Drivers/STM32F0xx_HAL_Driver/Src/stm32f0xx_hal_cortex.o
                0x08001f5e                HAL_SYSTICK_Config
 .text.HAL_DMA_Init
                0x08001f78       0x90 ./Drivers/STM32F0xx_HAL_Driver/Src/stm32f0xx_hal_dma.o
                0x08001f78                HAL_DMA_Init
 .text.HAL_DMA_Start_IT
                0x08002008       0xcc ./Drivers/STM32F0xx_HAL_Driver/Src/stm32f0xx_hal_dma.o
                0x08002008                HAL_DMA_Start_IT
 .text.HAL_DMA_Abort_IT
                0x080020d4       0x8a ./Drivers/STM32F0xx_HAL_Driver/Src/stm32f0xx_hal_dma.o
                0x080020d4                HAL_DMA_Abort_IT
 .text.HAL_DMA_IRQHandler
                0x0800215e      0x144 ./Drivers/STM32F0xx_HAL_Driver/Src/stm32f0xx_hal_dma.o
                0x0800215e                HAL_DMA_IRQHandler
 .text.DMA_SetConfig
                0x080022a2       0x58 ./Drivers/STM32F0xx_HAL_Driver/Src/stm32f0xx_hal_dma.o
 *fill*         0x080022fa        0x2 
 .text.DMA_CalcBaseAndBitshift
                0x080022fc       0x38 ./Drivers/STM32F0xx_HAL_Driver/Src/stm32f0xx_hal_dma.o
 .text.HAL_GPIO_Init
                0x08002334      0x2f0 ./Drivers/STM32F0xx_HAL_Driver/Src/stm32f0xx_hal_gpio.o
                0x08002334                HAL_GPIO_Init
 .text.HAL_GPIO_ReadPin
                0x08002624       0x3a ./Drivers/STM32F0xx_HAL_Driver/Src/stm32f0xx_hal_gpio.o
                0x08002624                HAL_GPIO_ReadPin
 .text.HAL_GPIO_WritePin
                0x0800265e       0x3a ./Drivers/STM32F0xx_HAL_Driver/Src/stm32f0xx_hal_gpio.o
                0x0800265e                HAL_GPIO_WritePin
 .text.HAL_PCD_Init
                0x08002698      0x1e8 ./Drivers/STM32F0xx_HAL_Driver/Src/stm32f0xx_hal_pcd.o
                0x08002698                HAL_PCD_Init
 .text.HAL_PCD_Start
                0x08002880       0x4a ./Drivers/STM32F0xx_HAL_Driver/Src/stm32f0xx_hal_pcd.o
                0x08002880                HAL_PCD_Start
 *fill*         0x080028ca        0x2 
 .text.HAL_PCD_IRQHandler
                0x080028cc      0x288 ./Drivers/STM32F0xx_HAL_Driver/Src/stm32f0xx_hal_pcd.o
                0x080028cc                HAL_PCD_IRQHandler
 .text.HAL_PCD_SetAddress
                0x08002b54       0x54 ./Drivers/STM32F0xx_HAL_Driver/Src/stm32f0xx_hal_pcd.o
                0x08002b54                HAL_PCD_SetAddress
 .text.HAL_PCD_EP_Open
                0x08002ba8       0xde ./Drivers/STM32F0xx_HAL_Driver/Src/stm32f0xx_hal_pcd.o
                0x08002ba8                HAL_PCD_EP_Open
 .text.HAL_PCD_EP_Close
                0x08002c86       0xa2 ./Drivers/STM32F0xx_HAL_Driver/Src/stm32f0xx_hal_pcd.o
                0x08002c86                HAL_PCD_EP_Close
 .text.HAL_PCD_EP_Receive
                0x08002d28       0x6e ./Drivers/STM32F0xx_HAL_Driver/Src/stm32f0xx_hal_pcd.o
                0x08002d28                HAL_PCD_EP_Receive
 .text.HAL_PCD_EP_Transmit
                0x08002d96       0x78 ./Drivers/STM32F0xx_HAL_Driver/Src/stm32f0xx_hal_pcd.o
                0x08002d96                HAL_PCD_EP_Transmit
 .text.HAL_PCD_EP_SetStall
                0x08002e0e       0xb8 ./Drivers/STM32F0xx_HAL_Driver/Src/stm32f0xx_hal_pcd.o
                0x08002e0e                HAL_PCD_EP_SetStall
 .text.HAL_PCD_EP_ClrStall
                0x08002ec6       0xbc ./Drivers/STM32F0xx_HAL_Driver/Src/stm32f0xx_hal_pcd.o
                0x08002ec6                HAL_PCD_EP_ClrStall
 *fill*         0x08002f82        0x2 
 .text.PCD_EP_ISR_Handler
                0x08002f84      0x808 ./Drivers/STM32F0xx_HAL_Driver/Src/stm32f0xx_hal_pcd.o
 .text.HAL_PCD_EP_DB_Receive
                0x0800378c      0x238 ./Drivers/STM32F0xx_HAL_Driver/Src/stm32f0xx_hal_pcd.o
 .text.HAL_PCD_EP_DB_Transmit
                0x080039c4      0x820 ./Drivers/STM32F0xx_HAL_Driver/Src/stm32f0xx_hal_pcd.o
 .text.HAL_PCDEx_PMAConfig
                0x080041e4       0x9c ./Drivers/STM32F0xx_HAL_Driver/Src/stm32f0xx_hal_pcd_ex.o
                0x080041e4                HAL_PCDEx_PMAConfig
 .text.HAL_PCDEx_ActivateLPM
                0x08004280       0x54 ./Drivers/STM32F0xx_HAL_Driver/Src/stm32f0xx_hal_pcd_ex.o
                0x08004280                HAL_PCDEx_ActivateLPM
 .text.HAL_PCDEx_LPM_Callback
                0x080042d4       0x16 ./Drivers/STM32F0xx_HAL_Driver/Src/stm32f0xx_hal_pcd_ex.o
                0x080042d4                HAL_PCDEx_LPM_Callback
 *fill*         0x080042ea        0x2 
 .text.HAL_RCC_OscConfig
                0x080042ec      0x70c ./Drivers/STM32F0xx_HAL_Driver/Src/stm32f0xx_hal_rcc.o
                0x080042ec                HAL_RCC_OscConfig
 .text.HAL_RCC_ClockConfig
                0x080049f8      0x1b4 ./Drivers/STM32F0xx_HAL_Driver/Src/stm32f0xx_hal_rcc.o
                0x080049f8                HAL_RCC_ClockConfig
 .text.HAL_RCC_GetSysClockFreq
                0x08004bac       0xe4 ./Drivers/STM32F0xx_HAL_Driver/Src/stm32f0xx_hal_rcc.o
                0x08004bac                HAL_RCC_GetSysClockFreq
 .text.HAL_RCCEx_PeriphCLKConfig
                0x08004c90      0x1fc ./Drivers/STM32F0xx_HAL_Driver/Src/stm32f0xx_hal_rcc_ex.o
                0x08004c90                HAL_RCCEx_PeriphCLKConfig
 .text.HAL_TIM_Base_Init
                0x08004e8c       0xa0 ./Drivers/STM32F0xx_HAL_Driver/Src/stm32f0xx_hal_tim.o
                0x08004e8c                HAL_TIM_Base_Init
 .text.HAL_TIM_Base_Start_IT
                0x08004f2c       0xa4 ./Drivers/STM32F0xx_HAL_Driver/Src/stm32f0xx_hal_tim.o
                0x08004f2c                HAL_TIM_Base_Start_IT
 .text.HAL_TIM_PWM_Init
                0x08004fd0       0xa0 ./Drivers/STM32F0xx_HAL_Driver/Src/stm32f0xx_hal_tim.o
                0x08004fd0                HAL_TIM_PWM_Init
 .text.HAL_TIM_PWM_MspInit
                0x08005070       0x10 ./Drivers/STM32F0xx_HAL_Driver/Src/stm32f0xx_hal_tim.o
                0x08005070                HAL_TIM_PWM_MspInit
 .text.HAL_TIM_PWM_Start_DMA
                0x08005080      0x36c ./Drivers/STM32F0xx_HAL_Driver/Src/stm32f0xx_hal_tim.o
                0x08005080                HAL_TIM_PWM_Start_DMA
 .text.HAL_TIM_PWM_Stop_DMA
                0x080053ec      0x1c0 ./Drivers/STM32F0xx_HAL_Driver/Src/stm32f0xx_hal_tim.o
                0x080053ec                HAL_TIM_PWM_Stop_DMA
 .text.HAL_TIM_IRQHandler
                0x080055ac      0x1dc ./Drivers/STM32F0xx_HAL_Driver/Src/stm32f0xx_hal_tim.o
                0x080055ac                HAL_TIM_IRQHandler
 .text.HAL_TIM_PWM_ConfigChannel
                0x08005788      0x18c ./Drivers/STM32F0xx_HAL_Driver/Src/stm32f0xx_hal_tim.o
                0x08005788                HAL_TIM_PWM_ConfigChannel
 .text.HAL_TIM_ConfigClockSource
                0x08005914      0x1a8 ./Drivers/STM32F0xx_HAL_Driver/Src/stm32f0xx_hal_tim.o
                0x08005914                HAL_TIM_ConfigClockSource
 .text.HAL_TIM_OC_DelayElapsedCallback
                0x08005abc       0x10 ./Drivers/STM32F0xx_HAL_Driver/Src/stm32f0xx_hal_tim.o
                0x08005abc                HAL_TIM_OC_DelayElapsedCallback
 .text.HAL_TIM_IC_CaptureCallback
                0x08005acc       0x10 ./Drivers/STM32F0xx_HAL_Driver/Src/stm32f0xx_hal_tim.o
                0x08005acc                HAL_TIM_IC_CaptureCallback
 .text.HAL_TIM_TriggerCallback
                0x08005adc       0x10 ./Drivers/STM32F0xx_HAL_Driver/Src/stm32f0xx_hal_tim.o
                0x08005adc                HAL_TIM_TriggerCallback
 .text.HAL_TIM_ErrorCallback
                0x08005aec       0x10 ./Drivers/STM32F0xx_HAL_Driver/Src/stm32f0xx_hal_tim.o
                0x08005aec                HAL_TIM_ErrorCallback
 .text.TIM_DMAError
                0x08005afc       0x94 ./Drivers/STM32F0xx_HAL_Driver/Src/stm32f0xx_hal_tim.o
                0x08005afc                TIM_DMAError
 .text.TIM_DMADelayPulseCplt
                0x08005b90       0xaa ./Drivers/STM32F0xx_HAL_Driver/Src/stm32f0xx_hal_tim.o
 .text.TIM_DMADelayPulseHalfCplt
                0x08005c3a       0x6a ./Drivers/STM32F0xx_HAL_Driver/Src/stm32f0xx_hal_tim.o
                0x08005c3a                TIM_DMADelayPulseHalfCplt
 .text.TIM_Base_SetConfig
                0x08005ca4      0x11c ./Drivers/STM32F0xx_HAL_Driver/Src/stm32f0xx_hal_tim.o
                0x08005ca4                TIM_Base_SetConfig
 .text.TIM_OC1_SetConfig
                0x08005dc0      0x110 ./Drivers/STM32F0xx_HAL_Driver/Src/stm32f0xx_hal_tim.o
 .text.TIM_OC2_SetConfig
                0x08005ed0      0x108 ./Drivers/STM32F0xx_HAL_Driver/Src/stm32f0xx_hal_tim.o
                0x08005ed0                TIM_OC2_SetConfig
 .text.TIM_OC3_SetConfig
                0x08005fd8      0x10c ./Drivers/STM32F0xx_HAL_Driver/Src/stm32f0xx_hal_tim.o
 .text.TIM_OC4_SetConfig
                0x080060e4       0xd4 ./Drivers/STM32F0xx_HAL_Driver/Src/stm32f0xx_hal_tim.o
 .text.TIM_TI1_ConfigInputStage
                0x080061b8       0x5c ./Drivers/STM32F0xx_HAL_Driver/Src/stm32f0xx_hal_tim.o
 .text.TIM_TI2_ConfigInputStage
                0x08006214       0x64 ./Drivers/STM32F0xx_HAL_Driver/Src/stm32f0xx_hal_tim.o
 .text.TIM_ITRx_SetConfig
                0x08006278       0x32 ./Drivers/STM32F0xx_HAL_Driver/Src/stm32f0xx_hal_tim.o
 *fill*         0x080062aa        0x2 
 .text.TIM_ETR_SetConfig
                0x080062ac       0x40 ./Drivers/STM32F0xx_HAL_Driver/Src/stm32f0xx_hal_tim.o
                0x080062ac                TIM_ETR_SetConfig
 .text.TIM_CCxChannelCmd
                0x080062ec       0x46 ./Drivers/STM32F0xx_HAL_Driver/Src/stm32f0xx_hal_tim.o
                0x080062ec                TIM_CCxChannelCmd
 *fill*         0x08006332        0x2 
 .text.HAL_TIMEx_MasterConfigSynchronization
                0x08006334       0xbc ./Drivers/STM32F0xx_HAL_Driver/Src/stm32f0xx_hal_tim_ex.o
                0x08006334                HAL_TIMEx_MasterConfigSynchronization
 .text.HAL_TIMEx_CommutCallback
                0x080063f0       0x10 ./Drivers/STM32F0xx_HAL_Driver/Src/stm32f0xx_hal_tim_ex.o
                0x080063f0                HAL_TIMEx_CommutCallback
 .text.HAL_TIMEx_BreakCallback
                0x08006400       0x10 ./Drivers/STM32F0xx_HAL_Driver/Src/stm32f0xx_hal_tim_ex.o
                0x08006400                HAL_TIMEx_BreakCallback
 .text.USB_EnableGlobalInt
                0x08006410       0x2c ./Drivers/STM32F0xx_HAL_Driver/Src/stm32f0xx_ll_usb.o
                0x08006410                USB_EnableGlobalInt
 .text.USB_DisableGlobalInt
                0x0800643c       0x34 ./Drivers/STM32F0xx_HAL_Driver/Src/stm32f0xx_ll_usb.o
                0x0800643c                USB_DisableGlobalInt
 .text.USB_DevInit
                0x08006470       0x38 ./Drivers/STM32F0xx_HAL_Driver/Src/stm32f0xx_ll_usb.o
                0x08006470                USB_DevInit
 .text.USB_ActivateEndpoint
                0x080064a8      0x750 ./Drivers/STM32F0xx_HAL_Driver/Src/stm32f0xx_ll_usb.o
                0x080064a8                USB_ActivateEndpoint
 .text.USB_DeactivateEndpoint
                0x08006bf8      0x380 ./Drivers/STM32F0xx_HAL_Driver/Src/stm32f0xx_ll_usb.o
                0x08006bf8                USB_DeactivateEndpoint
 .text.USB_EPStartXfer
                0x08006f78     0x1260 ./Drivers/STM32F0xx_HAL_Driver/Src/stm32f0xx_ll_usb.o
                0x08006f78                USB_EPStartXfer
 .text.USB_EPSetStall
                0x080081d8       0xa0 ./Drivers/STM32F0xx_HAL_Driver/Src/stm32f0xx_ll_usb.o
                0x080081d8                USB_EPSetStall
 .text.USB_EPClearStall
                0x08008278      0x164 ./Drivers/STM32F0xx_HAL_Driver/Src/stm32f0xx_ll_usb.o
                0x08008278                USB_EPClearStall
 .text.USB_SetDevAddress
                0x080083dc       0x28 ./Drivers/STM32F0xx_HAL_Driver/Src/stm32f0xx_ll_usb.o
                0x080083dc                USB_SetDevAddress
 .text.USB_DevConnect
                0x08008404       0x2c ./Drivers/STM32F0xx_HAL_Driver/Src/stm32f0xx_ll_usb.o
                0x08008404                USB_DevConnect
 .text.USB_ReadInterrupts
                0x08008430       0x1c ./Drivers/STM32F0xx_HAL_Driver/Src/stm32f0xx_ll_usb.o
                0x08008430                USB_ReadInterrupts
 .text.USB_WritePMA
                0x0800844c       0x94 ./Drivers/STM32F0xx_HAL_Driver/Src/stm32f0xx_ll_usb.o
                0x0800844c                USB_WritePMA
 .text.USB_ReadPMA
                0x080084e0       0x9e ./Drivers/STM32F0xx_HAL_Driver/Src/stm32f0xx_ll_usb.o
                0x080084e0                USB_ReadPMA
 .text.USBD_HID_Init
                0x0800857e       0x56 ./Middlewares/ST/STM32_USB_Device_Library/Class/HID/Src/usbd_hid.o
 .text.USBD_HID_DeInit
                0x080085d4       0x4c ./Middlewares/ST/STM32_USB_Device_Library/Class/HID/Src/usbd_hid.o
 .text.USBD_HID_Setup
                0x08008620      0x21c ./Middlewares/ST/STM32_USB_Device_Library/Class/HID/Src/usbd_hid.o
 .text.USBD_HID_SendReport
                0x0800883c       0x4a ./Middlewares/ST/STM32_USB_Device_Library/Class/HID/Src/usbd_hid.o
                0x0800883c                USBD_HID_SendReport
 *fill*         0x08008886        0x2 
 .text.USBD_HID_GetFSCfgDesc
                0x08008888       0x1c ./Middlewares/ST/STM32_USB_Device_Library/Class/HID/Src/usbd_hid.o
 .text.USBD_HID_GetHSCfgDesc
                0x080088a4       0x1c ./Middlewares/ST/STM32_USB_Device_Library/Class/HID/Src/usbd_hid.o
 .text.USBD_HID_GetOtherSpeedCfgDesc
                0x080088c0       0x1c ./Middlewares/ST/STM32_USB_Device_Library/Class/HID/Src/usbd_hid.o
 .text.USBD_HID_DataIn
                0x080088dc       0x24 ./Middlewares/ST/STM32_USB_Device_Library/Class/HID/Src/usbd_hid.o
 .text.USBD_HID_GetDeviceQualifierDesc
                0x08008900       0x1c ./Middlewares/ST/STM32_USB_Device_Library/Class/HID/Src/usbd_hid.o
 .text.USBD_Init
                0x0800891c       0x62 ./Middlewares/ST/STM32_USB_Device_Library/Core/Src/usbd_core.o
                0x0800891c                USBD_Init
 .text.USBD_RegisterClass
                0x0800897e       0x40 ./Middlewares/ST/STM32_USB_Device_Library/Core/Src/usbd_core.o
                0x0800897e                USBD_RegisterClass
 .text.USBD_Start
                0x080089be       0x1a ./Middlewares/ST/STM32_USB_Device_Library/Core/Src/usbd_core.o
                0x080089be                USBD_Start
 .text.USBD_RunTestMode
                0x080089d8       0x12 ./Middlewares/ST/STM32_USB_Device_Library/Core/Src/usbd_core.o
                0x080089d8                USBD_RunTestMode
 .text.USBD_SetClassConfig
                0x080089ea       0x4e ./Middlewares/ST/STM32_USB_Device_Library/Core/Src/usbd_core.o
                0x080089ea                USBD_SetClassConfig
 .text.USBD_ClrClassConfig
                0x08008a38       0x2c ./Middlewares/ST/STM32_USB_Device_Library/Core/Src/usbd_core.o
                0x08008a38                USBD_ClrClassConfig
 .text.USBD_LL_SetupStage
                0x08008a64       0xbc ./Middlewares/ST/STM32_USB_Device_Library/Core/Src/usbd_core.o
                0x08008a64                USBD_LL_SetupStage
 .text.USBD_LL_DataOutStage
                0x08008b20      0x104 ./Middlewares/ST/STM32_USB_Device_Library/Core/Src/usbd_core.o
                0x08008b20                USBD_LL_DataOutStage
 .text.USBD_LL_DataInStage
                0x08008c24      0x17a ./Middlewares/ST/STM32_USB_Device_Library/Core/Src/usbd_core.o
                0x08008c24                USBD_LL_DataInStage
 .text.USBD_LL_Reset
                0x08008d9e       0x90 ./Middlewares/ST/STM32_USB_Device_Library/Core/Src/usbd_core.o
                0x08008d9e                USBD_LL_Reset
 .text.USBD_LL_SetSpeed
                0x08008e2e       0x20 ./Middlewares/ST/STM32_USB_Device_Library/Core/Src/usbd_core.o
                0x08008e2e                USBD_LL_SetSpeed
 *fill*         0x08008e4e        0x2 
 .text.USBD_LL_Suspend
                0x08008e50       0x30 ./Middlewares/ST/STM32_USB_Device_Library/Core/Src/usbd_core.o
                0x08008e50                USBD_LL_Suspend
 .text.USBD_LL_Resume
                0x08008e80       0x30 ./Middlewares/ST/STM32_USB_Device_Library/Core/Src/usbd_core.o
                0x08008e80                USBD_LL_Resume
 .text.USBD_LL_SOF
                0x08008eb0       0x3c ./Middlewares/ST/STM32_USB_Device_Library/Core/Src/usbd_core.o
                0x08008eb0                USBD_LL_SOF
 .text.USBD_StdDevReq
                0x08008eec       0xe4 ./Middlewares/ST/STM32_USB_Device_Library/Core/Src/usbd_ctlreq.o
                0x08008eec                USBD_StdDevReq
 .text.USBD_StdItfReq
                0x08008fd0       0xae ./Middlewares/ST/STM32_USB_Device_Library/Core/Src/usbd_ctlreq.o
                0x08008fd0                USBD_StdItfReq
 .text.USBD_StdEPReq
                0x0800907e      0x36c ./Middlewares/ST/STM32_USB_Device_Library/Core/Src/usbd_ctlreq.o
                0x0800907e                USBD_StdEPReq
 *fill*         0x080093ea        0x2 
 .text.USBD_GetDescriptor
                0x080093ec      0x364 ./Middlewares/ST/STM32_USB_Device_Library/Core/Src/usbd_ctlreq.o
 .text.USBD_SetAddress
                0x08009750       0xa8 ./Middlewares/ST/STM32_USB_Device_Library/Core/Src/usbd_ctlreq.o
 .text.USBD_SetConfig
                0x080097f8      0x148 ./Middlewares/ST/STM32_USB_Device_Library/Core/Src/usbd_ctlreq.o
 .text.USBD_GetConfig
                0x08009940       0x76 ./Middlewares/ST/STM32_USB_Device_Library/Core/Src/usbd_ctlreq.o
 .text.USBD_GetStatus
                0x080099b6       0x74 ./Middlewares/ST/STM32_USB_Device_Library/Core/Src/usbd_ctlreq.o
 .text.USBD_SetFeature
                0x08009a2a       0x2c ./Middlewares/ST/STM32_USB_Device_Library/Core/Src/usbd_ctlreq.o
 .text.USBD_ClrFeature
                0x08009a56       0x4c ./Middlewares/ST/STM32_USB_Device_Library/Core/Src/usbd_ctlreq.o
 .text.USBD_ParseSetupRequest
                0x08009aa2       0x70 ./Middlewares/ST/STM32_USB_Device_Library/Core/Src/usbd_ctlreq.o
                0x08009aa2                USBD_ParseSetupRequest
 .text.USBD_CtlError
                0x08009b12       0x26 ./Middlewares/ST/STM32_USB_Device_Library/Core/Src/usbd_ctlreq.o
                0x08009b12                USBD_CtlError
 .text.USBD_GetString
                0x08009b38       0x9c ./Middlewares/ST/STM32_USB_Device_Library/Core/Src/usbd_ctlreq.o
                0x08009b38                USBD_GetString
 .text.USBD_GetLen
                0x08009bd4       0x3a ./Middlewares/ST/STM32_USB_Device_Library/Core/Src/usbd_ctlreq.o
 .text.USBD_CtlSendData
                0x08009c0e       0x40 ./Middlewares/ST/STM32_USB_Device_Library/Core/Src/usbd_ioreq.o
                0x08009c0e                USBD_CtlSendData
 .text.USBD_CtlContinueSendData
                0x08009c4e       0x26 ./Middlewares/ST/STM32_USB_Device_Library/Core/Src/usbd_ioreq.o
                0x08009c4e                USBD_CtlContinueSendData
 .text.USBD_CtlContinueRx
                0x08009c74       0x26 ./Middlewares/ST/STM32_USB_Device_Library/Core/Src/usbd_ioreq.o
                0x08009c74                USBD_CtlContinueRx
 .text.USBD_CtlSendStatus
                0x08009c9a       0x28 ./Middlewares/ST/STM32_USB_Device_Library/Core/Src/usbd_ioreq.o
                0x08009c9a                USBD_CtlSendStatus
 .text.USBD_CtlReceiveStatus
                0x08009cc2       0x28 ./Middlewares/ST/STM32_USB_Device_Library/Core/Src/usbd_ioreq.o
                0x08009cc2                USBD_CtlReceiveStatus
 *fill*         0x08009cea        0x2 
 .text.MX_USB_DEVICE_Init
                0x08009cec       0x50 ./USB_DEVICE/App/usb_device.o
                0x08009cec                MX_USB_DEVICE_Init
 .text.USBD_FS_DeviceDescriptor
                0x08009d3c       0x24 ./USB_DEVICE/App/usbd_desc.o
                0x08009d3c                USBD_FS_DeviceDescriptor
 .text.USBD_FS_LangIDStrDescriptor
                0x08009d60       0x24 ./USB_DEVICE/App/usbd_desc.o
                0x08009d60                USBD_FS_LangIDStrDescriptor
 .text.USBD_FS_ProductStrDescriptor
                0x08009d84       0x44 ./USB_DEVICE/App/usbd_desc.o
                0x08009d84                USBD_FS_ProductStrDescriptor
 .text.USBD_FS_ManufacturerStrDescriptor
                0x08009dc8       0x2c ./USB_DEVICE/App/usbd_desc.o
                0x08009dc8                USBD_FS_ManufacturerStrDescriptor
 .text.USBD_FS_SerialStrDescriptor
                0x08009df4       0x28 ./USB_DEVICE/App/usbd_desc.o
                0x08009df4                USBD_FS_SerialStrDescriptor
 .text.USBD_FS_ConfigStrDescriptor
                0x08009e1c       0x44 ./USB_DEVICE/App/usbd_desc.o
                0x08009e1c                USBD_FS_ConfigStrDescriptor
 .text.USBD_FS_InterfaceStrDescriptor
                0x08009e60       0x44 ./USB_DEVICE/App/usbd_desc.o
                0x08009e60                USBD_FS_InterfaceStrDescriptor
 .text.Get_SerialNum
                0x08009ea4       0x5c ./USB_DEVICE/App/usbd_desc.o
 .text.IntToUnicode
                0x08009f00       0x96 ./USB_DEVICE/App/usbd_desc.o
 *fill*         0x08009f96        0x2 
 .text.HAL_PCD_MspInit
                0x08009f98       0x50 ./USB_DEVICE/Target/usbd_conf.o
                0x08009f98                HAL_PCD_MspInit
 .text.HAL_PCD_SetupStageCallback
                0x08009fe8       0x2a ./USB_DEVICE/Target/usbd_conf.o
                0x08009fe8                HAL_PCD_SetupStageCallback
 .text.HAL_PCD_DataOutStageCallback
                0x0800a012       0x42 ./USB_DEVICE/Target/usbd_conf.o
                0x0800a012                HAL_PCD_DataOutStageCallback
 .text.HAL_PCD_DataInStageCallback
                0x0800a054       0x3c ./USB_DEVICE/Target/usbd_conf.o
                0x0800a054                HAL_PCD_DataInStageCallback
 .text.HAL_PCD_SOFCallback
                0x0800a090       0x1e ./USB_DEVICE/Target/usbd_conf.o
                0x0800a090                HAL_PCD_SOFCallback
 .text.HAL_PCD_ResetCallback
                0x0800a0ae       0x48 ./USB_DEVICE/Target/usbd_conf.o
                0x0800a0ae                HAL_PCD_ResetCallback
 *fill*         0x0800a0f6        0x2 
 .text.HAL_PCD_SuspendCallback
                0x0800a0f8       0x38 ./USB_DEVICE/Target/usbd_conf.o
                0x0800a0f8                HAL_PCD_SuspendCallback
 .text.HAL_PCD_ResumeCallback
                0x0800a130       0x3c ./USB_DEVICE/Target/usbd_conf.o
                0x0800a130                HAL_PCD_ResumeCallback
 .text.USBD_LL_Init
                0x0800a16c       0xa0 ./USB_DEVICE/Target/usbd_conf.o
                0x0800a16c                USBD_LL_Init
 .text.USBD_LL_Start
                0x0800a20c       0x4a ./USB_DEVICE/Target/usbd_conf.o
                0x0800a20c                USBD_LL_Start
 .text.USBD_LL_OpenEP
                0x0800a256       0x6e ./USB_DEVICE/Target/usbd_conf.o
                0x0800a256                USBD_LL_OpenEP
 .text.USBD_LL_CloseEP
                0x0800a2c4       0x56 ./USB_DEVICE/Target/usbd_conf.o
                0x0800a2c4                USBD_LL_CloseEP
 .text.USBD_LL_StallEP
                0x0800a31a       0x56 ./USB_DEVICE/Target/usbd_conf.o
                0x0800a31a                USBD_LL_StallEP
 .text.USBD_LL_ClearStallEP
                0x0800a370       0x56 ./USB_DEVICE/Target/usbd_conf.o
                0x0800a370                USBD_LL_ClearStallEP
 .text.USBD_LL_IsStallEP
                0x0800a3c6       0x60 ./USB_DEVICE/Target/usbd_conf.o
                0x0800a3c6                USBD_LL_IsStallEP
 .text.USBD_LL_SetUSBAddress
                0x0800a426       0x56 ./USB_DEVICE/Target/usbd_conf.o
                0x0800a426                USBD_LL_SetUSBAddress
 .text.USBD_LL_Transmit
                0x0800a47c       0x6e ./USB_DEVICE/Target/usbd_conf.o
                0x0800a47c                USBD_LL_Transmit
 .text.USBD_LL_PrepareReceive
                0x0800a4ea       0x6e ./USB_DEVICE/Target/usbd_conf.o
                0x0800a4ea                USBD_LL_PrepareReceive
 .text.USBD_static_malloc
                0x0800a558       0x18 ./USB_DEVICE/Target/usbd_conf.o
                0x0800a558                USBD_static_malloc
 .text.USBD_static_free
                0x0800a570       0x10 ./USB_DEVICE/Target/usbd_conf.o
                0x0800a570                USBD_static_free
 .text.SystemClockConfig_Resume
                0x0800a580        0xe ./USB_DEVICE/Target/usbd_conf.o
 .text.USBD_Get_USB_Status
                0x0800a58e       0x6e ./USB_DEVICE/Target/usbd_conf.o
 .text.memset   0x0800a5fc       0x10 /Applications/STM32CubeIDE.app/Contents/Eclipse/plugins/com.st.stm32cube.ide.mcu.externaltools.gnu-tools-for-stm32.13.3.rel1.macos64_1.0.0.202411102158/tools/bin/../lib/gcc/arm-none-eabi/13.3.1/../../../../arm-none-eabi/lib/thumb/v6-m/nofp/libc_nano.a(libc_a-memset.o)
                0x0800a5fc                memset
 .text.__libc_init_array
                0x0800a60c       0x48 /Applications/STM32CubeIDE.app/Contents/Eclipse/plugins/com.st.stm32cube.ide.mcu.externaltools.gnu-tools-for-stm32.13.3.rel1.macos64_1.0.0.202411102158/tools/bin/../lib/gcc/arm-none-eabi/13.3.1/../../../../arm-none-eabi/lib/thumb/v6-m/nofp/libc_nano.a(libc_a-init.o)
                0x0800a60c                __libc_init_array
 .text.memcpy   0x0800a654       0x12 /Applications/STM32CubeIDE.app/Contents/Eclipse/plugins/com.st.stm32cube.ide.mcu.externaltools.gnu-tools-for-stm32.13.3.rel1.macos64_1.0.0.202411102158/tools/bin/../lib/gcc/arm-none-eabi/13.3.1/../../../../arm-none-eabi/lib/thumb/v6-m/nofp/libc_nano.a(libc_a-memcpy-stub.o)
                0x0800a654                memcpy
 *(.glue_7)
 .glue_7        0x0800a666        0x0 linker stubs
 *(.glue_7t)
 .glue_7t       0x0800a666        0x0 linker stubs
 *(.eh_frame)
 *fill*         0x0800a666        0x2 
 .eh_frame      0x0800a668        0x0 /Applications/STM32CubeIDE.app/Contents/Eclipse/plugins/com.st.stm32cube.ide.mcu.externaltools.gnu-tools-for-stm32.13.3.rel1.macos64_1.0.0.202411102158/tools/bin/../lib/gcc/arm-none-eabi/13.3.1/thumb/v6-m/nofp/crtbegin.o
 *(.init)
 .init          0x0800a668        0x4 /Applications/STM32CubeIDE.app/Contents/Eclipse/plugins/com.st.stm32cube.ide.mcu.externaltools.gnu-tools-for-stm32.13.3.rel1.macos64_1.0.0.202411102158/tools/bin/../lib/gcc/arm-none-eabi/13.3.1/thumb/v6-m/nofp/crti.o
                0x0800a668                _init
 .init          0x0800a66c        0x8 /Applications/STM32CubeIDE.app/Contents/Eclipse/plugins/com.st.stm32cube.ide.mcu.externaltools.gnu-tools-for-stm32.13.3.rel1.macos64_1.0.0.202411102158/tools/bin/../lib/gcc/arm-none-eabi/13.3.1/thumb/v6-m/nofp/crtn.o
 *(.fini)
 .fini          0x0800a674        0x4 /Applications/STM32CubeIDE.app/Contents/Eclipse/plugins/com.st.stm32cube.ide.mcu.externaltools.gnu-tools-for-stm32.13.3.rel1.macos64_1.0.0.202411102158/tools/bin/../lib/gcc/arm-none-eabi/13.3.1/thumb/v6-m/nofp/crti.o
                0x0800a674                _fini
 .fini          0x0800a678        0x8 /Applications/STM32CubeIDE.app/Contents/Eclipse/plugins/com.st.stm32cube.ide.mcu.externaltools.gnu-tools-for-stm32.13.3.rel1.macos64_1.0.0.202411102158/tools/bin/../lib/gcc/arm-none-eabi/13.3.1/thumb/v6-m/nofp/crtn.o
                0x0800a680                        . = ALIGN (0x4)
                0x0800a680                        _etext = .

.vfp11_veneer   0x0800a680        0x0
 .vfp11_veneer  0x0800a680        0x0 linker stubs

.v4_bx          0x0800a680        0x0
 .v4_bx         0x0800a680        0x0 linker stubs

.iplt           0x0800a680        0x0
 .iplt          0x0800a680        0x0 /Applications/STM32CubeIDE.app/Contents/Eclipse/plugins/com.st.stm32cube.ide.mcu.externaltools.gnu-tools-for-stm32.13.3.rel1.macos64_1.0.0.202411102158/tools/bin/../lib/gcc/arm-none-eabi/13.3.1/thumb/v6-m/nofp/crtbegin.o

.rodata         0x0800a680      0x158
                0x0800a680                        . = ALIGN (0x4)
 *(.rodata)
 .rodata        0x0800a680       0x36 ./USB_DEVICE/App/usbd_desc.o
 *(.rodata*)
 *fill*         0x0800a6b6        0x2 
 .rodata.Make_HID_Report
                0x0800a6b8       0x3c ./Core/Src/interface_HID_Report.o
 .rodata.led_map
                0x0800a6f4       0x40 ./Core/Src/interface_RGB.o
                0x0800a6f4                led_map
 .rodata.hsl_to_rgb
                0x0800a734       0x14 ./Core/Src/interface_RGB.o
 .rodata.AHBPrescTable
                0x0800a748       0x10 ./Core/Src/system_stm32f0xx.o
                0x0800a748                AHBPrescTable
 .rodata.aPLLMULFactorTable.1
                0x0800a758       0x10 ./Drivers/STM32F0xx_HAL_Driver/Src/stm32f0xx_hal_rcc.o
 .rodata.aPredivFactorTable.0
                0x0800a768       0x10 ./Drivers/STM32F0xx_HAL_Driver/Src/stm32f0xx_hal_rcc.o
 .rodata.USBD_StdDevReq
                0x0800a778       0x28 ./Middlewares/ST/STM32_USB_Device_Library/Core/Src/usbd_ctlreq.o
 .rodata.USBD_GetDescriptor
                0x0800a7a0       0x38 ./Middlewares/ST/STM32_USB_Device_Library/Core/Src/usbd_ctlreq.o
                0x0800a7d8                        . = ALIGN (0x4)

.ARM.extab      0x0800a7d8        0x0
                0x0800a7d8                        . = ALIGN (0x4)
 *(.ARM.extab* .gnu.linkonce.armextab.*)
                0x0800a7d8                        . = ALIGN (0x4)

.ARM            0x0800a7d8        0x0
                0x0800a7d8                        . = ALIGN (0x4)
                0x0800a7d8                        __exidx_start = .
 *(.ARM.exidx*)
                0x0800a7d8                        __exidx_end = .
                0x0800a7d8                        . = ALIGN (0x4)

.preinit_array  0x0800a7d8        0x0
                0x0800a7d8                        . = ALIGN (0x4)
                0x0800a7d8                        PROVIDE (__preinit_array_start = .)
 *(.preinit_array*)
                0x0800a7d8                        PROVIDE (__preinit_array_end = .)
                0x0800a7d8                        . = ALIGN (0x4)

.init_array     0x0800a7d8        0x4
                0x0800a7d8                        . = ALIGN (0x4)
                0x0800a7d8                        PROVIDE (__init_array_start = .)
 *(SORT_BY_NAME(.init_array.*))
 *(.init_array*)
 .init_array    0x0800a7d8        0x4 /Applications/STM32CubeIDE.app/Contents/Eclipse/plugins/com.st.stm32cube.ide.mcu.externaltools.gnu-tools-for-stm32.13.3.rel1.macos64_1.0.0.202411102158/tools/bin/../lib/gcc/arm-none-eabi/13.3.1/thumb/v6-m/nofp/crtbegin.o
                0x0800a7dc                        PROVIDE (__init_array_end = .)
                0x0800a7dc                        . = ALIGN (0x4)

.fini_array     0x0800a7dc        0x4
                0x0800a7dc                        . = ALIGN (0x4)
                [!provide]                        PROVIDE (__fini_array_start = .)
 *(SORT_BY_NAME(.fini_array.*))
 *(.fini_array*)
 .fini_array    0x0800a7dc        0x4 /Applications/STM32CubeIDE.app/Contents/Eclipse/plugins/com.st.stm32cube.ide.mcu.externaltools.gnu-tools-for-stm32.13.3.rel1.macos64_1.0.0.202411102158/tools/bin/../lib/gcc/arm-none-eabi/13.3.1/thumb/v6-m/nofp/crtbegin.o
                [!provide]                        PROVIDE (__fini_array_end = .)
                0x0800a7e0                        . = ALIGN (0x4)
                0x0800a7e0                        _sidata = LOADADDR (.data)

.rel.dyn        0x0800a7e0        0x0
 .rel.iplt      0x0800a7e0        0x0 /Applications/STM32CubeIDE.app/Contents/Eclipse/plugins/com.st.stm32cube.ide.mcu.externaltools.gnu-tools-for-stm32.13.3.rel1.macos64_1.0.0.202411102158/tools/bin/../lib/gcc/arm-none-eabi/13.3.1/thumb/v6-m/nofp/crtbegin.o

.data           0x20000000      0x3a8 load address 0x0800a7e0
                0x20000000                        . = ALIGN (0x4)
                0x20000000                        _sdata = .
 *(.data)
 *(.data*)
 .data.key_map  0x20000000      0x100 ./Core/Src/Processus_Keys.o
                0x20000000                key_map
 .data.hue_table
                0x20000100        0xc ./Core/Src/Processus_LEDS.o
                0x20000100                hue_table
 .data.brightness_table
                0x2000010c        0xc ./Core/Src/Processus_LEDS.o
                0x2000010c                brightness_table
 .data.phase_table
                0x20000118        0x5 ./Core/Src/Processus_LEDS.o
                0x20000118                phase_table
 .data.brightness_index
                0x2000011d        0x1 ./Core/Src/Processus_LEDS.o
                0x2000011d                brightness_index
 *fill*         0x2000011e        0x2 
 .data.HIDkeyboard
                0x20000120        0x9 ./Core/Src/interface_HID_Report.o
                0x20000120                HIDkeyboard
 *fill*         0x20000129        0x3 
 .data.HIDmedia
                0x2000012c        0x2 ./Core/Src/interface_HID_Report.o
                0x2000012c                HIDmedia
 *fill*         0x2000012e        0x2 
 .data.default_keycodes_map
                0x20000130       0xc0 ./Core/Src/interface_Key_Config.o
                0x20000130                default_keycodes_map
 .data.direction.5
                0x200001f0        0x1 ./Core/Src/interface_RGB.o
 .data.direction.3
                0x200001f1        0x1 ./Core/Src/interface_RGB.o
 .data.direction.0
                0x200001f2        0x1 ./Core/Src/interface_RGB.o
 *fill*         0x200001f3        0x1 
 .data.col_pin  0x200001f4       0x1c ./Core/Src/pilote_COL.o
                0x200001f4                col_pin
 .data.row_pin  0x20000210        0xa ./Core/Src/pilote_ROW.o
                0x20000210                row_pin
 *fill*         0x2000021a        0x2 
 .data.SystemCoreClock
                0x2000021c        0x4 ./Core/Src/system_stm32f0xx.o
                0x2000021c                SystemCoreClock
 .data.uwTickPrio
                0x20000220        0x4 ./Drivers/STM32F0xx_HAL_Driver/Src/stm32f0xx_hal.o
                0x20000220                uwTickPrio
 .data.uwTickFreq
                0x20000224        0x1 ./Drivers/STM32F0xx_HAL_Driver/Src/stm32f0xx_hal.o
                0x20000224                uwTickFreq
 *fill*         0x20000225        0x3 
 .data.USBD_HID
                0x20000228       0x38 ./Middlewares/ST/STM32_USB_Device_Library/Class/HID/Src/usbd_hid.o
                0x20000228                USBD_HID
 .data.USBD_HID_CfgFSDesc
                0x20000260       0x22 ./Middlewares/ST/STM32_USB_Device_Library/Class/HID/Src/usbd_hid.o
 *fill*         0x20000282        0x2 
 .data.USBD_HID_CfgHSDesc
                0x20000284       0x22 ./Middlewares/ST/STM32_USB_Device_Library/Class/HID/Src/usbd_hid.o
 *fill*         0x200002a6        0x2 
 .data.USBD_HID_OtherSpeedCfgDesc
                0x200002a8       0x22 ./Middlewares/ST/STM32_USB_Device_Library/Class/HID/Src/usbd_hid.o
 *fill*         0x200002ca        0x2 
 .data.USBD_HID_Desc
                0x200002cc        0x9 ./Middlewares/ST/STM32_USB_Device_Library/Class/HID/Src/usbd_hid.o
 *fill*         0x200002d5        0x3 
 .data.USBD_HID_DeviceQualifierDesc
                0x200002d8        0xa ./Middlewares/ST/STM32_USB_Device_Library/Class/HID/Src/usbd_hid.o
 *fill*         0x200002e2        0x2 
 .data.HID_MOUSE_ReportDesc
                0x200002e4       0x71 ./Middlewares/ST/STM32_USB_Device_Library/Class/HID/Src/usbd_hid.o
 *fill*         0x20000355        0x3 
 .data.FS_Desc  0x20000358       0x1c ./USB_DEVICE/App/usbd_desc.o
                0x20000358                FS_Desc
 .data.USBD_FS_DeviceDesc
                0x20000374       0x12 ./USB_DEVICE/App/usbd_desc.o
                0x20000374                USBD_FS_DeviceDesc
 *fill*         0x20000386        0x2 
 .data.USBD_LangIDDesc
                0x20000388        0x4 ./USB_DEVICE/App/usbd_desc.o
                0x20000388                USBD_LangIDDesc
 .data.USBD_StringSerial
                0x2000038c       0x1a ./USB_DEVICE/App/usbd_desc.o
                0x2000038c                USBD_StringSerial
 *(.RamFunc)
 *(.RamFunc*)
                0x200003a8                        . = ALIGN (0x4)
 *fill*         0x200003a6        0x2 
                0x200003a8                        _edata = .

.igot.plt       0x200003a8        0x0 load address 0x0800ab88
 .igot.plt      0x200003a8        0x0 /Applications/STM32CubeIDE.app/Contents/Eclipse/plugins/com.st.stm32cube.ide.mcu.externaltools.gnu-tools-for-stm32.13.3.rel1.macos64_1.0.0.202411102158/tools/bin/../lib/gcc/arm-none-eabi/13.3.1/thumb/v6-m/nofp/crtbegin.o
                0x200003a8                        . = ALIGN (0x4)

.bss            0x200003a8      0xb38 load address 0x0800ab88
                0x200003a8                        _sbss = .
                0x200003a8                        __bss_start__ = _sbss
 *(.bss)
 .bss           0x200003a8       0x1c /Applications/STM32CubeIDE.app/Contents/Eclipse/plugins/com.st.stm32cube.ide.mcu.externaltools.gnu-tools-for-stm32.13.3.rel1.macos64_1.0.0.202411102158/tools/bin/../lib/gcc/arm-none-eabi/13.3.1/thumb/v6-m/nofp/crtbegin.o
 *(.bss*)
 .bss.lastHIDkeyboard
                0x200003c4        0x9 ./Core/Src/Processus_Keys.o
                0x200003c4                lastHIDkeyboard
 *fill*         0x200003cd        0x3 
 .bss.lastHIDmedia
                0x200003d0        0x2 ./Core/Src/Processus_Keys.o
                0x200003d0                lastHIDmedia
 .bss.howManyKeysPressed.1
                0x200003d2        0x1 ./Core/Src/Processus_Keys.o
 *fill*         0x200003d3        0x1 
 .bss.lastActionDone.0
                0x200003d4       0x40 ./Core/Src/Processus_Keys.o
 .bss.hue_index
                0x20000414        0x1 ./Core/Src/Processus_LEDS.o
                0x20000414                hue_index
 .bss.phase_index
                0x20000415        0x1 ./Core/Src/Processus_LEDS.o
                0x20000415                phase_index
 *fill*         0x20000416        0x2 
 .bss.Processus_LEDS_execute
                0x20000418       0x14 ./Core/Src/Processus_LEDS.o
                0x20000418                Processus_LEDS_execute
 .bss.leds      0x2000042c       0x43 ./Core/Src/Processus_LEDS.o
                0x2000042c                leds
 .bss.compteur_LEDS.0
                0x2000046f        0x1 ./Core/Src/Processus_LEDS.o
 .bss.serviceBaseDeTemps_execute
                0x20000470       0x10 ./Core/Src/ServiceBaseTemps_1ms.o
                0x20000470                serviceBaseDeTemps_execute
 .bss.matriceDebouncing
                0x20000480       0x8c ./Core/Src/interfaceDebouncing.o
                0x20000480                matriceDebouncing
 .bss.matrice   0x2000050c       0x46 ./Core/Src/interfaceMatrice.o
                0x2000050c                matrice
 .bss.angle.7   0x20000552        0x1 ./Core/Src/interface_RGB.o
 .bss.current_brightness.6
                0x20000553        0x1 ./Core/Src/interface_RGB.o
 .bss.current_brightness.4
                0x20000554        0x1 ./Core/Src/interface_RGB.o
 .bss.angle.2   0x20000555        0x1 ./Core/Src/interface_RGB.o
 .bss.current_brightness.1
                0x20000556        0x1 ./Core/Src/interface_RGB.o
 *fill*         0x20000557        0x1 
 .bss.htim2     0x20000558       0x48 ./Core/Src/main.o
                0x20000558                htim2
 .bss.htim14    0x200005a0       0x48 ./Core/Src/main.o
                0x200005a0                htim14
 .bss.hdma_tim2_ch1
                0x200005e8       0x44 ./Core/Src/main.o
                0x200005e8                hdma_tim2_ch1
 .bss.rgb_arr   0x2000062c       0xc0 ./Core/Src/pilote_SK6803.o
                0x2000062c                rgb_arr
 .bss.wr_buf    0x200006ec       0x30 ./Core/Src/pilote_SK6803.o
                0x200006ec                wr_buf
 .bss.wr_buf_p  0x2000071c        0x4 ./Core/Src/pilote_SK6803.o
                0x2000071c                wr_buf_p
 .bss.piloteTimer14_execute
                0x20000720        0x4 ./Core/Src/pilote_Timer14_1ms.o
                0x20000720                piloteTimer14_execute
 .bss.uwTick    0x20000724        0x4 ./Drivers/STM32F0xx_HAL_Driver/Src/stm32f0xx_hal.o
                0x20000724                uwTick
 .bss.cfgidx.0  0x20000728        0x1 ./Middlewares/ST/STM32_USB_Device_Library/Core/Src/usbd_ctlreq.o
 *fill*         0x20000729        0x3 
 .bss.hUsbDeviceFS
                0x2000072c      0x2c4 ./USB_DEVICE/App/usb_device.o
                0x2000072c                hUsbDeviceFS
 .bss.USBD_StrDesc
                0x200009f0      0x200 ./USB_DEVICE/App/usbd_desc.o
                0x200009f0                USBD_StrDesc
 .bss.hpcd_USB_FS
                0x20000bf0      0x2dc ./USB_DEVICE/Target/usbd_conf.o
                0x20000bf0                hpcd_USB_FS
 .bss.mem.0     0x20000ecc       0x14 ./USB_DEVICE/Target/usbd_conf.o
 *(COMMON)
                0x20000ee0                        . = ALIGN (0x4)
                0x20000ee0                        _ebss = .
                0x20000ee0                        __bss_end__ = _ebss

._user_heap_stack
                0x20000ee0      0x600 load address 0x0800ab88
                0x20000ee0                        . = ALIGN (0x8)
                [!provide]                        PROVIDE (end = .)
                0x20000ee0                        PROVIDE (_end = .)
                0x200010e0                        . = (. + _Min_Heap_Size)
 *fill*         0x20000ee0      0x200 
                0x200014e0                        . = (. + _Min_Stack_Size)
 *fill*         0x200010e0      0x400 
                0x200014e0                        . = ALIGN (0x8)

/DISCARD/
 libc.a(*)
 libm.a(*)
 libgcc.a(*)

.ARM.attributes
                0x00000000       0x28
 *(.ARM.attributes)
 .ARM.attributes
                0x00000000       0x1e /Applications/STM32CubeIDE.app/Contents/Eclipse/plugins/com.st.stm32cube.ide.mcu.externaltools.gnu-tools-for-stm32.13.3.rel1.macos64_1.0.0.202411102158/tools/bin/../lib/gcc/arm-none-eabi/13.3.1/thumb/v6-m/nofp/crti.o
 .ARM.attributes
                0x0000001e       0x2c /Applications/STM32CubeIDE.app/Contents/Eclipse/plugins/com.st.stm32cube.ide.mcu.externaltools.gnu-tools-for-stm32.13.3.rel1.macos64_1.0.0.202411102158/tools/bin/../lib/gcc/arm-none-eabi/13.3.1/thumb/v6-m/nofp/crtbegin.o
 .ARM.attributes
                0x0000004a       0x2c ./Core/Src/Processus_Keys.o
 .ARM.attributes
                0x00000076       0x2c ./Core/Src/Processus_LEDS.o
 .ARM.attributes
                0x000000a2       0x2c ./Core/Src/ServiceBaseTemps_1ms.o
 .ARM.attributes
                0x000000ce       0x2c ./Core/Src/interfaceDebouncing.o
 .ARM.attributes
                0x000000fa       0x2c ./Core/Src/interfaceMatrice.o
 .ARM.attributes
                0x00000126       0x2c ./Core/Src/interface_HID_Report.o
 .ARM.attributes
                0x00000152       0x2c ./Core/Src/interface_Key_Config.o
 .ARM.attributes
                0x0000017e       0x2c ./Core/Src/interface_RGB.o
 .ARM.attributes
                0x000001aa       0x2c ./Core/Src/main.o
 .ARM.attributes
                0x000001d6       0x2c ./Core/Src/pilote_COL.o
 .ARM.attributes
                0x00000202       0x2c ./Core/Src/pilote_ROW.o
 .ARM.attributes
                0x0000022e       0x2c ./Core/Src/pilote_SK6803.o
 .ARM.attributes
                0x0000025a       0x2c ./Core/Src/pilote_Timer14_1ms.o
 .ARM.attributes
                0x00000286       0x2c ./Core/Src/stm32f0xx_hal_msp.o
 .ARM.attributes
                0x000002b2       0x2c ./Core/Src/stm32f0xx_it.o
 .ARM.attributes
                0x000002de       0x2c ./Core/Src/system_stm32f0xx.o
 .ARM.attributes
                0x0000030a       0x21 ./Core/Startup/startup_stm32f072cbtx.o
 .ARM.attributes
                0x0000032b       0x2c ./Drivers/STM32F0xx_HAL_Driver/Src/stm32f0xx_hal.o
 .ARM.attributes
                0x00000357       0x2c ./Drivers/STM32F0xx_HAL_Driver/Src/stm32f0xx_hal_cortex.o
 .ARM.attributes
                0x00000383       0x2c ./Drivers/STM32F0xx_HAL_Driver/Src/stm32f0xx_hal_dma.o
 .ARM.attributes
                0x000003af       0x2c ./Drivers/STM32F0xx_HAL_Driver/Src/stm32f0xx_hal_gpio.o
 .ARM.attributes
                0x000003db       0x2c ./Drivers/STM32F0xx_HAL_Driver/Src/stm32f0xx_hal_pcd.o
 .ARM.attributes
                0x00000407       0x2c ./Drivers/STM32F0xx_HAL_Driver/Src/stm32f0xx_hal_pcd_ex.o
 .ARM.attributes
                0x00000433       0x2c ./Drivers/STM32F0xx_HAL_Driver/Src/stm32f0xx_hal_rcc.o
 .ARM.attributes
                0x0000045f       0x2c ./Drivers/STM32F0xx_HAL_Driver/Src/stm32f0xx_hal_rcc_ex.o
 .ARM.attributes
                0x0000048b       0x2c ./Drivers/STM32F0xx_HAL_Driver/Src/stm32f0xx_hal_tim.o
 .ARM.attributes
                0x000004b7       0x2c ./Drivers/STM32F0xx_HAL_Driver/Src/stm32f0xx_hal_tim_ex.o
 .ARM.attributes
                0x000004e3       0x2c ./Drivers/STM32F0xx_HAL_Driver/Src/stm32f0xx_ll_usb.o
 .ARM.attributes
                0x0000050f       0x2c ./Middlewares/ST/STM32_USB_Device_Library/Class/HID/Src/usbd_hid.o
 .ARM.attributes
                0x0000053b       0x2c ./Middlewares/ST/STM32_USB_Device_Library/Core/Src/usbd_core.o
 .ARM.attributes
                0x00000567       0x2c ./Middlewares/ST/STM32_USB_Device_Library/Core/Src/usbd_ctlreq.o
 .ARM.attributes
                0x00000593       0x2c ./Middlewares/ST/STM32_USB_Device_Library/Core/Src/usbd_ioreq.o
 .ARM.attributes
                0x000005bf       0x2c ./USB_DEVICE/App/usb_device.o
 .ARM.attributes
                0x000005eb       0x2c ./USB_DEVICE/App/usbd_desc.o
 .ARM.attributes
                0x00000617       0x2c ./USB_DEVICE/Target/usbd_conf.o
 .ARM.attributes
                0x00000643       0x2c /Applications/STM32CubeIDE.app/Contents/Eclipse/plugins/com.st.stm32cube.ide.mcu.externaltools.gnu-tools-for-stm32.13.3.rel1.macos64_1.0.0.202411102158/tools/bin/../lib/gcc/arm-none-eabi/13.3.1/../../../../arm-none-eabi/lib/thumb/v6-m/nofp/libc_nano.a(libc_a-memset.o)
 .ARM.attributes
                0x0000066f       0x2c /Applications/STM32CubeIDE.app/Contents/Eclipse/plugins/com.st.stm32cube.ide.mcu.externaltools.gnu-tools-for-stm32.13.3.rel1.macos64_1.0.0.202411102158/tools/bin/../lib/gcc/arm-none-eabi/13.3.1/../../../../arm-none-eabi/lib/thumb/v6-m/nofp/libc_nano.a(libc_a-init.o)
 .ARM.attributes
                0x0000069b       0x2c /Applications/STM32CubeIDE.app/Contents/Eclipse/plugins/com.st.stm32cube.ide.mcu.externaltools.gnu-tools-for-stm32.13.3.rel1.macos64_1.0.0.202411102158/tools/bin/../lib/gcc/arm-none-eabi/13.3.1/../../../../arm-none-eabi/lib/thumb/v6-m/nofp/libc_nano.a(libc_a-memcpy-stub.o)
 .ARM.attributes
                0x000006c7       0x1e /Applications/STM32CubeIDE.app/Contents/Eclipse/plugins/com.st.stm32cube.ide.mcu.externaltools.gnu-tools-for-stm32.13.3.rel1.macos64_1.0.0.202411102158/tools/bin/../lib/gcc/arm-none-eabi/13.3.1/thumb/v6-m/nofp/libgcc.a(_udivsi3.o)
 .ARM.attributes
                0x000006e5       0x1e /Applications/STM32CubeIDE.app/Contents/Eclipse/plugins/com.st.stm32cube.ide.mcu.externaltools.gnu-tools-for-stm32.13.3.rel1.macos64_1.0.0.202411102158/tools/bin/../lib/gcc/arm-none-eabi/13.3.1/thumb/v6-m/nofp/libgcc.a(_dvmd_tls.o)
 .ARM.attributes
                0x00000703       0x1e /Applications/STM32CubeIDE.app/Contents/Eclipse/plugins/com.st.stm32cube.ide.mcu.externaltools.gnu-tools-for-stm32.13.3.rel1.macos64_1.0.0.202411102158/tools/bin/../lib/gcc/arm-none-eabi/13.3.1/thumb/v6-m/nofp/crtn.o
OUTPUT(KeyBored_alpha.elf elf32-littlearm)
LOAD linker stubs
LOAD /Applications/STM32CubeIDE.app/Contents/Eclipse/plugins/com.st.stm32cube.ide.mcu.externaltools.gnu-tools-for-stm32.13.3.rel1.macos64_1.0.0.202411102158/tools/bin/../lib/gcc/arm-none-eabi/13.3.1/../../../../arm-none-eabi/lib/thumb/v6-m/nofp/libc.a
LOAD /Applications/STM32CubeIDE.app/Contents/Eclipse/plugins/com.st.stm32cube.ide.mcu.externaltools.gnu-tools-for-stm32.13.3.rel1.macos64_1.0.0.202411102158/tools/bin/../lib/gcc/arm-none-eabi/13.3.1/../../../../arm-none-eabi/lib/thumb/v6-m/nofp/libm.a
LOAD /Applications/STM32CubeIDE.app/Contents/Eclipse/plugins/com.st.stm32cube.ide.mcu.externaltools.gnu-tools-for-stm32.13.3.rel1.macos64_1.0.0.202411102158/tools/bin/../lib/gcc/arm-none-eabi/13.3.1/thumb/v6-m/nofp/libgcc.a

.debug_info     0x00000000    0x131aa
 .debug_info    0x00000000      0x3b0 ./Core/Src/Processus_Keys.o
 .debug_info    0x000003b0      0x2c5 ./Core/Src/Processus_LEDS.o
 .debug_info    0x00000675       0xfb ./Core/Src/ServiceBaseTemps_1ms.o
 .debug_info    0x00000770      0x1f1 ./Core/Src/interfaceDebouncing.o
 .debug_info    0x00000961      0x17b ./Core/Src/interfaceMatrice.o
 .debug_info    0x00000adc      0x6a1 ./Core/Src/interface_HID_Report.o
 .debug_info    0x0000117d       0xd8 ./Core/Src/interface_Key_Config.o
 .debug_info    0x00001255      0x4f0 ./Core/Src/interface_RGB.o
 .debug_info    0x00001745      0xf51 ./Core/Src/main.o
 .debug_info    0x00002696      0x1ee ./Core/Src/pilote_COL.o
 .debug_info    0x00002884      0x22e ./Core/Src/pilote_ROW.o
 .debug_info    0x00002ab2      0x8a2 ./Core/Src/pilote_SK6803.o
 .debug_info    0x00003354      0x699 ./Core/Src/pilote_Timer14_1ms.o
 .debug_info    0x000039ed      0xaa5 ./Core/Src/stm32f0xx_hal_msp.o
 .debug_info    0x00004492      0xb95 ./Core/Src/stm32f0xx_it.o
 .debug_info    0x00005027      0x242 ./Core/Src/system_stm32f0xx.o
 .debug_info    0x00005269       0x30 ./Core/Startup/startup_stm32f072cbtx.o
 .debug_info    0x00005299      0x6c9 ./Drivers/STM32F0xx_HAL_Driver/Src/stm32f0xx_hal.o
 .debug_info    0x00005962      0x6c5 ./Drivers/STM32F0xx_HAL_Driver/Src/stm32f0xx_hal_cortex.o
 .debug_info    0x00006027      0x6ea ./Drivers/STM32F0xx_HAL_Driver/Src/stm32f0xx_hal_dma.o
 .debug_info    0x00006711      0x5a6 ./Drivers/STM32F0xx_HAL_Driver/Src/stm32f0xx_hal_gpio.o
 .debug_info    0x00006cb7     0x161d ./Drivers/STM32F0xx_HAL_Driver/Src/stm32f0xx_hal_pcd.o
 .debug_info    0x000082d4      0x80a ./Drivers/STM32F0xx_HAL_Driver/Src/stm32f0xx_hal_pcd_ex.o
 .debug_info    0x00008ade      0x83f ./Drivers/STM32F0xx_HAL_Driver/Src/stm32f0xx_hal_rcc.o
 .debug_info    0x0000931d      0x61c ./Drivers/STM32F0xx_HAL_Driver/Src/stm32f0xx_hal_rcc_ex.o
 .debug_info    0x00009939     0x2950 ./Drivers/STM32F0xx_HAL_Driver/Src/stm32f0xx_hal_tim.o
 .debug_info    0x0000c289     0x1492 ./Drivers/STM32F0xx_HAL_Driver/Src/stm32f0xx_hal_tim_ex.o
 .debug_info    0x0000d71b     0x166d ./Drivers/STM32F0xx_HAL_Driver/Src/stm32f0xx_ll_usb.o
 .debug_info    0x0000ed88      0x927 ./Middlewares/ST/STM32_USB_Device_Library/Class/HID/Src/usbd_hid.o
 .debug_info    0x0000f6af      0xa52 ./Middlewares/ST/STM32_USB_Device_Library/Core/Src/usbd_core.o
 .debug_info    0x00010101      0x91c ./Middlewares/ST/STM32_USB_Device_Library/Core/Src/usbd_ctlreq.o
 .debug_info    0x00010a1d      0x6a0 ./Middlewares/ST/STM32_USB_Device_Library/Core/Src/usbd_ioreq.o
 .debug_info    0x000110bd      0x53a ./USB_DEVICE/App/usb_device.o
 .debug_info    0x000115f7      0x44a ./USB_DEVICE/App/usbd_desc.o
 .debug_info    0x00011a41     0x1769 ./USB_DEVICE/Target/usbd_conf.o

.debug_abbrev   0x00000000     0x40a5
 .debug_abbrev  0x00000000      0x16b ./Core/Src/Processus_Keys.o
 .debug_abbrev  0x0000016b      0x169 ./Core/Src/Processus_LEDS.o
 .debug_abbrev  0x000002d4       0xcb ./Core/Src/ServiceBaseTemps_1ms.o
 .debug_abbrev  0x0000039f      0x11d ./Core/Src/interfaceDebouncing.o
 .debug_abbrev  0x000004bc      0x115 ./Core/Src/interfaceMatrice.o
 .debug_abbrev  0x000005d1      0x1ec ./Core/Src/interface_HID_Report.o
 .debug_abbrev  0x000007bd       0x80 ./Core/Src/interface_Key_Config.o
 .debug_abbrev  0x0000083d      0x174 ./Core/Src/interface_RGB.o
 .debug_abbrev  0x000009b1      0x325 ./Core/Src/main.o
 .debug_abbrev  0x00000cd6      0x11c ./Core/Src/pilote_COL.o
 .debug_abbrev  0x00000df2      0x14e ./Core/Src/pilote_ROW.o
 .debug_abbrev  0x00000f40      0x21e ./Core/Src/pilote_SK6803.o
 .debug_abbrev  0x0000115e      0x1d0 ./Core/Src/pilote_Timer14_1ms.o
 .debug_abbrev  0x0000132e      0x213 ./Core/Src/stm32f0xx_hal_msp.o
 .debug_abbrev  0x00001541      0x1c7 ./Core/Src/stm32f0xx_it.o
 .debug_abbrev  0x00001708      0x11c ./Core/Src/system_stm32f0xx.o
 .debug_abbrev  0x00001824       0x24 ./Core/Startup/startup_stm32f072cbtx.o
 .debug_abbrev  0x00001848      0x213 ./Drivers/STM32F0xx_HAL_Driver/Src/stm32f0xx_hal.o
 .debug_abbrev  0x00001a5b      0x28c ./Drivers/STM32F0xx_HAL_Driver/Src/stm32f0xx_hal_cortex.o
 .debug_abbrev  0x00001ce7      0x224 ./Drivers/STM32F0xx_HAL_Driver/Src/stm32f0xx_hal_dma.o
 .debug_abbrev  0x00001f0b      0x1cb ./Drivers/STM32F0xx_HAL_Driver/Src/stm32f0xx_hal_gpio.o
 .debug_abbrev  0x000020d6      0x2b9 ./Drivers/STM32F0xx_HAL_Driver/Src/stm32f0xx_hal_pcd.o
 .debug_abbrev  0x0000238f      0x228 ./Drivers/STM32F0xx_HAL_Driver/Src/stm32f0xx_hal_pcd_ex.o
 .debug_abbrev  0x000025b7      0x28c ./Drivers/STM32F0xx_HAL_Driver/Src/stm32f0xx_hal_rcc.o
 .debug_abbrev  0x00002843      0x1a6 ./Drivers/STM32F0xx_HAL_Driver/Src/stm32f0xx_hal_rcc_ex.o
 .debug_abbrev  0x000029e9      0x278 ./Drivers/STM32F0xx_HAL_Driver/Src/stm32f0xx_hal_tim.o
 .debug_abbrev  0x00002c61      0x283 ./Drivers/STM32F0xx_HAL_Driver/Src/stm32f0xx_hal_tim_ex.o
 .debug_abbrev  0x00002ee4      0x247 ./Drivers/STM32F0xx_HAL_Driver/Src/stm32f0xx_ll_usb.o
 .debug_abbrev  0x0000312b      0x26b ./Middlewares/ST/STM32_USB_Device_Library/Class/HID/Src/usbd_hid.o
 .debug_abbrev  0x00003396      0x24a ./Middlewares/ST/STM32_USB_Device_Library/Core/Src/usbd_core.o
 .debug_abbrev  0x000035e0      0x26b ./Middlewares/ST/STM32_USB_Device_Library/Core/Src/usbd_ctlreq.o
 .debug_abbrev  0x0000384b      0x192 ./Middlewares/ST/STM32_USB_Device_Library/Core/Src/usbd_ioreq.o
 .debug_abbrev  0x000039dd      0x188 ./USB_DEVICE/App/usb_device.o
 .debug_abbrev  0x00003b65      0x1ff ./USB_DEVICE/App/usbd_desc.o
 .debug_abbrev  0x00003d64      0x341 ./USB_DEVICE/Target/usbd_conf.o

.debug_aranges  0x00000000     0x1228
 .debug_aranges
                0x00000000       0x28 ./Core/Src/Processus_Keys.o
 .debug_aranges
                0x00000028       0x48 ./Core/Src/Processus_LEDS.o
 .debug_aranges
                0x00000070       0x28 ./Core/Src/ServiceBaseTemps_1ms.o
 .debug_aranges
                0x00000098       0x28 ./Core/Src/interfaceDebouncing.o
 .debug_aranges
                0x000000c0       0x28 ./Core/Src/interfaceMatrice.o
 .debug_aranges
                0x000000e8       0x50 ./Core/Src/interface_HID_Report.o
 .debug_aranges
                0x00000138       0x18 ./Core/Src/interface_Key_Config.o
 .debug_aranges
                0x00000150       0x48 ./Core/Src/interface_RGB.o
 .debug_aranges
                0x00000198       0x60 ./Core/Src/main.o
 .debug_aranges
                0x000001f8       0x20 ./Core/Src/pilote_COL.o
 .debug_aranges
                0x00000218       0x30 ./Core/Src/pilote_ROW.o
 .debug_aranges
                0x00000248       0x48 ./Core/Src/pilote_SK6803.o
 .debug_aranges
                0x00000290       0x30 ./Core/Src/pilote_Timer14_1ms.o
 .debug_aranges
                0x000002c0       0x38 ./Core/Src/stm32f0xx_hal_msp.o
 .debug_aranges
                0x000002f8       0x58 ./Core/Src/stm32f0xx_it.o
 .debug_aranges
                0x00000350       0x28 ./Core/Src/system_stm32f0xx.o
 .debug_aranges
                0x00000378       0x28 ./Core/Startup/startup_stm32f072cbtx.o
 .debug_aranges
                0x000003a0       0xd0 ./Drivers/STM32F0xx_HAL_Driver/Src/stm32f0xx_hal.o
 .debug_aranges
                0x00000470       0xc0 ./Drivers/STM32F0xx_HAL_Driver/Src/stm32f0xx_hal_cortex.o
 .debug_aranges
                0x00000530       0x88 ./Drivers/STM32F0xx_HAL_Driver/Src/stm32f0xx_hal_dma.o
 .debug_aranges
                0x000005b8       0x58 ./Drivers/STM32F0xx_HAL_Driver/Src/stm32f0xx_hal_gpio.o
 .debug_aranges
                0x00000610      0x138 ./Drivers/STM32F0xx_HAL_Driver/Src/stm32f0xx_hal_pcd.o
 .debug_aranges
                0x00000748       0x58 ./Drivers/STM32F0xx_HAL_Driver/Src/stm32f0xx_hal_pcd_ex.o
 .debug_aranges
                0x000007a0       0x80 ./Drivers/STM32F0xx_HAL_Driver/Src/stm32f0xx_hal_rcc.o
 .debug_aranges
                0x00000820       0x78 ./Drivers/STM32F0xx_HAL_Driver/Src/stm32f0xx_hal_rcc_ex.o
 .debug_aranges
                0x00000898      0x3d0 ./Drivers/STM32F0xx_HAL_Driver/Src/stm32f0xx_hal_tim.o
 .debug_aranges
                0x00000c68      0x168 ./Drivers/STM32F0xx_HAL_Driver/Src/stm32f0xx_hal_tim_ex.o
 .debug_aranges
                0x00000dd0       0xc8 ./Drivers/STM32F0xx_HAL_Driver/Src/stm32f0xx_ll_usb.o
 .debug_aranges
                0x00000e98       0x68 ./Middlewares/ST/STM32_USB_Device_Library/Class/HID/Src/usbd_hid.o
 .debug_aranges
                0x00000f00       0xb8 ./Middlewares/ST/STM32_USB_Device_Library/Core/Src/usbd_core.o
 .debug_aranges
                0x00000fb8       0x88 ./Middlewares/ST/STM32_USB_Device_Library/Core/Src/usbd_ctlreq.o
 .debug_aranges
                0x00001040       0x50 ./Middlewares/ST/STM32_USB_Device_Library/Core/Src/usbd_ioreq.o
 .debug_aranges
                0x00001090       0x20 ./USB_DEVICE/App/usb_device.o
 .debug_aranges
                0x000010b0       0x60 ./USB_DEVICE/App/usbd_desc.o
 .debug_aranges
                0x00001110      0x118 ./USB_DEVICE/Target/usbd_conf.o

.debug_rnglists
                0x00000000      0xd90
 .debug_rnglists
                0x00000000       0x1a ./Core/Src/Processus_Keys.o
 .debug_rnglists
                0x0000001a       0x32 ./Core/Src/Processus_LEDS.o
 .debug_rnglists
                0x0000004c       0x19 ./Core/Src/ServiceBaseTemps_1ms.o
 .debug_rnglists
                0x00000065       0x1a ./Core/Src/interfaceDebouncing.o
 .debug_rnglists
                0x0000007f       0x1a ./Core/Src/interfaceMatrice.o
 .debug_rnglists
                0x00000099       0x38 ./Core/Src/interface_HID_Report.o
 .debug_rnglists
                0x000000d1       0x36 ./Core/Src/interface_RGB.o
 .debug_rnglists
                0x00000107       0x46 ./Core/Src/main.o
 .debug_rnglists
                0x0000014d       0x13 ./Core/Src/pilote_COL.o
 .debug_rnglists
                0x00000160       0x1f ./Core/Src/pilote_ROW.o
 .debug_rnglists
                0x0000017f       0x35 ./Core/Src/pilote_SK6803.o
 .debug_rnglists
                0x000001b4       0x1f ./Core/Src/pilote_Timer14_1ms.o
 .debug_rnglists
                0x000001d3       0x26 ./Core/Src/stm32f0xx_hal_msp.o
 .debug_rnglists
                0x000001f9       0x3d ./Core/Src/stm32f0xx_it.o
 .debug_rnglists
                0x00000236       0x1a ./Core/Src/system_stm32f0xx.o
 .debug_rnglists
                0x00000250       0x19 ./Core/Startup/startup_stm32f072cbtx.o
 .debug_rnglists
                0x00000269       0x97 ./Drivers/STM32F0xx_HAL_Driver/Src/stm32f0xx_hal.o
 .debug_rnglists
                0x00000300       0x8c ./Drivers/STM32F0xx_HAL_Driver/Src/stm32f0xx_hal_cortex.o
 .debug_rnglists
                0x0000038c       0x6a ./Drivers/STM32F0xx_HAL_Driver/Src/stm32f0xx_hal_dma.o
 .debug_rnglists
                0x000003f6       0x3f ./Drivers/STM32F0xx_HAL_Driver/Src/stm32f0xx_hal_gpio.o
 .debug_rnglists
                0x00000435       0xee ./Drivers/STM32F0xx_HAL_Driver/Src/stm32f0xx_hal_pcd.o
 .debug_rnglists
                0x00000523       0x3f ./Drivers/STM32F0xx_HAL_Driver/Src/stm32f0xx_hal_pcd_ex.o
 .debug_rnglists
                0x00000562       0x61 ./Drivers/STM32F0xx_HAL_Driver/Src/stm32f0xx_hal_rcc.o
 .debug_rnglists
                0x000005c3       0x5b ./Drivers/STM32F0xx_HAL_Driver/Src/stm32f0xx_hal_rcc_ex.o
 .debug_rnglists
                0x0000061e      0x31c ./Drivers/STM32F0xx_HAL_Driver/Src/stm32f0xx_hal_tim.o
 .debug_rnglists
                0x0000093a      0x126 ./Drivers/STM32F0xx_HAL_Driver/Src/stm32f0xx_hal_tim_ex.o
 .debug_rnglists
                0x00000a60       0x99 ./Drivers/STM32F0xx_HAL_Driver/Src/stm32f0xx_ll_usb.o
 .debug_rnglists
                0x00000af9       0x4a ./Middlewares/ST/STM32_USB_Device_Library/Class/HID/Src/usbd_hid.o
 .debug_rnglists
                0x00000b43       0x89 ./Middlewares/ST/STM32_USB_Device_Library/Core/Src/usbd_core.o
 .debug_rnglists
                0x00000bcc       0x68 ./Middlewares/ST/STM32_USB_Device_Library/Core/Src/usbd_ctlreq.o
 .debug_rnglists
                0x00000c34       0x37 ./Middlewares/ST/STM32_USB_Device_Library/Core/Src/usbd_ioreq.o
 .debug_rnglists
                0x00000c6b       0x13 ./USB_DEVICE/App/usb_device.o
 .debug_rnglists
                0x00000c7e       0x44 ./USB_DEVICE/App/usbd_desc.o
 .debug_rnglists
                0x00000cc2       0xce ./USB_DEVICE/Target/usbd_conf.o

.debug_macro    0x00000000    0x1e0d6
 .debug_macro   0x00000000      0x253 ./Core/Src/Processus_Keys.o
 .debug_macro   0x00000253      0xaae ./Core/Src/Processus_Keys.o
 .debug_macro   0x00000d01      0x133 ./Core/Src/Processus_Keys.o
 .debug_macro   0x00000e34       0x2e ./Core/Src/Processus_Keys.o
 .debug_macro   0x00000e62       0x22 ./Core/Src/Processus_Keys.o
 .debug_macro   0x00000e84       0x22 ./Core/Src/Processus_Keys.o
 .debug_macro   0x00000ea6       0x8e ./Core/Src/Processus_Keys.o
 .debug_macro   0x00000f34       0x51 ./Core/Src/Processus_Keys.o
 .debug_macro   0x00000f85      0x103 ./Core/Src/Processus_Keys.o
 .debug_macro   0x00001088       0x6a ./Core/Src/Processus_Keys.o
 .debug_macro   0x000010f2      0x1df ./Core/Src/Processus_Keys.o
 .debug_macro   0x000012d1       0x1c ./Core/Src/Processus_Keys.o
 .debug_macro   0x000012ed       0x22 ./Core/Src/Processus_Keys.o
 .debug_macro   0x0000130f       0xaf ./Core/Src/Processus_Keys.o
 .debug_macro   0x000013be      0x391 ./Core/Src/Processus_Keys.o
 .debug_macro   0x0000174f     0xfe73 ./Core/Src/Processus_Keys.o
 .debug_macro   0x000115c2       0x66 ./Core/Src/Processus_Keys.o
 .debug_macro   0x00011628     0x34da ./Core/Src/Processus_Keys.o
 .debug_macro   0x00014b02      0x190 ./Core/Src/Processus_Keys.o
 .debug_macro   0x00014c92       0x55 ./Core/Src/Processus_Keys.o
 .debug_macro   0x00014ce7      0x946 ./Core/Src/Processus_Keys.o
 .debug_macro   0x0001562d      0x5f3 ./Core/Src/Processus_Keys.o
 .debug_macro   0x00015c20      0x1ae ./Core/Src/Processus_Keys.o
 .debug_macro   0x00015dce      0x1a7 ./Core/Src/Processus_Keys.o
 .debug_macro   0x00015f75      0x1a7 ./Core/Src/Processus_Keys.o
 .debug_macro   0x0001611c      0x22c ./Core/Src/Processus_Keys.o
 .debug_macro   0x00016348       0x34 ./Core/Src/Processus_Keys.o
 .debug_macro   0x0001637c       0x43 ./Core/Src/Processus_Keys.o
 .debug_macro   0x000163bf       0x28 ./Core/Src/Processus_Keys.o
 .debug_macro   0x000163e7       0xb0 ./Core/Src/Processus_Keys.o
 .debug_macro   0x00016497      0x217 ./Core/Src/Processus_Keys.o
 .debug_macro   0x000166ae      0x22c ./Core/Src/Processus_Keys.o
 .debug_macro   0x000168da       0x61 ./Core/Src/Processus_Keys.o
 .debug_macro   0x0001693b       0xa5 ./Core/Src/Processus_Keys.o
 .debug_macro   0x000169e0       0x73 ./Core/Src/Processus_Keys.o
 .debug_macro   0x00016a53      0x22d ./Core/Src/Processus_Keys.o
 .debug_macro   0x00016c80       0x4c ./Core/Src/Processus_Keys.o
 .debug_macro   0x00016ccc      0x16d ./Core/Src/Processus_Keys.o
 .debug_macro   0x00016e39      0x8f4 ./Core/Src/Processus_Keys.o
 .debug_macro   0x0001772d       0x28 ./Core/Src/Processus_Keys.o
 .debug_macro   0x00017755      0x130 ./Core/Src/Processus_Keys.o
 .debug_macro   0x00017885      0x20a ./Core/Src/Processus_Keys.o
 .debug_macro   0x00017a8f       0x22 ./Core/Src/Processus_Keys.o
 .debug_macro   0x00017ab1       0x2e ./Core/Src/Processus_Keys.o
 .debug_macro   0x00017adf       0x94 ./Core/Src/Processus_Keys.o
 .debug_macro   0x00017b73       0x2e ./Core/Src/Processus_Keys.o
 .debug_macro   0x00017ba1      0x24a ./Core/Src/Processus_Keys.o
 .debug_macro   0x00017deb       0x1c ./Core/Src/Processus_Keys.o
 .debug_macro   0x00017e07      0x216 ./Core/Src/Processus_LEDS.o
 .debug_macro   0x0001801d       0x28 ./Core/Src/Processus_LEDS.o
 .debug_macro   0x00018045      0x1f5 ./Core/Src/ServiceBaseTemps_1ms.o
 .debug_macro   0x0001823a      0x20c ./Core/Src/interfaceDebouncing.o
 .debug_macro   0x00018446      0x216 ./Core/Src/interfaceMatrice.o
 .debug_macro   0x0001865c      0x38e ./Core/Src/interface_HID_Report.o
 .debug_macro   0x000189ea       0x61 ./Core/Src/interface_HID_Report.o
 .debug_macro   0x00018a4b       0x24 ./Core/Src/interface_HID_Report.o
 .debug_macro   0x00018a6f       0x43 ./Core/Src/interface_HID_Report.o
 .debug_macro   0x00018ab2       0x34 ./Core/Src/interface_HID_Report.o
 .debug_macro   0x00018ae6       0x16 ./Core/Src/interface_HID_Report.o
 .debug_macro   0x00018afc       0x3c ./Core/Src/interface_HID_Report.o
 .debug_macro   0x00018b38      0x370 ./Core/Src/interface_HID_Report.o
 .debug_macro   0x00018ea8       0x10 ./Core/Src/interface_HID_Report.o
 .debug_macro   0x00018eb8       0x16 ./Core/Src/interface_HID_Report.o
 .debug_macro   0x00018ece       0x4a ./Core/Src/interface_HID_Report.o
 .debug_macro   0x00018f18       0x34 ./Core/Src/interface_HID_Report.o
 .debug_macro   0x00018f4c       0x10 ./Core/Src/interface_HID_Report.o
 .debug_macro   0x00018f5c       0x58 ./Core/Src/interface_HID_Report.o
 .debug_macro   0x00018fb4       0x8e ./Core/Src/interface_HID_Report.o
 .debug_macro   0x00019042       0x1c ./Core/Src/interface_HID_Report.o
 .debug_macro   0x0001905e      0x185 ./Core/Src/interface_HID_Report.o
 .debug_macro   0x000191e3       0x16 ./Core/Src/interface_HID_Report.o
 .debug_macro   0x000191f9       0x16 ./Core/Src/interface_HID_Report.o
 .debug_macro   0x0001920f      0x146 ./Core/Src/interface_HID_Report.o
 .debug_macro   0x00019355       0x16 ./Core/Src/interface_HID_Report.o
 .debug_macro   0x0001936b       0x16 ./Core/Src/interface_HID_Report.o
 .debug_macro   0x00019381       0x29 ./Core/Src/interface_HID_Report.o
 .debug_macro   0x000193aa       0x16 ./Core/Src/interface_HID_Report.o
 .debug_macro   0x000193c0       0x20 ./Core/Src/interface_HID_Report.o
 .debug_macro   0x000193e0       0x5f ./Core/Src/interface_HID_Report.o
 .debug_macro   0x0001943f      0x1c8 ./Core/Src/interface_HID_Report.o
 .debug_macro   0x00019607       0x5e ./Core/Src/interface_HID_Report.o
 .debug_macro   0x00019665      0x1f9 ./Core/Src/interface_Key_Config.o
 .debug_macro   0x0001985e      0x2f0 ./Core/Src/interface_RGB.o
 .debug_macro   0x00019b4e      0x19b ./Core/Src/interface_RGB.o
 .debug_macro   0x00019ce9       0x2e ./Core/Src/interface_RGB.o
 .debug_macro   0x00019d17      0x3bc ./Core/Src/main.o
 .debug_macro   0x0001a0d3      0x1f4 ./Core/Src/pilote_COL.o
 .debug_macro   0x0001a2c7      0x1f4 ./Core/Src/pilote_ROW.o
 .debug_macro   0x0001a4bb      0x1ea ./Core/Src/pilote_SK6803.o
 .debug_macro   0x0001a6a5      0x202 ./Core/Src/pilote_Timer14_1ms.o
 .debug_macro   0x0001a8a7      0x1e1 ./Core/Src/stm32f0xx_hal_msp.o
 .debug_macro   0x0001aa88      0x1eb ./Core/Src/stm32f0xx_it.o
 .debug_macro   0x0001ac73      0x1d2 ./Core/Src/system_stm32f0xx.o
 .debug_macro   0x0001ae45      0x1f6 ./Drivers/STM32F0xx_HAL_Driver/Src/stm32f0xx_hal.o
 .debug_macro   0x0001b03b      0x1d2 ./Drivers/STM32F0xx_HAL_Driver/Src/stm32f0xx_hal_cortex.o
 .debug_macro   0x0001b20d      0x1d2 ./Drivers/STM32F0xx_HAL_Driver/Src/stm32f0xx_hal_dma.o
 .debug_macro   0x0001b3df      0x1d9 ./Drivers/STM32F0xx_HAL_Driver/Src/stm32f0xx_hal_gpio.o
 .debug_macro   0x0001b5b8      0x1de ./Drivers/STM32F0xx_HAL_Driver/Src/stm32f0xx_hal_pcd.o
 .debug_macro   0x0001b796      0x1d2 ./Drivers/STM32F0xx_HAL_Driver/Src/stm32f0xx_hal_pcd_ex.o
 .debug_macro   0x0001b968      0x1e4 ./Drivers/STM32F0xx_HAL_Driver/Src/stm32f0xx_hal_rcc.o
 .debug_macro   0x0001bb4c      0x1e4 ./Drivers/STM32F0xx_HAL_Driver/Src/stm32f0xx_hal_rcc_ex.o
 .debug_macro   0x0001bd30      0x1d3 ./Drivers/STM32F0xx_HAL_Driver/Src/stm32f0xx_hal_tim.o
 .debug_macro   0x0001bf03      0x1d2 ./Drivers/STM32F0xx_HAL_Driver/Src/stm32f0xx_hal_tim_ex.o
 .debug_macro   0x0001c0d5      0x1d2 ./Drivers/STM32F0xx_HAL_Driver/Src/stm32f0xx_ll_usb.o
 .debug_macro   0x0001c2a7      0x370 ./Middlewares/ST/STM32_USB_Device_Library/Class/HID/Src/usbd_hid.o
 .debug_macro   0x0001c617       0x9e ./Middlewares/ST/STM32_USB_Device_Library/Class/HID/Src/usbd_hid.o
 .debug_macro   0x0001c6b5      0x112 ./Middlewares/ST/STM32_USB_Device_Library/Class/HID/Src/usbd_hid.o
 .debug_macro   0x0001c7c7       0x4f ./Middlewares/ST/STM32_USB_Device_Library/Class/HID/Src/usbd_hid.o
 .debug_macro   0x0001c816      0x357 ./Middlewares/ST/STM32_USB_Device_Library/Core/Src/usbd_core.o
 .debug_macro   0x0001cb6d      0x1ce ./Middlewares/ST/STM32_USB_Device_Library/Core/Src/usbd_core.o
 .debug_macro   0x0001cd3b      0x361 ./Middlewares/ST/STM32_USB_Device_Library/Core/Src/usbd_ctlreq.o
 .debug_macro   0x0001d09c      0x35d ./Middlewares/ST/STM32_USB_Device_Library/Core/Src/usbd_ioreq.o
 .debug_macro   0x0001d3f9      0x387 ./USB_DEVICE/App/usb_device.o
 .debug_macro   0x0001d780      0x210 ./USB_DEVICE/App/usb_device.o
 .debug_macro   0x0001d990       0x22 ./USB_DEVICE/App/usb_device.o
 .debug_macro   0x0001d9b2      0x394 ./USB_DEVICE/App/usbd_desc.o
 .debug_macro   0x0001dd46       0x1c ./USB_DEVICE/App/usbd_desc.o
 .debug_macro   0x0001dd62      0x374 ./USB_DEVICE/Target/usbd_conf.o

.debug_line     0x00000000    0x1a1b3
 .debug_line    0x00000000      0x8c3 ./Core/Src/Processus_Keys.o
 .debug_line    0x000008c3      0x84a ./Core/Src/Processus_LEDS.o
 .debug_line    0x0000110d      0x787 ./Core/Src/ServiceBaseTemps_1ms.o
 .debug_line    0x00001894      0x812 ./Core/Src/interfaceDebouncing.o
 .debug_line    0x000020a6      0x7c7 ./Core/Src/interfaceMatrice.o
 .debug_line    0x0000286d      0xb79 ./Core/Src/interface_HID_Report.o
 .debug_line    0x000033e6      0x722 ./Core/Src/interface_Key_Config.o
 .debug_line    0x00003b08      0xb3c ./Core/Src/interface_RGB.o
 .debug_line    0x00004644      0xbf1 ./Core/Src/main.o
 .debug_line    0x00005235      0x727 ./Core/Src/pilote_COL.o
 .debug_line    0x0000595c      0x762 ./Core/Src/pilote_ROW.o
 .debug_line    0x000060be      0xa9b ./Core/Src/pilote_SK6803.o
 .debug_line    0x00006b59      0x777 ./Core/Src/pilote_Timer14_1ms.o
 .debug_line    0x000072d0      0x7bd ./Core/Src/stm32f0xx_hal_msp.o
 .debug_line    0x00007a8d      0x7b0 ./Core/Src/stm32f0xx_it.o
 .debug_line    0x0000823d      0x793 ./Core/Src/system_stm32f0xx.o
 .debug_line    0x000089d0       0x7b ./Core/Startup/startup_stm32f072cbtx.o
 .debug_line    0x00008a4b      0x98a ./Drivers/STM32F0xx_HAL_Driver/Src/stm32f0xx_hal.o
 .debug_line    0x000093d5      0xa32 ./Drivers/STM32F0xx_HAL_Driver/Src/stm32f0xx_hal_cortex.o
 .debug_line    0x00009e07      0xc8e ./Drivers/STM32F0xx_HAL_Driver/Src/stm32f0xx_hal_dma.o
 .debug_line    0x0000aa95      0xb04 ./Drivers/STM32F0xx_HAL_Driver/Src/stm32f0xx_hal_gpio.o
 .debug_line    0x0000b599     0x12bb ./Drivers/STM32F0xx_HAL_Driver/Src/stm32f0xx_hal_pcd.o
 .debug_line    0x0000c854      0x8ad ./Drivers/STM32F0xx_HAL_Driver/Src/stm32f0xx_hal_pcd_ex.o
 .debug_line    0x0000d101      0xecf ./Drivers/STM32F0xx_HAL_Driver/Src/stm32f0xx_hal_rcc.o
 .debug_line    0x0000dfd0      0xc4b ./Drivers/STM32F0xx_HAL_Driver/Src/stm32f0xx_hal_rcc_ex.o
 .debug_line    0x0000ec1b     0x3735 ./Drivers/STM32F0xx_HAL_Driver/Src/stm32f0xx_hal_tim.o
 .debug_line    0x00012350     0x1891 ./Drivers/STM32F0xx_HAL_Driver/Src/stm32f0xx_hal_tim_ex.o
 .debug_line    0x00013be1     0x1077 ./Drivers/STM32F0xx_HAL_Driver/Src/stm32f0xx_ll_usb.o
 .debug_line    0x00014c58      0xbce ./Middlewares/ST/STM32_USB_Device_Library/Class/HID/Src/usbd_hid.o
 .debug_line    0x00015826      0xd6d ./Middlewares/ST/STM32_USB_Device_Library/Core/Src/usbd_core.o
 .debug_line    0x00016593      0xfb4 ./Middlewares/ST/STM32_USB_Device_Library/Core/Src/usbd_ctlreq.o
 .debug_line    0x00017547      0xa23 ./Middlewares/ST/STM32_USB_Device_Library/Core/Src/usbd_ioreq.o
 .debug_line    0x00017f6a      0x9d4 ./USB_DEVICE/App/usb_device.o
 .debug_line    0x0001893e      0xa9c ./USB_DEVICE/App/usbd_desc.o
 .debug_line    0x000193da      0xdd9 ./USB_DEVICE/Target/usbd_conf.o

.debug_str      0x00000000    0x9a928
 .debug_str     0x00000000    0x9a928 ./Core/Src/Processus_Keys.o
                              0x9154c (size before relaxing)
 .debug_str     0x0009a928    0x90e3c ./Core/Src/Processus_LEDS.o
 .debug_str     0x0009a928    0x90ad2 ./Core/Src/ServiceBaseTemps_1ms.o
 .debug_str     0x0009a928    0x90ba1 ./Core/Src/interfaceDebouncing.o
 .debug_str     0x0009a928    0x90b4e ./Core/Src/interfaceMatrice.o
 .debug_str     0x0009a928    0x958d7 ./Core/Src/interface_HID_Report.o
 .debug_str     0x0009a928    0x90fd4 ./Core/Src/interface_Key_Config.o
 .debug_str     0x0009a928    0x948ca ./Core/Src/interface_RGB.o
 .debug_str     0x0009a928    0x95de3 ./Core/Src/main.o
 .debug_str     0x0009a928    0x90b2e ./Core/Src/pilote_COL.o
 .debug_str     0x0009a928    0x90b3f ./Core/Src/pilote_ROW.o
 .debug_str     0x0009a928    0x910c5 ./Core/Src/pilote_SK6803.o
 .debug_str     0x0009a928    0x91045 ./Core/Src/pilote_Timer14_1ms.o
 .debug_str     0x0009a928    0x912db ./Core/Src/stm32f0xx_hal_msp.o
 .debug_str     0x0009a928    0x91346 ./Core/Src/stm32f0xx_it.o
 .debug_str     0x0009a928    0x904f1 ./Core/Src/system_stm32f0xx.o
 .debug_str     0x0009a928       0x86 ./Core/Startup/startup_stm32f072cbtx.o
 .debug_str     0x0009a928    0x90ae7 ./Drivers/STM32F0xx_HAL_Driver/Src/stm32f0xx_hal.o
 .debug_str     0x0009a928    0x908d8 ./Drivers/STM32F0xx_HAL_Driver/Src/stm32f0xx_hal_cortex.o
 .debug_str     0x0009a928    0x90897 ./Drivers/STM32F0xx_HAL_Driver/Src/stm32f0xx_hal_dma.o
 .debug_str     0x0009a928    0x90692 ./Drivers/STM32F0xx_HAL_Driver/Src/stm32f0xx_hal_gpio.o
 .debug_str     0x0009a928    0x90dbc ./Drivers/STM32F0xx_HAL_Driver/Src/stm32f0xx_hal_pcd.o
 .debug_str     0x0009a928    0x909f8 ./Drivers/STM32F0xx_HAL_Driver/Src/stm32f0xx_hal_pcd_ex.o
 .debug_str     0x0009a928    0x90938 ./Drivers/STM32F0xx_HAL_Driver/Src/stm32f0xx_hal_rcc.o
 .debug_str     0x0009a928    0x908f0 ./Drivers/STM32F0xx_HAL_Driver/Src/stm32f0xx_hal_rcc_ex.o
 .debug_str     0x0009a928    0x91907 ./Drivers/STM32F0xx_HAL_Driver/Src/stm32f0xx_hal_tim.o
 .debug_str     0x0009a928    0x91113 ./Drivers/STM32F0xx_HAL_Driver/Src/stm32f0xx_hal_tim_ex.o
 .debug_str     0x0009a928    0x908f9 ./Drivers/STM32F0xx_HAL_Driver/Src/stm32f0xx_ll_usb.o
 .debug_str     0x0009a928    0x954e3 ./Middlewares/ST/STM32_USB_Device_Library/Class/HID/Src/usbd_hid.o
 .debug_str     0x0009a928    0x9537d ./Middlewares/ST/STM32_USB_Device_Library/Core/Src/usbd_core.o