Archive member included to satisfy reference by file (symbol)

C:/ST/STM32CubeIDE_1.18.1/STM32CubeIDE/plugins/com.st.stm32cube.ide.mcu.externaltools.gnu-tools-for-stm32.13.3.rel1.win32_1.0.0.202411081344/tools/bin/../lib/gcc/arm-none-eabi/13.3.1/../../../../arm-none-eabi/lib/thumb/v6-m/nofp\libc_nano.a(libc_a-exit.o)
                              C:/ST/STM32CubeIDE_1.18.1/STM32CubeIDE/plugins/com.st.stm32cube.ide.mcu.externaltools.gnu-tools-for-stm32.13.3.rel1.win32_1.0.0.202411081344/tools/bin/../lib/gcc/arm-none-eabi/13.3.1/../../../../arm-none-eabi/lib/thumb/v6-m/nofp/crt0.o (exit)
C:/ST/STM32CubeIDE_1.18.1/STM32CubeIDE/plugins/com.st.stm32cube.ide.mcu.externaltools.gnu-tools-for-stm32.13.3.rel1.win32_1.0.0.202411081344/tools/bin/../lib/gcc/arm-none-eabi/13.3.1/../../../../arm-none-eabi/lib/thumb/v6-m/nofp\libc_nano.a(libc_a-findfp.o)
                              C:/ST/STM32CubeIDE_1.18.1/STM32CubeIDE/plugins/com.st.stm32cube.ide.mcu.externaltools.gnu-tools-for-stm32.13.3.rel1.win32_1.0.0.202411081344/tools/bin/../lib/gcc/arm-none-eabi/13.3.1/../../../../arm-none-eabi/lib/thumb/v6-m/nofp\libc_nano.a(libc_a-exit.o) (__stdio_exit_handler)
C:/ST/STM32CubeIDE_1.18.1/STM32CubeIDE/plugins/com.st.stm32cube.ide.mcu.externaltools.gnu-tools-for-stm32.13.3.rel1.win32_1.0.0.202411081344/tools/bin/../lib/gcc/arm-none-eabi/13.3.1/../../../../arm-none-eabi/lib/thumb/v6-m/nofp\libc_nano.a(libc_a-fwalk.o)
                              C:/ST/STM32CubeIDE_1.18.1/STM32CubeIDE/plugins/com.st.stm32cube.ide.mcu.externaltools.gnu-tools-for-stm32.13.3.rel1.win32_1.0.0.202411081344/tools/bin/../lib/gcc/arm-none-eabi/13.3.1/../../../../arm-none-eabi/lib/thumb/v6-m/nofp\libc_nano.a(libc_a-findfp.o) (_fwalk_sglue)
C:/ST/STM32CubeIDE_1.18.1/STM32CubeIDE/plugins/com.st.stm32cube.ide.mcu.externaltools.gnu-tools-for-stm32.13.3.rel1.win32_1.0.0.202411081344/tools/bin/../lib/gcc/arm-none-eabi/13.3.1/../../../../arm-none-eabi/lib/thumb/v6-m/nofp\libc_nano.a(libc_a-stdio.o)
                              C:/ST/STM32CubeIDE_1.18.1/STM32CubeIDE/plugins/com.st.stm32cube.ide.mcu.externaltools.gnu-tools-for-stm32.13.3.rel1.win32_1.0.0.202411081344/tools/bin/../lib/gcc/arm-none-eabi/13.3.1/../../../../arm-none-eabi/lib/thumb/v6-m/nofp\libc_nano.a(libc_a-findfp.o) (__sread)
C:/ST/STM32CubeIDE_1.18.1/STM32CubeIDE/plugins/com.st.stm32cube.ide.mcu.externaltools.gnu-tools-for-stm32.13.3.rel1.win32_1.0.0.202411081344/tools/bin/../lib/gcc/arm-none-eabi/13.3.1/../../../../arm-none-eabi/lib/thumb/v6-m/nofp\libc_nano.a(libc_a-memset.o)
                              C:/ST/STM32CubeIDE_1.18.1/STM32CubeIDE/plugins/com.st.stm32cube.ide.mcu.externaltools.gnu-tools-for-stm32.13.3.rel1.win32_1.0.0.202411081344/tools/bin/../lib/gcc/arm-none-eabi/13.3.1/../../../../arm-none-eabi/lib/thumb/v6-m/nofp/crt0.o (memset)
C:/ST/STM32CubeIDE_1.18.1/STM32CubeIDE/plugins/com.st.stm32cube.ide.mcu.externaltools.gnu-tools-for-stm32.13.3.rel1.win32_1.0.0.202411081344/tools/bin/../lib/gcc/arm-none-eabi/13.3.1/../../../../arm-none-eabi/lib/thumb/v6-m/nofp\libc_nano.a(libc_a-closer.o)
                              C:/ST/STM32CubeIDE_1.18.1/STM32CubeIDE/plugins/com.st.stm32cube.ide.mcu.externaltools.gnu-tools-for-stm32.13.3.rel1.win32_1.0.0.202411081344/tools/bin/../lib/gcc/arm-none-eabi/13.3.1/../../../../arm-none-eabi/lib/thumb/v6-m/nofp\libc_nano.a(libc_a-stdio.o) (_close_r)
C:/ST/STM32CubeIDE_1.18.1/STM32CubeIDE/plugins/com.st.stm32cube.ide.mcu.externaltools.gnu-tools-for-stm32.13.3.rel1.win32_1.0.0.202411081344/tools/bin/../lib/gcc/arm-none-eabi/13.3.1/../../../../arm-none-eabi/lib/thumb/v6-m/nofp\libc_nano.a(libc_a-reent.o)
                              C:/ST/STM32CubeIDE_1.18.1/STM32CubeIDE/plugins/com.st.stm32cube.ide.mcu.externaltools.gnu-tools-for-stm32.13.3.rel1.win32_1.0.0.202411081344/tools/bin/../lib/gcc/arm-none-eabi/13.3.1/../../../../arm-none-eabi/lib/thumb/v6-m/nofp\libc_nano.a(libc_a-closer.o) (errno)
C:/ST/STM32CubeIDE_1.18.1/STM32CubeIDE/plugins/com.st.stm32cube.ide.mcu.externaltools.gnu-tools-for-stm32.13.3.rel1.win32_1.0.0.202411081344/tools/bin/../lib/gcc/arm-none-eabi/13.3.1/../../../../arm-none-eabi/lib/thumb/v6-m/nofp\libc_nano.a(libc_a-impure.o)
                              C:/ST/STM32CubeIDE_1.18.1/STM32CubeIDE/plugins/com.st.stm32cube.ide.mcu.externaltools.gnu-tools-for-stm32.13.3.rel1.win32_1.0.0.202411081344/tools/bin/../lib/gcc/arm-none-eabi/13.3.1/../../../../arm-none-eabi/lib/thumb/v6-m/nofp\libc_nano.a(libc_a-reent.o) (_impure_ptr)
C:/ST/STM32CubeIDE_1.18.1/STM32CubeIDE/plugins/com.st.stm32cube.ide.mcu.externaltools.gnu-tools-for-stm32.13.3.rel1.win32_1.0.0.202411081344/tools/bin/../lib/gcc/arm-none-eabi/13.3.1/../../../../arm-none-eabi/lib/thumb/v6-m/nofp\libc_nano.a(libc_a-lseekr.o)
[...]
Memory Configuration

Name             Origin             Length             Attributes
RAM              0x20000000         0x00004000         xrw
FLASH            0x08000000         0x00020000         xr
*default*        0x00000000         0xffffffff

Linker script and memory map

LOAD C:/ST/STM32CubeIDE_1.18.1/STM32CubeIDE/plugins/com.st.stm32cube.ide.mcu.externaltools.gnu-tools-for-stm32.13.3.rel1.win32_1.0.0.202411081344/tools/bin/../lib/gcc/arm-none-eabi/13.3.1/thumb/v6-m/nofp/crti.o
LOAD C:/ST/STM32CubeIDE_1.18.1/STM32CubeIDE/plugins/com.st.stm32cube.ide.mcu.externaltools.gnu-tools-for-stm32.13.3.rel1.win32_1.0.0.202411081344/tools/bin/../lib/gcc/arm-none-eabi/13.3.1/thumb/v6-m/nofp/crtbegin.o
LOAD C:/ST/STM32CubeIDE_1.18.1/STM32CubeIDE/plugins/com.st.stm32cube.ide.mcu.externaltools.gnu-tools-for-stm32.13.3.rel1.win32_1.0.0.202411081344/tools/bin/../lib/gcc/arm-none-eabi/13.3.1/../../../../arm-none-eabi/lib/thumb/v6-m/nofp/crt0.o
LOAD ./Core/Src/main.o
LOAD ./Core/Src/pilote_COL.o
LOAD ./Core/Src/pilote_ROW.o
LOAD ./Core/Src/stm32f0xx_hal_msp.o
LOAD ./Core/Src/stm32f0xx_it.o
LOAD ./Core/Src/syscalls.o
LOAD ./Core/Src/sysmem.o
LOAD ./Core/Src/system_stm32f0xx.o
LOAD ./Core/Startup/startup_stm32f072cbtx.o
LOAD ./Drivers/STM32F0xx_HAL_Driver/Src/stm32f0xx_hal.o
LOAD ./Drivers/STM32F0xx_HAL_Driver/Src/stm32f0xx_hal_cortex.o
LOAD ./Drivers/STM32F0xx_HAL_Driver/Src/stm32f0xx_hal_dma.o
LOAD ./Drivers/STM32F0xx_HAL_Driver/Src/stm32f0xx_hal_exti.o
LOAD ./Drivers/STM32F0xx_HAL_Driver/Src/stm32f0xx_hal_flash.o
LOAD ./Drivers/STM32F0xx_HAL_Driver/Src/stm32f0xx_hal_flash_ex.o
LOAD ./Drivers/STM32F0xx_HAL_Driver/Src/stm32f0xx_hal_gpio.o
LOAD ./Drivers/STM32F0xx_HAL_Driver/Src/stm32f0xx_hal_i2c.o
LOAD ./Drivers/STM32F0xx_HAL_Driver/Src/stm32f0xx_hal_i2c_ex.o
LOAD ./Drivers/STM32F0xx_HAL_Driver/Src/stm32f0xx_hal_pcd.o
LOAD ./Drivers/STM32F0xx_HAL_Driver/Src/stm32f0xx_hal_pcd_ex.o
LOAD ./Drivers/STM32F0xx_HAL_Driver/Src/stm32f0xx_hal_pwr.o
LOAD ./Drivers/STM32F0xx_HAL_Driver/Src/stm32f0xx_hal_pwr_ex.o
LOAD ./Drivers/STM32F0xx_HAL_Driver/Src/stm32f0xx_hal_rcc.o
LOAD ./Drivers/STM32F0xx_HAL_Driver/Src/stm32f0xx_hal_rcc_ex.o
LOAD ./Drivers/STM32F0xx_HAL_Driver/Src/stm32f0xx_hal_tim.o
LOAD ./Drivers/STM32F0xx_HAL_Driver/Src/stm32f0xx_hal_tim_ex.o
LOAD ./Drivers/STM32F0xx_HAL_Driver/Src/stm32f0xx_ll_usb.o
LOAD ./Middlewares/ST/STM32_USB_Device_Library/Class/CustomHID/Src/usbd_customhid.o
LOAD ./Middlewares/ST/STM32_USB_Device_Library/Core/Src/usbd_core.o
LOAD ./Middlewares/ST/STM32_USB_Device_Library/Core/Src/usbd_ctlreq.o
LOAD ./Middlewares/ST/STM32_USB_Device_Library/Core/Src/usbd_ioreq.o
LOAD ./USB_DEVICE/App/usb_device.o
LOAD ./USB_DEVICE/App/usbd_custom_hid_if.o
LOAD ./USB_DEVICE/App/usbd_desc.o
LOAD ./USB_DEVICE/Target/usbd_conf.o
START GROUP
LOAD C:/ST/STM32CubeIDE_1.18.1/STM32CubeIDE/plugins/com.st.stm32cube.ide.mcu.externaltools.gnu-tools-for-stm32.13.3.rel1.win32_1.0.0.202411081344/tools/bin/../lib/gcc/arm-none-eabi/13.3.1/../../../../arm-none-eabi/lib/thumb/v6-m/nofp\libc_nano.a
LOAD C:/ST/STM32CubeIDE_1.18.1/STM32CubeIDE/plugins/com.st.stm32cube.ide.mcu.externaltools.gnu-tools-for-stm32.13.3.rel1.win32_1.0.0.202411081344/tools/bin/../lib/gcc/arm-none-eabi/13.3.1/../../../../arm-none-eabi/lib/thumb/v6-m/nofp\libm.a
END GROUP
START GROUP
LOAD C:/ST/STM32CubeIDE_1.18.1/STM32CubeIDE/plugins/com.st.stm32cube.ide.mcu.externaltools.gnu-tools-for-stm32.13.3.rel1.win32_1.0.0.202411081344/tools/bin/../lib/gcc/arm-none-eabi/13.3.1/thumb/v6-m/nofp\libgcc.a
LOAD C:/ST/STM32CubeIDE_1.18.1/STM32CubeIDE/plugins/com.st.stm32cube.ide.mcu.externaltools.gnu-tools-for-stm32.13.3.rel1.win32_1.0.0.202411081344/tools/bin/../lib/gcc/arm-none-eabi/13.3.1/../../../../arm-none-eabi/lib/thumb/v6-m/nofp\libc_nano.a
END GROUP
START GROUP
LOAD C:/ST/STM32CubeIDE_1.18.1/STM32CubeIDE/plugins/com.st.stm32cube.ide.mcu.externaltools.gnu-tools-for-stm32.13.3.rel1.win32_1.0.0.202411081344/tools/bin/../lib/gcc/arm-none-eabi/13.3.1/thumb/v6-m/nofp\libgcc.a
LOAD C:/ST/STM32CubeIDE_1.18.1/STM32CubeIDE/plugins/com.st.stm32cube.ide.mcu.externaltools.gnu-tools-for-stm32.13.3.rel1.win32_1.0.0.202411081344/tools/bin/../lib/gcc/arm-none-eabi/13.3.1/../../../../arm-none-eabi/lib/thumb/v6-m/nofp\libc_nano.a
LOAD C:/ST/STM32CubeIDE_1.18.1/STM32CubeIDE/plugins/com.st.stm32cube.ide.mcu.externaltools.gnu-tools-for-stm32.13.3.rel1.win32_1.0.0.202411081344/tools/bin/../lib/gcc/arm-none-eabi/13.3.1/../../../../arm-none-eabi/lib/thumb/v6-m/nofp\libnosys.a
END GROUP
START GROUP
LOAD C:/ST/STM32CubeIDE_1.18.1/STM32CubeIDE/plugins/com.st.stm32cube.ide.mcu.externaltools.gnu-tools-for-stm32.13.3.rel1.win32_1.0.0.202411081344/tools/bin/../lib/gcc/arm-none-eabi/13.3.1/thumb/v6-m/nofp\libgcc.a
LOAD C:/ST/STM32CubeIDE_1.18.1/STM32CubeIDE/plugins/com.st.stm32cube.ide.mcu.externaltools.gnu-tools-for-stm32.13.3.rel1.win32_1.0.0.202411081344/tools/bin/../lib/gcc/arm-none-eabi/13.3.1/../../../../arm-none-eabi/lib/thumb/v6-m/nofp\libc_nano.a
LOAD C:/ST/STM32CubeIDE_1.18.1/STM32CubeIDE/plugins/com.st.stm32cube.ide.mcu.externaltools.gnu-tools-for-stm32.13.3.rel1.win32_1.0.0.202411081344/tools/bin/../lib/gcc/arm-none-eabi/13.3.1/../../../../arm-none-eabi/lib/thumb/v6-m/nofp\libnosys.a
END GROUP
LOAD C:/ST/STM32CubeIDE_1.18.1/STM32CubeIDE/plugins/com.st.stm32cube.ide.mcu.externaltools.gnu-tools-for-stm32.13.3.rel1.win32_1.0.0.202411081344/tools/bin/../lib/gcc/arm-none-eabi/13.3.1/thumb/v6-m/nofp/crtend.o
LOAD C:/ST/STM32CubeIDE_1.18.1/STM32CubeIDE/plugins/com.st.stm32cube.ide.mcu.externaltools.gnu-tools-for-stm32.13.3.rel1.win32_1.0.0.202411081344/tools/bin/../lib/gcc/arm-none-eabi/13.3.1/thumb/v6-m/nofp/crtn.o
                0x20004000                        _estack = (ORIGIN (RAM) + LENGTH (RAM))
                0x00000200                        _Min_Heap_Size = 0x200
                0x00000400                        _Min_Stack_Size = 0x400

.isr_vector     0x08000000       0xc0
                0x08000000                        . = ALIGN (0x4)
 *(.isr_vector)
 .isr_vector    0x08000000       0xc0 ./Core/Startup/startup_stm32f072cbtx.o
                0x08000000                g_pfnVectors
                0x080000c0                        . = ALIGN (0x4)

.text           0x080000c0     0x873c
                0x080000c0                        . = ALIGN (0x4)
 *(.text)
 .text          0x080000c0       0x48 C:/ST/STM32CubeIDE_1.18.1/STM32CubeIDE/plugins/com.st.stm32cube.ide.mcu.externaltools.gnu-tools-for-stm32.13.3.rel1.win32_1.0.0.202411081344/tools/bin/../lib/gcc/arm-none-eabi/13.3.1/thumb/v6-m/nofp/crtbegin.o
 .text          0x08000108      0x114 C:/ST/STM32CubeIDE_1.18.1/STM32CubeIDE/plugins/com.st.stm32cube.ide.mcu.externaltools.gnu-tools-for-stm32.13.3.rel1.win32_1.0.0.202411081344/tools/bin/../lib/gcc/arm-none-eabi/13.3.1/thumb/v6-m/nofp\libgcc.a(_udivsi3.o)
                0x08000108                __aeabi_uidiv
                0x08000108                __udivsi3
                0x08000214                __aeabi_uidivmod
 .text          0x0800021c        0x4 C:/ST/STM32CubeIDE_1.18.1/STM32CubeIDE/plugins/com.st.stm32cube.ide.mcu.externaltools.gnu-tools-for-stm32.13.3.rel1.win32_1.0.0.202411081344/tools/bin/../lib/gcc/arm-none-eabi/13.3.1/thumb/v6-m/nofp\libgcc.a(_dvmd_tls.o)
                0x0800021c                __aeabi_idiv0
                0x0800021c                __aeabi_ldiv0
 *(.text*)
 .text.main     0x08000220       0x24 ./Core/Src/main.o
                0x08000220                main
 .text.SystemClock_Config
                0x08000244       0xa8 ./Core/Src/main.o
                0x08000244                SystemClock_Config
 .text.MX_TIM2_Init
                0x080002ec       0xfc ./Core/Src/main.o
 .text.MX_TIM3_Init
                0x080003e8       0xfc ./Core/Src/main.o
 .text.MX_DMA_Init
                0x080004e4       0x3c ./Core/Src/main.o
 .text.MX_GPIO_Init
                0x08000520       0xb8 ./Core/Src/main.o
 .text.Error_Handler
                0x080005d8        0xc ./Core/Src/main.o
                0x080005d8                Error_Handler
 .text.HAL_MspInit
                0x080005e4       0x48 ./Core/Src/stm32f0xx_hal_msp.o
                0x080005e4                HAL_MspInit
 .text.HAL_TIM_Base_MspInit
                0x0800062c      0x118 ./Core/Src/stm32f0xx_hal_msp.o
                0x0800062c                HAL_TIM_Base_MspInit
 .text.HAL_TIM_MspPostInit
                0x08000744       0xd8 ./Core/Src/stm32f0xx_hal_msp.o
                0x08000744                HAL_TIM_MspPostInit
 .text.NMI_Handler
                0x0800081c        0x8 ./Core/Src/stm32f0xx_it.o
                0x0800081c                NMI_Handler
 .text.HardFault_Handler
                0x08000824        0x8 ./Core/Src/stm32f0xx_it.o
                0x08000824                HardFault_Handler
 .text.SVC_Handler
                0x0800082c        0xa ./Core/Src/stm32f0xx_it.o
                0x0800082c                SVC_Handler
 .text.PendSV_Handler
                0x08000836        0xa ./Core/Src/stm32f0xx_it.o
                0x08000836                PendSV_Handler
 .text.SysTick_Handler
                0x08000840        0xe ./Core/Src/stm32f0xx_it.o
                0x08000840                SysTick_Handler
 *fill*         0x0800084e        0x2 
 .text.DMA1_Channel4_5_6_7_IRQHandler
                0x08000850       0x24 ./Core/Src/stm32f0xx_it.o
                0x08000850                DMA1_Channel4_5_6_7_IRQHandler
 .text.USB_IRQHandler
                0x08000874       0x18 ./Core/Src/stm32f0xx_it.o
                0x08000874                USB_IRQHandler
 .text.SystemInit
                0x0800088c        0xa ./Core/Src/system_stm32f0xx.o
                0x0800088c                SystemInit
 *fill*         0x08000896        0x2 
 .text.Reset_Handler
                0x08000898       0x50 ./Core/Startup/startup_stm32f072cbtx.o
                0x08000898                Reset_Handler
 .text.Default_Handler
                0x080008e8        0x2 ./Core/Startup/startup_stm32f072cbtx.o
                0x080008e8                TIM1_CC_IRQHandler
                0x080008e8                TSC_IRQHandler
                0x080008e8                ADC1_COMP_IRQHandler
                0x080008e8                I2C1_IRQHandler
                0x080008e8                RCC_CRS_IRQHandler
                0x080008e8                SPI1_IRQHandler
                0x080008e8                TIM6_DAC_IRQHandler
                0x080008e8                USART3_4_IRQHandler
                0x080008e8                EXTI2_3_IRQHandler
                0x080008e8                I2C2_IRQHandler
                0x080008e8                TIM17_IRQHandler
                0x080008e8                CEC_CAN_IRQHandler
                0x080008e8                RTC_IRQHandler
                0x080008e8                PVD_VDDIO2_IRQHandler
                0x080008e8                TIM16_IRQHandler
                0x080008e8                TIM3_IRQHandler
                0x080008e8                EXTI4_15_IRQHandler
                0x080008e8                DMA1_Channel1_IRQHandler
                0x080008e8                Default_Handler
                0x080008e8                TIM14_IRQHandler
                0x080008e8                TIM7_IRQHandler
                0x080008e8                TIM15_IRQHandler
                0x080008e8                EXTI0_1_IRQHandler
                0x080008e8                SPI2_IRQHandler
                0x080008e8                WWDG_IRQHandler
                0x080008e8                TIM2_IRQHandler
                0x080008e8                DMA1_Channel2_3_IRQHandler
                0x080008e8                USART2_IRQHandler
                0x080008e8                FLASH_IRQHandler
                0x080008e8                USART1_IRQHandler
                0x080008e8                TIM1_BRK_UP_TRG_COM_IRQHandler
 *fill*         0x080008ea        0x2 
 .text.HAL_Init
                0x080008ec       0x28 ./Drivers/STM32F0xx_HAL_Driver/Src/stm32f0xx_hal.o
                0x080008ec                HAL_Init
 .text.HAL_InitTick
                0x08000914       0x68 ./Drivers/STM32F0xx_HAL_Driver/Src/stm32f0xx_hal.o
                0x08000914                HAL_InitTick
 .text.HAL_IncTick
                0x0800097c       0x24 ./Drivers/STM32F0xx_HAL_Driver/Src/stm32f0xx_hal.o
                0x0800097c                HAL_IncTick
 .text.HAL_GetTick
                0x080009a0       0x14 ./Drivers/STM32F0xx_HAL_Driver/Src/stm32f0xx_hal.o
                0x080009a0                HAL_GetTick
 .text.__NVIC_EnableIRQ
                0x080009b4       0x34 ./Drivers/STM32F0xx_HAL_Driver/Src/stm32f0xx_hal_cortex.o
 .text.__NVIC_SetPriority
                0x080009e8       0xdc ./Drivers/STM32F0xx_HAL_Driver/Src/stm32f0xx_hal_cortex.o
 .text.SysTick_Config
                0x08000ac4       0x48 ./Drivers/STM32F0xx_HAL_Driver/Src/stm32f0xx_hal_cortex.o
 .text.HAL_NVIC_SetPriority
                0x08000b0c       0x2a ./Drivers/STM32F0xx_HAL_Driver/Src/stm32f0xx_hal_cortex.o
                0x08000b0c                HAL_NVIC_SetPriority
 .text.HAL_NVIC_EnableIRQ
                0x08000b36       0x20 ./Drivers/STM32F0xx_HAL_Driver/Src/stm32f0xx_hal_cortex.o
                0x08000b36                HAL_NVIC_EnableIRQ
 .text.HAL_SYSTICK_Config
                0x08000b56       0x1a ./Drivers/STM32F0xx_HAL_Driver/Src/stm32f0xx_hal_cortex.o
                0x08000b56                HAL_SYSTICK_Config
 .text.HAL_DMA_Init
                0x08000b70       0x90 ./Drivers/STM32F0xx_HAL_Driver/Src/stm32f0xx_hal_dma.o
                0x08000b70                HAL_DMA_Init
 .text.HAL_DMA_IRQHandler
                0x08000c00      0x144 ./Drivers/STM32F0xx_HAL_Driver/Src/stm32f0xx_hal_dma.o
                0x08000c00                HAL_DMA_IRQHandler
 .text.DMA_CalcBaseAndBitshift
                0x08000d44       0x38 ./Drivers/STM32F0xx_HAL_Driver/Src/stm32f0xx_hal_dma.o
 .text.HAL_GPIO_Init
                0x08000d7c      0x2f0 ./Drivers/STM32F0xx_HAL_Driver/Src/stm32f0xx_hal_gpio.o
                0x08000d7c                HAL_GPIO_Init
 .text.HAL_GPIO_WritePin
                0x0800106c       0x3a ./Drivers/STM32F0xx_HAL_Driver/Src/stm32f0xx_hal_gpio.o
                0x0800106c                HAL_GPIO_WritePin
 *fill*         0x080010a6        0x2 
 .text.HAL_PCD_Init
                0x080010a8      0x1e8 ./Drivers/STM32F0xx_HAL_Driver/Src/stm32f0xx_hal_pcd.o
                0x080010a8                HAL_PCD_Init
 .text.HAL_PCD_Start
                0x08001290       0x4a ./Drivers/STM32F0xx_HAL_Driver/Src/stm32f0xx_hal_pcd.o
                0x08001290                HAL_PCD_Start
 *fill*         0x080012da        0x2 
 .text.HAL_PCD_IRQHandler
                0x080012dc      0x288 ./Drivers/STM32F0xx_HAL_Driver/Src/stm32f0xx_hal_pcd.o
                0x080012dc                HAL_PCD_IRQHandler
 .text.HAL_PCD_SetAddress
                0x08001564       0x54 ./Drivers/STM32F0xx_HAL_Driver/Src/stm32f0xx_hal_pcd.o
                0x08001564                HAL_PCD_SetAddress
 .text.HAL_PCD_EP_Open
                0x080015b8       0xde ./Drivers/STM32F0xx_HAL_Driver/Src/stm32f0xx_hal_pcd.o
                0x080015b8                HAL_PCD_EP_Open
 .text.HAL_PCD_EP_Close
                0x08001696       0xa2 ./Drivers/STM32F0xx_HAL_Driver/Src/stm32f0xx_hal_pcd.o
                0x08001696                HAL_PCD_EP_Close
 .text.HAL_PCD_EP_Receive
                0x08001738       0x6e ./Drivers/STM32F0xx_HAL_Driver/Src/stm32f0xx_hal_pcd.o
                0x08001738                HAL_PCD_EP_Receive
 .text.HAL_PCD_EP_Transmit
                0x080017a6       0x78 ./Drivers/STM32F0xx_HAL_Driver/Src/stm32f0xx_hal_pcd.o
                0x080017a6                HAL_PCD_EP_Transmit
 .text.HAL_PCD_EP_SetStall
                0x0800181e       0xb8 ./Drivers/STM32F0xx_HAL_Driver/Src/stm32f0xx_hal_pcd.o
                0x0800181e                HAL_PCD_EP_SetStall
 .text.HAL_PCD_EP_ClrStall
                0x080018d6       0xbc ./Drivers/STM32F0xx_HAL_Driver/Src/stm32f0xx_hal_pcd.o
                0x080018d6                HAL_PCD_EP_ClrStall
 *fill*         0x08001992        0x2 
 .text.PCD_EP_ISR_Handler
                0x08001994      0x808 ./Drivers/STM32F0xx_HAL_Driver/Src/stm32f0xx_hal_pcd.o
 .text.HAL_PCD_EP_DB_Receive
                0x0800219c      0x238 ./Drivers/STM32F0xx_HAL_Driver/Src/stm32f0xx_hal_pcd.o
 .text.HAL_PCD_EP_DB_Transmit
                0x080023d4      0x820 ./Drivers/STM32F0xx_HAL_Driver/Src/stm32f0xx_hal_pcd.o
 .text.HAL_PCDEx_PMAConfig
                0x08002bf4       0x9c ./Drivers/STM32F0xx_HAL_Driver/Src/stm32f0xx_hal_pcd_ex.o
                0x08002bf4                HAL_PCDEx_PMAConfig
 .text.HAL_PCDEx_ActivateLPM
                0x08002c90       0x54 ./Drivers/STM32F0xx_HAL_Driver/Src/stm32f0xx_hal_pcd_ex.o
                0x08002c90                HAL_PCDEx_ActivateLPM
 .text.HAL_PCDEx_LPM_Callback
                0x08002ce4       0x16 ./Drivers/STM32F0xx_HAL_Driver/Src/stm32f0xx_hal_pcd_ex.o
                0x08002ce4                HAL_PCDEx_LPM_Callback
 *fill*         0x08002cfa        0x2 
 .text.HAL_RCC_OscConfig
                0x08002cfc      0x70c ./Drivers/STM32F0xx_HAL_Driver/Src/stm32f0xx_hal_rcc.o
                0x08002cfc                HAL_RCC_OscConfig
 .text.HAL_RCC_ClockConfig
                0x08003408      0x1b4 ./Drivers/STM32F0xx_HAL_Driver/Src/stm32f0xx_hal_rcc.o
                0x08003408                HAL_RCC_ClockConfig
 .text.HAL_RCC_GetSysClockFreq
                0x080035bc       0xe4 ./Drivers/STM32F0xx_HAL_Driver/Src/stm32f0xx_hal_rcc.o
                0x080035bc                HAL_RCC_GetSysClockFreq
 .text.HAL_RCCEx_PeriphCLKConfig
                0x080036a0      0x1fc ./Drivers/STM32F0xx_HAL_Driver/Src/stm32f0xx_hal_rcc_ex.o
                0x080036a0                HAL_RCCEx_PeriphCLKConfig
 .text.HAL_TIM_Base_Init
                0x0800389c       0xa0 ./Drivers/STM32F0xx_HAL_Driver/Src/stm32f0xx_hal_tim.o
                0x0800389c                HAL_TIM_Base_Init
 .text.HAL_TIM_PWM_Init
                0x0800393c       0xa0 ./Drivers/STM32F0xx_HAL_Driver/Src/stm32f0xx_hal_tim.o
                0x0800393c                HAL_TIM_PWM_Init
 .text.HAL_TIM_PWM_MspInit
                0x080039dc       0x10 ./Drivers/STM32F0xx_HAL_Driver/Src/stm32f0xx_hal_tim.o
                0x080039dc                HAL_TIM_PWM_MspInit
 .text.HAL_TIM_PWM_ConfigChannel
                0x080039ec      0x18c ./Drivers/STM32F0xx_HAL_Driver/Src/stm32f0xx_hal_tim.o
                0x080039ec                HAL_TIM_PWM_ConfigChannel
 .text.HAL_TIM_ConfigClockSource
                0x08003b78      0x1a8 ./Drivers/STM32F0xx_HAL_Driver/Src/stm32f0xx_hal_tim.o
                0x08003b78                HAL_TIM_ConfigClockSource
 .text.TIM_Base_SetConfig
                0x08003d20      0x11c ./Drivers/STM32F0xx_HAL_Driver/Src/stm32f0xx_hal_tim.o
                0x08003d20                TIM_Base_SetConfig
 .text.TIM_OC1_SetConfig
                0x08003e3c      0x110 ./Drivers/STM32F0xx_HAL_Driver/Src/stm32f0xx_hal_tim.o
 .text.TIM_OC2_SetConfig
                0x08003f4c      0x108 ./Drivers/STM32F0xx_HAL_Driver/Src/stm32f0xx_hal_tim.o
                0x08003f4c                TIM_OC2_SetConfig
 .text.TIM_OC3_SetConfig
                0x08004054      0x10c ./Drivers/STM32F0xx_HAL_Driver/Src/stm32f0xx_hal_tim.o
 .text.TIM_OC4_SetConfig
                0x08004160       0xd4 ./Drivers/STM32F0xx_HAL_Driver/Src/stm32f0xx_hal_tim.o
 .text.TIM_TI1_ConfigInputStage
                0x08004234       0x5c ./Drivers/STM32F0xx_HAL_Driver/Src/stm32f0xx_hal_tim.o
 .text.TIM_TI2_ConfigInputStage
                0x08004290       0x64 ./Drivers/STM32F0xx_HAL_Driver/Src/stm32f0xx_hal_tim.o
 .text.TIM_ITRx_SetConfig
                0x080042f4       0x32 ./Drivers/STM32F0xx_HAL_Driver/Src/stm32f0xx_hal_tim.o
 *fill*         0x08004326        0x2 
 .text.TIM_ETR_SetConfig
                0x08004328       0x40 ./Drivers/STM32F0xx_HAL_Driver/Src/stm32f0xx_hal_tim.o
                0x08004328                TIM_ETR_SetConfig
 .text.HAL_TIMEx_MasterConfigSynchronization
                0x08004368       0xbc ./Drivers/STM32F0xx_HAL_Driver/Src/stm32f0xx_hal_tim_ex.o
                0x08004368                HAL_TIMEx_MasterConfigSynchronization
 .text.USB_EnableGlobalInt
                0x08004424       0x2c ./Drivers/STM32F0xx_HAL_Driver/Src/stm32f0xx_ll_usb.o
                0x08004424                USB_EnableGlobalInt
 .text.USB_DisableGlobalInt
                0x08004450       0x34 ./Drivers/STM32F0xx_HAL_Driver/Src/stm32f0xx_ll_usb.o
                0x08004450                USB_DisableGlobalInt
 .text.USB_DevInit
                0x08004484       0x38 ./Drivers/STM32F0xx_HAL_Driver/Src/stm32f0xx_ll_usb.o
                0x08004484                USB_DevInit
 .text.USB_ActivateEndpoint
                0x080044bc      0x750 ./Drivers/STM32F0xx_HAL_Driver/Src/stm32f0xx_ll_usb.o
                0x080044bc                USB_ActivateEndpoint
 .text.USB_DeactivateEndpoint
                0x08004c0c      0x380 ./Drivers/STM32F0xx_HAL_Driver/Src/stm32f0xx_ll_usb.o
                0x08004c0c                USB_DeactivateEndpoint
 .text.USB_EPStartXfer
                0x08004f8c     0x1260 ./Drivers/STM32F0xx_HAL_Driver/Src/stm32f0xx_ll_usb.o
                0x08004f8c                USB_EPStartXfer
 .text.USB_EPSetStall
                0x080061ec       0xa0 ./Drivers/STM32F0xx_HAL_Driver/Src/stm32f0xx_ll_usb.o
                0x080061ec                USB_EPSetStall
 .text.USB_EPClearStall
                0x0800628c      0x164 ./Drivers/STM32F0xx_HAL_Driver/Src/stm32f0xx_ll_usb.o
                0x0800628c                USB_EPClearStall
 .text.USB_SetDevAddress
                0x080063f0       0x28 ./Drivers/STM32F0xx_HAL_Driver/Src/stm32f0xx_ll_usb.o
                0x080063f0                USB_SetDevAddress
 .text.USB_DevConnect
                0x08006418       0x2c ./Drivers/STM32F0xx_HAL_Driver/Src/stm32f0xx_ll_usb.o
                0x08006418                USB_DevConnect
 .text.USB_ReadInterrupts
                0x08006444       0x1c ./Drivers/STM32F0xx_HAL_Driver/Src/stm32f0xx_ll_usb.o
                0x08006444                USB_ReadInterrupts
 .text.USB_WritePMA
                0x08006460       0x94 ./Drivers/STM32F0xx_HAL_Driver/Src/stm32f0xx_ll_usb.o
                0x08006460                USB_WritePMA
 .text.USB_ReadPMA
                0x080064f4       0x9e ./Drivers/STM32F0xx_HAL_Driver/Src/stm32f0xx_ll_usb.o
                0x080064f4                USB_ReadPMA
 .text.USBD_CUSTOM_HID_Init
                0x08006592       0x98 ./Middlewares/ST/STM32_USB_Device_Library/Class/CustomHID/Src/usbd_customhid.o
 .text.USBD_CUSTOM_HID_DeInit
                0x0800662a       0x6c ./Middlewares/ST/STM32_USB_Device_Library/Class/CustomHID/Src/usbd_customhid.o
 *fill*         0x08006696        0x2 
 .text.USBD_CUSTOM_HID_Setup
                0x08006698      0x220 ./Middlewares/ST/STM32_USB_Device_Library/Class/CustomHID/Src/usbd_customhid.o
 .text.USBD_CUSTOM_HID_GetFSCfgDesc
                0x080068b8       0x1c ./Middlewares/ST/STM32_USB_Device_Library/Class/CustomHID/Src/usbd_customhid.o
 .text.USBD_CUSTOM_HID_GetHSCfgDesc
                0x080068d4       0x1c ./Middlewares/ST/STM32_USB_Device_Library/Class/CustomHID/Src/usbd_customhid.o
 .text.USBD_CUSTOM_HID_GetOtherSpeedCfgDesc
                0x080068f0       0x1c ./Middlewares/ST/STM32_USB_Device_Library/Class/CustomHID/Src/usbd_customhid.o
 .text.USBD_CUSTOM_HID_DataIn
                0x0800690c       0x24 ./Middlewares/ST/STM32_USB_Device_Library/Class/CustomHID/Src/usbd_customhid.o
 .text.USBD_CUSTOM_HID_DataOut
                0x08006930       0x44 ./Middlewares/ST/STM32_USB_Device_Library/Class/CustomHID/Src/usbd_customhid.o
 .text.USBD_CUSTOM_HID_EP0_RxReady
                0x08006974       0x40 ./Middlewares/ST/STM32_USB_Device_Library/Class/CustomHID/Src/usbd_customhid.o
 .text.USBD_CUSTOM_HID_GetDeviceQualifierDesc
                0x080069b4       0x1c ./Middlewares/ST/STM32_USB_Device_Library/Class/CustomHID/Src/usbd_customhid.o
 .text.USBD_CUSTOM_HID_RegisterInterface
                0x080069d0       0x36 ./Middlewares/ST/STM32_USB_Device_Library/Class/CustomHID/Src/usbd_customhid.o
                0x080069d0                USBD_CUSTOM_HID_RegisterInterface
 .text.USBD_Init
                0x08006a06       0x62 ./Middlewares/ST/STM32_USB_Device_Library/Core/Src/usbd_core.o
                0x08006a06                USBD_Init
 .text.USBD_RegisterClass
                0x08006a68       0x40 ./Middlewares/ST/STM32_USB_Device_Library/Core/Src/usbd_core.o
                0x08006a68                USBD_RegisterClass
 .text.USBD_Start
                0x08006aa8       0x1a ./Middlewares/ST/STM32_USB_Device_Library/Core/Src/usbd_core.o
                0x08006aa8                USBD_Start
 .text.USBD_RunTestMode
                0x08006ac2       0x12 ./Middlewares/ST/STM32_USB_Device_Library/Core/Src/usbd_core.o
                0x08006ac2                USBD_RunTestMode
 .text.USBD_SetClassConfig
                0x08006ad4       0x4e ./Middlewares/ST/STM32_USB_Device_Library/Core/Src/usbd_core.o
                0x08006ad4                USBD_SetClassConfig
 .text.USBD_ClrClassConfig
                0x08006b22       0x2c ./Middlewares/ST/STM32_USB_Device_Library/Core/Src/usbd_core.o
                0x08006b22                USBD_ClrClassConfig
 *fill*         0x08006b4e        0x2 
 .text.USBD_LL_SetupStage
                0x08006b50       0xbc ./Middlewares/ST/STM32_USB_Device_Library/Core/Src/usbd_core.o
                0x08006b50                USBD_LL_SetupStage
 .text.USBD_LL_DataOutStage
                0x08006c0c      0x104 ./Middlewares/ST/STM32_USB_Device_Library/Core/Src/usbd_core.o
                0x08006c0c                USBD_LL_DataOutStage
 .text.USBD_LL_DataInStage
                0x08006d10      0x17a ./Middlewares/ST/STM32_USB_Device_Library/Core/Src/usbd_core.o
                0x08006d10                USBD_LL_DataInStage
 .text.USBD_LL_Reset
                0x08006e8a       0x90 ./Middlewares/ST/STM32_USB_Device_Library/Core/Src/usbd_core.o
                0x08006e8a                USBD_LL_Reset
 .text.USBD_LL_SetSpeed
                0x08006f1a       0x20 ./Middlewares/ST/STM32_USB_Device_Library/Core/Src/usbd_core.o
                0x08006f1a                USBD_LL_SetSpeed
 *fill*         0x08006f3a        0x2 
 .text.USBD_LL_Suspend
                0x08006f3c       0x30 ./Middlewares/ST/STM32_USB_Device_Library/Core/Src/usbd_core.o
                0x08006f3c                USBD_LL_Suspend
 .text.USBD_LL_Resume
                0x08006f6c       0x30 ./Middlewares/ST/STM32_USB_Device_Library/Core/Src/usbd_core.o
                0x08006f6c                USBD_LL_Resume
 .text.USBD_LL_SOF
                0x08006f9c       0x3c ./Middlewares/ST/STM32_USB_Device_Library/Core/Src/usbd_core.o
                0x08006f9c                USBD_LL_SOF
 .text.USBD_StdDevReq
                0x08006fd8       0xe4 ./Middlewares/ST/STM32_USB_Device_Library/Core/Src/usbd_ctlreq.o
                0x08006fd8                USBD_StdDevReq
 .text.USBD_StdItfReq
                0x080070bc       0xae ./Middlewares/ST/STM32_USB_Device_Library/Core/Src/usbd_ctlreq.o
                0x080070bc                USBD_StdItfReq
 .text.USBD_StdEPReq
                0x0800716a      0x36c ./Middlewares/ST/STM32_USB_Device_Library/Core/Src/usbd_ctlreq.o
                0x0800716a                USBD_StdEPReq
 *fill*         0x080074d6        0x2 
 .text.USBD_GetDescriptor
                0x080074d8      0x364 ./Middlewares/ST/STM32_USB_Device_Library/Core/Src/usbd_ctlreq.o
 .text.USBD_SetAddress
                0x0800783c       0xa8 ./Middlewares/ST/STM32_USB_Device_Library/Core/Src/usbd_ctlreq.o
 .text.USBD_SetConfig
                0x080078e4      0x148 ./Middlewares/ST/STM32_USB_Device_Library/Core/Src/usbd_ctlreq.o
 .text.USBD_GetConfig
                0x08007a2c       0x76 ./Middlewares/ST/STM32_USB_Device_Library/Core/Src/usbd_ctlreq.o
 .text.USBD_GetStatus
                0x08007aa2       0x74 ./Middlewares/ST/STM32_USB_Device_Library/Core/Src/usbd_ctlreq.o
 .text.USBD_SetFeature
                0x08007b16       0x2c ./Middlewares/ST/STM32_USB_Device_Library/Core/Src/usbd_ctlreq.o
 .text.USBD_ClrFeature
                0x08007b42       0x4c ./Middlewares/ST/STM32_USB_Device_Library/Core/Src/usbd_ctlreq.o
 .text.USBD_ParseSetupRequest
                0x08007b8e       0x70 ./Middlewares/ST/STM32_USB_Device_Library/Core/Src/usbd_ctlreq.o
                0x08007b8e                USBD_ParseSetupRequest
 .text.USBD_CtlError
                0x08007bfe       0x26 ./Middlewares/ST/STM32_USB_Device_Library/Core/Src/usbd_ctlreq.o
                0x08007bfe                USBD_CtlError
 .text.USBD_GetString
                0x08007c24       0x9c ./Middlewares/ST/STM32_USB_Device_Library/Core/Src/usbd_ctlreq.o
                0x08007c24                USBD_GetString
 .text.USBD_GetLen
                0x08007cc0       0x3a ./Middlewares/ST/STM32_USB_Device_Library/Core/Src/usbd_ctlreq.o
 .text.USBD_CtlSendData
                0x08007cfa       0x40 ./Middlewares/ST/STM32_USB_Device_Library/Core/Src/usbd_ioreq.o
                0x08007cfa                USBD_CtlSendData
 .text.USBD_CtlContinueSendData
                0x08007d3a       0x26 ./Middlewares/ST/STM32_USB_Device_Library/Core/Src/usbd_ioreq.o
                0x08007d3a                USBD_CtlContinueSendData
 .text.USBD_CtlPrepareRx
                0x08007d60       0x48 ./Middlewares/ST/STM32_USB_Device_Library/Core/Src/usbd_ioreq.o
                0x08007d60                USBD_CtlPrepareRx
 .text.USBD_CtlContinueRx
                0x08007da8       0x26 ./Middlewares/ST/STM32_USB_Device_Library/Core/Src/usbd_ioreq.o
                0x08007da8                USBD_CtlContinueRx
 .text.USBD_CtlSendStatus
                0x08007dce       0x28 ./Middlewares/ST/STM32_USB_Device_Library/Core/Src/usbd_ioreq.o
                0x08007dce                USBD_CtlSendStatus
 .text.USBD_CtlReceiveStatus
                0x08007df6       0x28 ./Middlewares/ST/STM32_USB_Device_Library/Core/Src/usbd_ioreq.o
                0x08007df6                USBD_CtlReceiveStatus
 *fill*         0x08007e1e        0x2 
 .text.MX_USB_DEVICE_Init
                0x08007e20       0x68 ./USB_DEVICE/App/usb_device.o
                0x08007e20                MX_USB_DEVICE_Init
 .text.CUSTOM_HID_Init_FS
                0x08007e88        0xc ./USB_DEVICE/App/usbd_custom_hid_if.o
 .text.CUSTOM_HID_DeInit_FS
                0x08007e94        0xc ./USB_DEVICE/App/usbd_custom_hid_if.o
 .text.CUSTOM_HID_OutEvent_FS
                0x08007ea0       0x1c ./USB_DEVICE/App/usbd_custom_hid_if.o
 .text.USBD_FS_DeviceDescriptor
                0x08007ebc       0x24 ./USB_DEVICE/App/usbd_desc.o
                0x08007ebc                USBD_FS_DeviceDescriptor
 .text.USBD_FS_LangIDStrDescriptor
                0x08007ee0       0x24 ./USB_DEVICE/App/usbd_desc.o
                0x08007ee0                USBD_FS_LangIDStrDescriptor
 .text.USBD_FS_ProductStrDescriptor
                0x08007f04       0x44 ./USB_DEVICE/App/usbd_desc.o
                0x08007f04                USBD_FS_ProductStrDescriptor
 .text.USBD_FS_ManufacturerStrDescriptor
                0x08007f48       0x2c ./USB_DEVICE/App/usbd_desc.o
                0x08007f48                USBD_FS_ManufacturerStrDescriptor
 .text.USBD_FS_SerialStrDescriptor
                0x08007f74       0x28 ./USB_DEVICE/App/usbd_desc.o
                0x08007f74                USBD_FS_SerialStrDescriptor
 .text.USBD_FS_ConfigStrDescriptor
                0x08007f9c       0x44 ./USB_DEVICE/App/usbd_desc.o
                0x08007f9c                USBD_FS_ConfigStrDescriptor
 .text.USBD_FS_InterfaceStrDescriptor
                0x08007fe0       0x44 ./USB_DEVICE/App/usbd_desc.o
                0x08007fe0                USBD_FS_InterfaceStrDescriptor
 .text.Get_SerialNum
                0x08008024       0x5c ./USB_DEVICE/App/usbd_desc.o
 .text.IntToUnicode
                0x08008080       0x96 ./USB_DEVICE/App/usbd_desc.o
 *fill*         0x08008116        0x2 
 .text.HAL_PCD_MspInit
                0x08008118       0x50 ./USB_DEVICE/Target/usbd_conf.o
                0x08008118                HAL_PCD_MspInit
 .text.HAL_PCD_SetupStageCallback
                0x08008168       0x2a ./USB_DEVICE/Target/usbd_conf.o
                0x08008168                HAL_PCD_SetupStageCallback
 .text.HAL_PCD_DataOutStageCallback
                0x08008192       0x42 ./USB_DEVICE/Target/usbd_conf.o
                0x08008192                HAL_PCD_DataOutStageCallback
 .text.HAL_PCD_DataInStageCallback
                0x080081d4       0x3c ./USB_DEVICE/Target/usbd_conf.o
                0x080081d4                HAL_PCD_DataInStageCallback
 .text.HAL_PCD_SOFCallback
                0x08008210       0x1e ./USB_DEVICE/Target/usbd_conf.o
                0x08008210                HAL_PCD_SOFCallback
 .text.HAL_PCD_ResetCallback
                0x0800822e       0x48 ./USB_DEVICE/Target/usbd_conf.o
                0x0800822e                HAL_PCD_ResetCallback
 *fill*         0x08008276        0x2 
 .text.HAL_PCD_SuspendCallback
                0x08008278       0x38 ./USB_DEVICE/Target/usbd_conf.o
                0x08008278                HAL_PCD_SuspendCallback
 .text.HAL_PCD_ResumeCallback
                0x080082b0       0x3c ./USB_DEVICE/Target/usbd_conf.o
                0x080082b0                HAL_PCD_ResumeCallback
 .text.USBD_LL_Init
                0x080082ec       0xb0 ./USB_DEVICE/Target/usbd_conf.o
                0x080082ec                USBD_LL_Init
 .text.USBD_LL_Start
                0x0800839c       0x4a ./USB_DEVICE/Target/usbd_conf.o
                0x0800839c                USBD_LL_Start
 .text.USBD_LL_OpenEP
                0x080083e6       0x6e ./USB_DEVICE/Target/usbd_conf.o
                0x080083e6                USBD_LL_OpenEP
 .text.USBD_LL_CloseEP
                0x08008454       0x56 ./USB_DEVICE/Target/usbd_conf.o
                0x08008454                USBD_LL_CloseEP
 .text.USBD_LL_StallEP
                0x080084aa       0x56 ./USB_DEVICE/Target/usbd_conf.o
                0x080084aa                USBD_LL_StallEP
 .text.USBD_LL_ClearStallEP
                0x08008500       0x56 ./USB_DEVICE/Target/usbd_conf.o
                0x08008500                USBD_LL_ClearStallEP
 .text.USBD_LL_IsStallEP
                0x08008556       0x60 ./USB_DEVICE/Target/usbd_conf.o
                0x08008556                USBD_LL_IsStallEP
 .text.USBD_LL_SetUSBAddress
                0x080085b6       0x56 ./USB_DEVICE/Target/usbd_conf.o
                0x080085b6                USBD_LL_SetUSBAddress
 .text.USBD_LL_Transmit
                0x0800860c       0x6e ./USB_DEVICE/Target/usbd_conf.o
                0x0800860c                USBD_LL_Transmit
 .text.USBD_LL_PrepareReceive
                0x0800867a       0x6e ./USB_DEVICE/Target/usbd_conf.o
                0x0800867a                USBD_LL_PrepareReceive
 .text.USBD_static_malloc
                0x080086e8       0x18 ./USB_DEVICE/Target/usbd_conf.o
                0x080086e8                USBD_static_malloc
 .text.USBD_static_free
                0x08008700       0x10 ./USB_DEVICE/Target/usbd_conf.o
                0x08008700                USBD_static_free
 .text.SystemClockConfig_Resume
                0x08008710        0xe ./USB_DEVICE/Target/usbd_conf.o
 .text.USBD_Get_USB_Status
                0x0800871e       0x6e ./USB_DEVICE/Target/usbd_conf.o
 .text.memset   0x0800878c       0x10 C:/ST/STM32CubeIDE_1.18.1/STM32CubeIDE/plugins/com.st.stm32cube.ide.mcu.externaltools.gnu-tools-for-stm32.13.3.rel1.win32_1.0.0.202411081344/tools/bin/../lib/gcc/arm-none-eabi/13.3.1/../../../../arm-none-eabi/lib/thumb/v6-m/nofp\libc_nano.a(libc_a-memset.o)
                0x0800878c                memset
 .text.__libc_init_array
                0x0800879c       0x48 C:/ST/STM32CubeIDE_1.18.1/STM32CubeIDE/plugins/com.st.stm32cube.ide.mcu.externaltools.gnu-tools-for-stm32.13.3.rel1.win32_1.0.0.202411081344/tools/bin/../lib/gcc/arm-none-eabi/13.3.1/../../../../arm-none-eabi/lib/thumb/v6-m/nofp\libc_nano.a(libc_a-init.o)
                0x0800879c                __libc_init_array
 *(.glue_7)
 .glue_7        0x080087e4        0x0 linker stubs
 *(.glue_7t)
 .glue_7t       0x080087e4        0x0 linker stubs
 *(.eh_frame)
 .eh_frame      0x080087e4        0x0 C:/ST/STM32CubeIDE_1.18.1/STM32CubeIDE/plugins/com.st.stm32cube.ide.mcu.externaltools.gnu-tools-for-stm32.13.3.rel1.win32_1.0.0.202411081344/tools/bin/../lib/gcc/arm-none-eabi/13.3.1/thumb/v6-m/nofp/crtbegin.o
 *(.init)
 .init          0x080087e4        0x4 C:/ST/STM32CubeIDE_1.18.1/STM32CubeIDE/plugins/com.st.stm32cube.ide.mcu.externaltools.gnu-tools-for-stm32.13.3.rel1.win32_1.0.0.202411081344/tools/bin/../lib/gcc/arm-none-eabi/13.3.1/thumb/v6-m/nofp/crti.o
                0x080087e4                _init
 .init          0x080087e8        0x8 C:/ST/STM32CubeIDE_1.18.1/STM32CubeIDE/plugins/com.st.stm32cube.ide.mcu.externaltools.gnu-tools-for-stm32.13.3.rel1.win32_1.0.0.202411081344/tools/bin/../lib/gcc/arm-none-eabi/13.3.1/thumb/v6-m/nofp/crtn.o
 *(.fini)
 .fini          0x080087f0        0x4 C:/ST/STM32CubeIDE_1.18.1/STM32CubeIDE/plugins/com.st.stm32cube.ide.mcu.externaltools.gnu-tools-for-stm32.13.3.rel1.win32_1.0.0.202411081344/tools/bin/../lib/gcc/arm-none-eabi/13.3.1/thumb/v6-m/nofp/crti.o
                0x080087f0                _fini
 .fini          0x080087f4        0x8 C:/ST/STM32CubeIDE_1.18.1/STM32CubeIDE/plugins/com.st.stm32cube.ide.mcu.externaltools.gnu-tools-for-stm32.13.3.rel1.win32_1.0.0.202411081344/tools/bin/../lib/gcc/arm-none-eabi/13.3.1/thumb/v6-m/nofp/crtn.o
                0x080087fc                        . = ALIGN (0x4)
                0x080087fc                        _etext = .

.vfp11_veneer   0x080087fc        0x0
 .vfp11_veneer  0x080087fc        0x0 linker stubs

.v4_bx          0x080087fc        0x0
 .v4_bx         0x080087fc        0x0 linker stubs

.iplt           0x080087fc        0x0
 .iplt          0x080087fc        0x0 C:/ST/STM32CubeIDE_1.18.1/STM32CubeIDE/plugins/com.st.stm32cube.ide.mcu.externaltools.gnu-tools-for-stm32.13.3.rel1.win32_1.0.0.202411081344/tools/bin/../lib/gcc/arm-none-eabi/13.3.1/thumb/v6-m/nofp/crtbegin.o

.rodata         0x080087fc      0x110
                0x080087fc                        . = ALIGN (0x4)
 *(.rodata)
 .rodata        0x080087fc       0x4d ./USB_DEVICE/App/usbd_desc.o
 *(.rodata*)
 *fill*         0x08008849        0x3 
 .rodata.AHBPrescTable
                0x0800884c       0x10 ./Core/Src/system_stm32f0xx.o
                0x0800884c                AHBPrescTable
 .rodata.aPLLMULFactorTable.1
                0x0800885c       0x10 ./Drivers/STM32F0xx_HAL_Driver/Src/stm32f0xx_hal_rcc.o
 .rodata.aPredivFactorTable.0
                0x0800886c       0x10 ./Drivers/STM32F0xx_HAL_Driver/Src/stm32f0xx_hal_rcc.o
 .rodata.USBD_CUSTOM_HID_Setup
                0x0800887c       0x30 ./Middlewares/ST/STM32_USB_Device_Library/Class/CustomHID/Src/usbd_customhid.o
 .rodata.USBD_StdDevReq
                0x080088ac       0x28 ./Middlewares/ST/STM32_USB_Device_Library/Core/Src/usbd_ctlreq.o
 .rodata.USBD_GetDescriptor
                0x080088d4       0x38 ./Middlewares/ST/STM32_USB_Device_Library/Core/Src/usbd_ctlreq.o
                0x0800890c                        . = ALIGN (0x4)

.ARM.extab      0x0800890c        0x0
                0x0800890c                        . = ALIGN (0x4)
 *(.ARM.extab* .gnu.linkonce.armextab.*)
                0x0800890c                        . = ALIGN (0x4)

.ARM            0x0800890c        0x0
                0x0800890c                        . = ALIGN (0x4)
                0x0800890c                        __exidx_start = .
 *(.ARM.exidx*)
                0x0800890c                        __exidx_end = .
                0x0800890c                        . = ALIGN (0x4)

.preinit_array  0x0800890c        0x0
                0x0800890c                        . = ALIGN (0x4)
                0x0800890c                        PROVIDE (__preinit_array_start = .)
 *(.preinit_array*)
                0x0800890c                        PROVIDE (__preinit_array_end = .)
                0x0800890c                        . = ALIGN (0x4)

.init_array     0x0800890c        0x4
                0x0800890c                        . = ALIGN (0x4)
                0x0800890c                        PROVIDE (__init_array_start = .)
 *(SORT_BY_NAME(.init_array.*))
 *(.init_array*)
 .init_array    0x0800890c        0x4 C:/ST/STM32CubeIDE_1.18.1/STM32CubeIDE/plugins/com.st.stm32cube.ide.mcu.externaltools.gnu-tools-for-stm32.13.3.rel1.win32_1.0.0.202411081344/tools/bin/../lib/gcc/arm-none-eabi/13.3.1/thumb/v6-m/nofp/crtbegin.o
                0x08008910                        PROVIDE (__init_array_end = .)
                0x08008910                        . = ALIGN (0x4)

.fini_array     0x08008910        0x4
                0x08008910                        . = ALIGN (0x4)
                [!provide]                        PROVIDE (__fini_array_start = .)
 *(SORT_BY_NAME(.fini_array.*))
 *(.fini_array*)
 .fini_array    0x08008910        0x4 C:/ST/STM32CubeIDE_1.18.1/STM32CubeIDE/plugins/com.st.stm32cube.ide.mcu.externaltools.gnu-tools-for-stm32.13.3.rel1.win32_1.0.0.202411081344/tools/bin/../lib/gcc/arm-none-eabi/13.3.1/thumb/v6-m/nofp/crtbegin.o
                [!provide]                        PROVIDE (__fini_array_end = .)
                0x08008914                        . = ALIGN (0x4)
                0x08008914                        _sidata = LOADADDR (.data)

.rel.dyn        0x08008914        0x0
 .rel.iplt      0x08008914        0x0 C:/ST/STM32CubeIDE_1.18.1/STM32CubeIDE/plugins/com.st.stm32cube.ide.mcu.externaltools.gnu-tools-for-stm32.13.3.rel1.win32_1.0.0.202411081344/tools/bin/../lib/gcc/arm-none-eabi/13.3.1/thumb/v6-m/nofp/crtbegin.o

.data           0x20000000      0x180 load address 0x08008914
                0x20000000                        . = ALIGN (0x4)
                0x20000000                        _sdata = .
 *(.data)
 *(.data*)
 .data.SystemCoreClock
                0x20000000        0x4 ./Core/Src/system_stm32f0xx.o
                0x20000000                SystemCoreClock
 .data.uwTickPrio
                0x20000004        0x4 ./Drivers/STM32F0xx_HAL_Driver/Src/stm32f0xx_hal.o
                0x20000004                uwTickPrio
 .data.uwTickFreq
                0x20000008        0x1 ./Drivers/STM32F0xx_HAL_Driver/Src/stm32f0xx_hal.o
                0x20000008                uwTickFreq
 *fill*         0x20000009        0x3 
 .data.USBD_CUSTOM_HID
                0x2000000c       0x38 ./Middlewares/ST/STM32_USB_Device_Library/Class/CustomHID/Src/usbd_customhid.o
                0x2000000c                USBD_CUSTOM_HID
 .data.USBD_CUSTOM_HID_CfgFSDesc
                0x20000044       0x29 ./Middlewares/ST/STM32_USB_Device_Library/Class/CustomHID/Src/usbd_customhid.o
 *fill*         0x2000006d        0x3 
 .data.USBD_CUSTOM_HID_CfgHSDesc
                0x20000070       0x29 ./Middlewares/ST/STM32_USB_Device_Library/Class/CustomHID/Src/usbd_customhid.o
 *fill*         0x20000099        0x3 
 .data.USBD_CUSTOM_HID_OtherSpeedCfgDesc
                0x2000009c       0x29 ./Middlewares/ST/STM32_USB_Device_Library/Class/CustomHID/Src/usbd_customhid.o
 *fill*         0x200000c5        0x3 
 .data.USBD_CUSTOM_HID_Desc
                0x200000c8        0x9 ./Middlewares/ST/STM32_USB_Device_Library/Class/CustomHID/Src/usbd_customhid.o
 *fill*         0x200000d1        0x3 
 .data.USBD_CUSTOM_HID_DeviceQualifierDesc
                0x200000d4        0xa ./Middlewares/ST/STM32_USB_Device_Library/Class/CustomHID/Src/usbd_customhid.o
 *fill*         0x200000de        0x2 
 .data.CUSTOM_HID_ReportDesc_FS
                0x200000e0       0x3f ./USB_DEVICE/App/usbd_custom_hid_if.o
 *fill*         0x2000011f        0x1 
 .data.USBD_CustomHID_fops_FS
                0x20000120       0x10 ./USB_DEVICE/App/usbd_custom_hid_if.o
                0x20000120                USBD_CustomHID_fops_FS
 .data.FS_Desc  0x20000130       0x1c ./USB_DEVICE/App/usbd_desc.o
                0x20000130                FS_Desc
 .data.USBD_FS_DeviceDesc
                0x2000014c       0x12 ./USB_DEVICE/App/usbd_desc.o
                0x2000014c                USBD_FS_DeviceDesc
 *fill*         0x2000015e        0x2 
 .data.USBD_LangIDDesc
                0x20000160        0x4 ./USB_DEVICE/App/usbd_desc.o
                0x20000160                USBD_LangIDDesc
 .data.USBD_StringSerial
                0x20000164       0x1a ./USB_DEVICE/App/usbd_desc.o
                0x20000164                USBD_StringSerial
 *(.RamFunc)
 *(.RamFunc*)
                0x20000180                        . = ALIGN (0x4)
 *fill*         0x2000017e        0x2 
                0x20000180                        _edata = .

.igot.plt       0x20000180        0x0 load address 0x08008a94
 .igot.plt      0x20000180        0x0 C:/ST/STM32CubeIDE_1.18.1/STM32CubeIDE/plugins/com.st.stm32cube.ide.mcu.externaltools.gnu-tools-for-stm32.13.3.rel1.win32_1.0.0.202411081344/tools/bin/../lib/gcc/arm-none-eabi/13.3.1/thumb/v6-m/nofp/crtbegin.o
                0x20000180                        . = ALIGN (0x4)

.bss            0x20000180      0x8fc load address 0x08008a94
                0x20000180                        _sbss = .
                0x20000180                        __bss_start__ = _sbss
 *(.bss)
 .bss           0x20000180       0x1c C:/ST/STM32CubeIDE_1.18.1/STM32CubeIDE/plugins/com.st.stm32cube.ide.mcu.externaltools.gnu-tools-for-stm32.13.3.rel1.win32_1.0.0.202411081344/tools/bin/../lib/gcc/arm-none-eabi/13.3.1/thumb/v6-m/nofp/crtbegin.o
 *(.bss*)
 .bss.htim2     0x2000019c       0x48 ./Core/Src/main.o
                0x2000019c                htim2
 .bss.htim3     0x200001e4       0x48 ./Core/Src/main.o
                0x200001e4                htim3
 .bss.hdma_tim2_ch1
                0x2000022c       0x44 ./Core/Src/main.o
                0x2000022c                hdma_tim2_ch1
 .bss.hdma_tim3_ch1_trig
                0x20000270       0x44 ./Core/Src/main.o
                0x20000270                hdma_tim3_ch1_trig
 .bss.uwTick    0x200002b4        0x4 ./Drivers/STM32F0xx_HAL_Driver/Src/stm32f0xx_hal.o
                0x200002b4                uwTick
 .bss.cfgidx.0  0x200002b8        0x1 ./Middlewares/ST/STM32_USB_Device_Library/Core/Src/usbd_ctlreq.o
 *fill*         0x200002b9        0x3 
 .bss.hUsbDeviceFS
                0x200002bc      0x2c4 ./USB_DEVICE/App/usb_device.o
                0x200002bc                hUsbDeviceFS
 .bss.USBD_StrDesc
                0x20000580      0x200 ./USB_DEVICE/App/usbd_desc.o
                0x20000580                USBD_StrDesc
 .bss.hpcd_USB_FS
                0x20000780      0x2dc ./USB_DEVICE/Target/usbd_conf.o
                0x20000780                hpcd_USB_FS
 .bss.mem.0     0x20000a5c       0x20 ./USB_DEVICE/Target/usbd_conf.o
 *(COMMON)
                0x20000a7c                        . = ALIGN (0x4)
                0x20000a7c                        _ebss = .
                0x20000a7c                        __bss_end__ = _ebss

._user_heap_stack
                0x20000a7c      0x604 load address 0x08008a94
                0x20000a80                        . = ALIGN (0x8)
 *fill*         0x20000a7c        0x4 
                [!provide]                        PROVIDE (end = .)
                0x20000a80                        PROVIDE (_end = .)
                0x20000c80                        . = (. + _Min_Heap_Size)
 *fill*         0x20000a80      0x200 
                0x20001080                        . = (. + _Min_Stack_Size)
 *fill*         0x20000c80      0x400 
                0x20001080                        . = ALIGN (0x8)

/DISCARD/
 libc.a(*)
 libm.a(*)
 libgcc.a(*)

.ARM.attributes
                0x00000000       0x28
 *(.ARM.attributes)
 .ARM.attributes
                0x00000000       0x1e C:/ST/STM32CubeIDE_1.18.1/STM32CubeIDE/plugins/com.st.stm32cube.ide.mcu.externaltools.gnu-tools-for-stm32.13.3.rel1.win32_1.0.0.202411081344/tools/bin/../lib/gcc/arm-none-eabi/13.3.1/thumb/v6-m/nofp/crti.o
 .ARM.attributes
                0x0000001e       0x2c C:/ST/STM32CubeIDE_1.18.1/STM32CubeIDE/plugins/com.st.stm32cube.ide.mcu.externaltools.gnu-tools-for-stm32.13.3.rel1.win32_1.0.0.202411081344/tools/bin/../lib/gcc/arm-none-eabi/13.3.1/thumb/v6-m/nofp/crtbegin.o
 .ARM.attributes
                0x0000004a       0x2c ./Core/Src/main.o
 .ARM.attributes
                0x00000076       0x2c ./Core/Src/stm32f0xx_hal_msp.o
 .ARM.attributes
                0x000000a2       0x2c ./Core/Src/stm32f0xx_it.o
 .ARM.attributes
                0x000000ce       0x2c ./Core/Src/system_stm32f0xx.o
 .ARM.attributes
                0x000000fa       0x21 ./Core/Startup/startup_stm32f072cbtx.o
 .ARM.attributes
                0x0000011b       0x2c ./Drivers/STM32F0xx_HAL_Driver/Src/stm32f0xx_hal.o
 .ARM.attributes
                0x00000147       0x2c ./Drivers/STM32F0xx_HAL_Driver/Src/stm32f0xx_hal_cortex.o
 .ARM.attributes
                0x00000173       0x2c ./Drivers/STM32F0xx_HAL_Driver/Src/stm32f0xx_hal_dma.o
 .ARM.attributes
                0x0000019f       0x2c ./Drivers/STM32F0xx_HAL_Driver/Src/stm32f0xx_hal_gpio.o
 .ARM.attributes
                0x000001cb       0x2c ./Drivers/STM32F0xx_HAL_Driver/Src/stm32f0xx_hal_pcd.o
 .ARM.attributes
                0x000001f7       0x2c ./Drivers/STM32F0xx_HAL_Driver/Src/stm32f0xx_hal_pcd_ex.o
 .ARM.attributes
                0x00000223       0x2c ./Drivers/STM32F0xx_HAL_Driver/Src/stm32f0xx_hal_rcc.o
 .ARM.attributes
                0x0000024f       0x2c ./Drivers/STM32F0xx_HAL_Driver/Src/stm32f0xx_hal_rcc_ex.o
 .ARM.attributes
                0x0000027b       0x2c ./Drivers/STM32F0xx_HAL_Driver/Src/stm32f0xx_hal_tim.o
 .ARM.attributes
                0x000002a7       0x2c ./Drivers/STM32F0xx_HAL_Driver/Src/stm32f0xx_hal_tim_ex.o
 .ARM.attributes
                0x000002d3       0x2c ./Drivers/STM32F0xx_HAL_Driver/Src/stm32f0xx_ll_usb.o
 .ARM.attributes
                0x000002ff       0x2c ./Middlewares/ST/STM32_USB_Device_Library/Class/CustomHID/Src/usbd_customhid.o
 .ARM.attributes
                0x0000032b       0x2c ./Middlewares/ST/STM32_USB_Device_Library/Core/Src/usbd_core.o
 .ARM.attributes
                0x00000357       0x2c ./Middlewares/ST/STM32_USB_Device_Library/Core/Src/usbd_ctlreq.o
 .ARM.attributes
                0x00000383       0x2c ./Middlewares/ST/STM32_USB_Device_Library/Core/Src/usbd_ioreq.o
 .ARM.attributes
                0x000003af       0x2c ./USB_DEVICE/App/usb_device.o
 .ARM.attributes
                0x000003db       0x2c ./USB_DEVICE/App/usbd_custom_hid_if.o
 .ARM.attributes
                0x00000407       0x2c ./USB_DEVICE/App/usbd_desc.o
 .ARM.attributes
                0x00000433       0x2c ./USB_DEVICE/Target/usbd_conf.o
 .ARM.attributes
                0x0000045f       0x2c C:/ST/STM32CubeIDE_1.18.1/STM32CubeIDE/plugins/com.st.stm32cube.ide.mcu.externaltools.gnu-tools-for-stm32.13.3.rel1.win32_1.0.0.202411081344/tools/bin/../lib/gcc/arm-none-eabi/13.3.1/../../../../arm-none-eabi/lib/thumb/v6-m/nofp\libc_nano.a(libc_a-memset.o)
 .ARM.attributes
                0x0000048b       0x2c C:/ST/STM32CubeIDE_1.18.1/STM32CubeIDE/plugins/com.st.stm32cube.ide.mcu.externaltools.gnu-tools-for-stm32.13.3.rel1.win32_1.0.0.202411081344/tools/bin/../lib/gcc/arm-none-eabi/13.3.1/../../../../arm-none-eabi/lib/thumb/v6-m/nofp\libc_nano.a(libc_a-init.o)
 .ARM.attributes
                0x000004b7       0x1e C:/ST/STM32CubeIDE_1.18.1/STM32CubeIDE/plugins/com.st.stm32cube.ide.mcu.externaltools.gnu-tools-for-stm32.13.3.rel1.win32_1.0.0.202411081344/tools/bin/../lib/gcc/arm-none-eabi/13.3.1/thumb/v6-m/nofp\libgcc.a(_udivsi3.o)
 .ARM.attributes
                0x000004d5       0x1e C:/ST/STM32CubeIDE_1.18.1/STM32CubeIDE/plugins/com.st.stm32cube.ide.mcu.externaltools.gnu-tools-for-stm32.13.3.rel1.win32_1.0.0.202411081344/tools/bin/../lib/gcc/arm-none-eabi/13.3.1/thumb/v6-m/nofp\libgcc.a(_dvmd_tls.o)
 .ARM.attributes
                0x000004f3       0x1e C:/ST/STM32CubeIDE_1.18.1/STM32CubeIDE/plugins/com.st.stm32cube.ide.mcu.externaltools.gnu-tools-for-stm32.13.3.rel1.win32_1.0.0.202411081344/tools/bin/../lib/gcc/arm-none-eabi/13.3.1/thumb/v6-m/nofp/crtn.o
OUTPUT(KeyBored_Firm.elf elf32-littlearm)
LOAD linker stubs
LOAD C:/ST/STM32CubeIDE_1.18.1/STM32CubeIDE/plugins/com.st.stm32cube.ide.mcu.externaltools.gnu-tools-for-stm32.13.3.rel1.win32_1.0.0.202411081344/tools/bin/../lib/gcc/arm-none-eabi/13.3.1/../../../../arm-none-eabi/lib/thumb/v6-m/nofp\libc.a
LOAD C:/ST/STM32CubeIDE_1.18.1/STM32CubeIDE/plugins/com.st.stm32cube.ide.mcu.externaltools.gnu-tools-for-stm32.13.3.rel1.win32_1.0.0.202411081344/tools/bin/../lib/gcc/arm-none-eabi/13.3.1/../../../../arm-none-eabi/lib/thumb/v6-m/nofp\libm.a
LOAD C:/ST/STM32CubeIDE_1.18.1/STM32CubeIDE/plugins/com.st.stm32cube.ide.mcu.externaltools.gnu-tools-for-stm32.13.3.rel1.win32_1.0.0.202411081344/tools/bin/../lib/gcc/arm-none-eabi/13.3.1/thumb/v6-m/nofp\libgcc.a

.debug_info     0x00000000    0x10723
 .debug_info    0x00000000      0xfaf ./Core/Src/main.o
 .debug_info    0x00000faf      0x995 ./Core/Src/stm32f0xx_hal_msp.o
 .debug_info    0x00001944      0x810 ./Core/Src/stm32f0xx_it.o
 .debug_info    0x00002154      0x242 ./Core/Src/system_stm32f0xx.o
 .debug_info    0x00002396       0x30 ./Core/Startup/startup_stm32f072cbtx.o
 .debug_info    0x000023c6      0x6c9 ./Drivers/STM32F0xx_HAL_Driver/Src/stm32f0xx_hal.o
 .debug_info    0x00002a8f      0x6c5 ./Drivers/STM32F0xx_HAL_Driver/Src/stm32f0xx_hal_cortex.o
 .debug_info    0x00003154      0x6ea ./Drivers/STM32F0xx_HAL_Driver/Src/stm32f0xx_hal_dma.o
 .debug_info    0x0000383e      0x5a6 ./Drivers/STM32F0xx_HAL_Driver/Src/stm32f0xx_hal_gpio.o
 .debug_info    0x00003de4     0x161d ./Drivers/STM32F0xx_HAL_Driver/Src/stm32f0xx_hal_pcd.o
 .debug_info    0x00005401      0x80a ./Drivers/STM32F0xx_HAL_Driver/Src/stm32f0xx_hal_pcd_ex.o
 .debug_info    0x00005c0b      0x83f ./Drivers/STM32F0xx_HAL_Driver/Src/stm32f0xx_hal_rcc.o
 .debug_info    0x0000644a      0x61c ./Drivers/STM32F0xx_HAL_Driver/Src/stm32f0xx_hal_rcc_ex.o
 .debug_info    0x00006a66     0x2950 ./Drivers/STM32F0xx_HAL_Driver/Src/stm32f0xx_hal_tim.o
 .debug_info    0x000093b6     0x1492 ./Drivers/STM32F0xx_HAL_Driver/Src/stm32f0xx_hal_tim_ex.o
 .debug_info    0x0000a848     0x166d ./Drivers/STM32F0xx_HAL_Driver/Src/stm32f0xx_ll_usb.o
 .debug_info    0x0000beb5      0xab5 ./Middlewares/ST/STM32_USB_Device_Library/Class/CustomHID/Src/usbd_customhid.o
 .debug_info    0x0000c96a      0xa52 ./Middlewares/ST/STM32_USB_Device_Library/Core/Src/usbd_core.o
 .debug_info    0x0000d3bc      0x91c ./Middlewares/ST/STM32_USB_Device_Library/Core/Src/usbd_ctlreq.o
 .debug_info    0x0000dcd8      0x6a0 ./Middlewares/ST/STM32_USB_Device_Library/Core/Src/usbd_ioreq.o
 .debug_info    0x0000e378      0x61a ./USB_DEVICE/App/usb_device.o
 .debug_info    0x0000e992      0x1de ./USB_DEVICE/App/usbd_custom_hid_if.o
 .debug_info    0x0000eb70      0x44a ./USB_DEVICE/App/usbd_desc.o
 .debug_info    0x0000efba     0x1769 ./USB_DEVICE/Target/usbd_conf.o

.debug_abbrev   0x00000000     0x313b
 .debug_abbrev  0x00000000      0x2b9 ./Core/Src/main.o
 .debug_abbrev  0x000002b9      0x1f6 ./Core/Src/stm32f0xx_hal_msp.o
 .debug_abbrev  0x000004af      0x1b4 ./Core/Src/stm32f0xx_it.o
 .debug_abbrev  0x00000663      0x11c ./Core/Src/system_stm32f0xx.o
 .debug_abbrev  0x0000077f       0x24 ./Core/Startup/startup_stm32f072cbtx.o
 .debug_abbrev  0x000007a3      0x213 ./Drivers/STM32F0xx_HAL_Driver/Src/stm32f0xx_hal.o
 .debug_abbrev  0x000009b6      0x28c ./Drivers/STM32F0xx_HAL_Driver/Src/stm32f0xx_hal_cortex.o
 .debug_abbrev  0x00000c42      0x224 ./Drivers/STM32F0xx_HAL_Driver/Src/stm32f0xx_hal_dma.o
 .debug_abbrev  0x00000e66      0x1cb ./Drivers/STM32F0xx_HAL_Driver/Src/stm32f0xx_hal_gpio.o
 .debug_abbrev  0x00001031      0x2b9 ./Drivers/STM32F0xx_HAL_Driver/Src/stm32f0xx_hal_pcd.o
 .debug_abbrev  0x000012ea      0x228 ./Drivers/STM32F0xx_HAL_Driver/Src/stm32f0xx_hal_pcd_ex.o
 .debug_abbrev  0x00001512      0x28c ./Drivers/STM32F0xx_HAL_Driver/Src/stm32f0xx_hal_rcc.o
 .debug_abbrev  0x0000179e      0x1a6 ./Drivers/STM32F0xx_HAL_Driver/Src/stm32f0xx_hal_rcc_ex.o
 .debug_abbrev  0x00001944      0x278 ./Drivers/STM32F0xx_HAL_Driver/Src/stm32f0xx_hal_tim.o
 .debug_abbrev  0x00001bbc      0x283 ./Drivers/STM32F0xx_HAL_Driver/Src/stm32f0xx_hal_tim_ex.o
 .debug_abbrev  0x00001e3f      0x247 ./Drivers/STM32F0xx_HAL_Driver/Src/stm32f0xx_ll_usb.o
 .debug_abbrev  0x00002086      0x272 ./Middlewares/ST/STM32_USB_Device_Library/Class/CustomHID/Src/usbd_customhid.o
 .debug_abbrev  0x000022f8      0x24a ./Middlewares/ST/STM32_USB_Device_Library/Core/Src/usbd_core.o
 .debug_abbrev  0x00002542      0x26b ./Middlewares/ST/STM32_USB_Device_Library/Core/Src/usbd_ctlreq.o
 .debug_abbrev  0x000027ad      0x192 ./Middlewares/ST/STM32_USB_Device_Library/Core/Src/usbd_ioreq.o
 .debug_abbrev  0x0000293f      0x18d ./USB_DEVICE/App/usb_device.o
 .debug_abbrev  0x00002acc      0x12f ./USB_DEVICE/App/usbd_custom_hid_if.o
 .debug_abbrev  0x00002bfb      0x1ff ./USB_DEVICE/App/usbd_desc.o
 .debug_abbrev  0x00002dfa      0x341 ./USB_DEVICE/Target/usbd_conf.o

.debug_aranges  0x00000000      0xff0
 .debug_aranges
                0x00000000       0x50 ./Core/Src/main.o
 .debug_aranges
                0x00000050       0x38 ./Core/Src/stm32f0xx_hal_msp.o
 .debug_aranges
                0x00000088       0x50 ./Core/Src/stm32f0xx_it.o
 .debug_aranges
                0x000000d8       0x28 ./Core/Src/system_stm32f0xx.o
 .debug_aranges
                0x00000100       0x28 ./Core/Startup/startup_stm32f072cbtx.o
 .debug_aranges
                0x00000128       0xd0 ./Drivers/STM32F0xx_HAL_Driver/Src/stm32f0xx_hal.o
 .debug_aranges
                0x000001f8       0xc0 ./Drivers/STM32F0xx_HAL_Driver/Src/stm32f0xx_hal_cortex.o
 .debug_aranges
                0x000002b8       0x88 ./Drivers/STM32F0xx_HAL_Driver/Src/stm32f0xx_hal_dma.o
 .debug_aranges
                0x00000340       0x58 ./Drivers/STM32F0xx_HAL_Driver/Src/stm32f0xx_hal_gpio.o
 .debug_aranges
                0x00000398      0x138 ./Drivers/STM32F0xx_HAL_Driver/Src/stm32f0xx_hal_pcd.o
 .debug_aranges
                0x000004d0       0x58 ./Drivers/STM32F0xx_HAL_Driver/Src/stm32f0xx_hal_pcd_ex.o
 .debug_aranges
                0x00000528       0x80 ./Drivers/STM32F0xx_HAL_Driver/Src/stm32f0xx_hal_rcc.o
 .debug_aranges
                0x000005a8       0x78 ./Drivers/STM32F0xx_HAL_Driver/Src/stm32f0xx_hal_rcc_ex.o
 .debug_aranges
                0x00000620      0x3d0 ./Drivers/STM32F0xx_HAL_Driver/Src/stm32f0xx_hal_tim.o
 .debug_aranges
                0x000009f0      0x168 ./Drivers/STM32F0xx_HAL_Driver/Src/stm32f0xx_hal_tim_ex.o
 .debug_aranges
                0x00000b58       0xc8 ./Drivers/STM32F0xx_HAL_Driver/Src/stm32f0xx_ll_usb.o
 .debug_aranges
                0x00000c20       0x78 ./Middlewares/ST/STM32_USB_Device_Library/Class/CustomHID/Src/usbd_customhid.o
 .debug_aranges
                0x00000c98       0xb8 ./Middlewares/ST/STM32_USB_Device_Library/Core/Src/usbd_core.o
 .debug_aranges
                0x00000d50       0x88 ./Middlewares/ST/STM32_USB_Device_Library/Core/Src/usbd_ctlreq.o
 .debug_aranges
                0x00000dd8       0x50 ./Middlewares/ST/STM32_USB_Device_Library/Core/Src/usbd_ioreq.o
 .debug_aranges
                0x00000e28       0x20 ./USB_DEVICE/App/usb_device.o
 .debug_aranges
                0x00000e48       0x30 ./USB_DEVICE/App/usbd_custom_hid_if.o
 .debug_aranges
                0x00000e78       0x60 ./USB_DEVICE/App/usbd_desc.o
 .debug_aranges
                0x00000ed8      0x118 ./USB_DEVICE/Target/usbd_conf.o

.debug_rnglists
                0x00000000      0xc1f
 .debug_rnglists
                0x00000000       0x3b ./Core/Src/main.o
 .debug_rnglists
                0x0000003b       0x27 ./Core/Src/stm32f0xx_hal_msp.o
 .debug_rnglists
                0x00000062       0x37 ./Core/Src/stm32f0xx_it.o
 .debug_rnglists
                0x00000099       0x1a ./Core/Src/system_stm32f0xx.o
 .debug_rnglists
                0x000000b3       0x19 ./Core/Startup/startup_stm32f072cbtx.o
 .debug_rnglists
                0x000000cc       0x97 ./Drivers/STM32F0xx_HAL_Driver/Src/stm32f0xx_hal.o
 .debug_rnglists
                0x00000163       0x8c ./Drivers/STM32F0xx_HAL_Driver/Src/stm32f0xx_hal_cortex.o
 .debug_rnglists
                0x000001ef       0x6a ./Drivers/STM32F0xx_HAL_Driver/Src/stm32f0xx_hal_dma.o
 .debug_rnglists
                0x00000259       0x3f ./Drivers/STM32F0xx_HAL_Driver/Src/stm32f0xx_hal_gpio.o
 .debug_rnglists
                0x00000298       0xee ./Drivers/STM32F0xx_HAL_Driver/Src/stm32f0xx_hal_pcd.o
 .debug_rnglists
                0x00000386       0x3f ./Drivers/STM32F0xx_HAL_Driver/Src/stm32f0xx_hal_pcd_ex.o
 .debug_rnglists
                0x000003c5       0x61 ./Drivers/STM32F0xx_HAL_Driver/Src/stm32f0xx_hal_rcc.o
 .debug_rnglists
                0x00000426       0x5b ./Drivers/STM32F0xx_HAL_Driver/Src/stm32f0xx_hal_rcc_ex.o
 .debug_rnglists
                0x00000481      0x31c ./Drivers/STM32F0xx_HAL_Driver/Src/stm32f0xx_hal_tim.o
 .debug_rnglists
                0x0000079d      0x126 ./Drivers/STM32F0xx_HAL_Driver/Src/stm32f0xx_hal_tim_ex.o
 .debug_rnglists
                0x000008c3       0x99 ./Drivers/STM32F0xx_HAL_Driver/Src/stm32f0xx_ll_usb.o
 .debug_rnglists
                0x0000095c       0x57 ./Middlewares/ST/STM32_USB_Device_Library/Class/CustomHID/Src/usbd_customhid.o
 .debug_rnglists
                0x000009b3       0x89 ./Middlewares/ST/STM32_USB_Device_Library/Core/Src/usbd_core.o
 .debug_rnglists
                0x00000a3c       0x68 ./Middlewares/ST/STM32_USB_Device_Library/Core/Src/usbd_ctlreq.o
 .debug_rnglists
                0x00000aa4       0x37 ./Middlewares/ST/STM32_USB_Device_Library/Core/Src/usbd_ioreq.o
 .debug_rnglists
                0x00000adb       0x13 ./USB_DEVICE/App/usb_device.o
 .debug_rnglists
                0x00000aee       0x1f ./USB_DEVICE/App/usbd_custom_hid_if.o
 .debug_rnglists
                0x00000b0d       0x44 ./USB_DEVICE/App/usbd_desc.o
 .debug_rnglists
                0x00000b51       0xce ./USB_DEVICE/Target/usbd_conf.o

.debug_macro    0x00000000    0x1c3aa
 .debug_macro   0x00000000      0x3a7 ./Core/Src/main.o
 .debug_macro   0x000003a7      0xaae ./Core/Src/main.o
 .debug_macro   0x00000e55      0x133 ./Core/Src/main.o
 .debug_macro   0x00000f88       0x2e ./Core/Src/main.o
 .debug_macro   0x00000fb6       0x22 ./Core/Src/main.o
 .debug_macro   0x00000fd8       0x22 ./Core/Src/main.o
 .debug_macro   0x00000ffa       0x8e ./Core/Src/main.o
 .debug_macro   0x00001088       0x51 ./Core/Src/main.o
 .debug_macro   0x000010d9      0x103 ./Core/Src/main.o
 .debug_macro   0x000011dc       0x6a ./Core/Src/main.o
 .debug_macro   0x00001246      0x1df ./Core/Src/main.o
 .debug_macro   0x00001425       0x1c ./Core/Src/main.o
 .debug_macro   0x00001441       0x22 ./Core/Src/main.o
 .debug_macro   0x00001463       0xaf ./Core/Src/main.o
 .debug_macro   0x00001512      0x391 ./Core/Src/main.o
 .debug_macro   0x000018a3     0xfe73 ./Core/Src/main.o
 .debug_macro   0x00011716       0x66 ./Core/Src/main.o
 .debug_macro   0x0001177c     0x34da ./Core/Src/main.o
 .debug_macro   0x00014c56      0x190 ./Core/Src/main.o
 .debug_macro   0x00014de6       0x55 ./Core/Src/main.o
 .debug_macro   0x00014e3b      0x946 ./Core/Src/main.o
 .debug_macro   0x00015781      0x5f3 ./Core/Src/main.o
 .debug_macro   0x00015d74      0x1ae ./Core/Src/main.o
 .debug_macro   0x00015f22      0x1a7 ./Core/Src/main.o
 .debug_macro   0x000160c9      0x1a7 ./Core/Src/main.o
 .debug_macro   0x00016270      0x22c ./Core/Src/main.o
 .debug_macro   0x0001649c       0x34 ./Core/Src/main.o
 .debug_macro   0x000164d0       0x43 ./Core/Src/main.o
 .debug_macro   0x00016513       0x28 ./Core/Src/main.o
 .debug_macro   0x0001653b       0xb0 ./Core/Src/main.o
 .debug_macro   0x000165eb      0x217 ./Core/Src/main.o
 .debug_macro   0x00016802      0x22c ./Core/Src/main.o
 .debug_macro   0x00016a2e       0x61 ./Core/Src/main.o
 .debug_macro   0x00016a8f       0xa5 ./Core/Src/main.o
 .debug_macro   0x00016b34       0x73 ./Core/Src/main.o
 .debug_macro   0x00016ba7      0x22d ./Core/Src/main.o
 .debug_macro   0x00016dd4       0x4c ./Core/Src/main.o
 .debug_macro   0x00016e20      0x16d ./Core/Src/main.o
 .debug_macro   0x00016f8d      0x8f4 ./Core/Src/main.o
 .debug_macro   0x00017881       0x28 ./Core/Src/main.o
 .debug_macro   0x000178a9      0x130 ./Core/Src/main.o
 .debug_macro   0x000179d9      0x1be ./Core/Src/main.o
 .debug_macro   0x00017b97       0x61 ./Core/Src/main.o
 .debug_macro   0x00017bf8       0x24 ./Core/Src/main.o
 .debug_macro   0x00017c1c       0x43 ./Core/Src/main.o
 .debug_macro   0x00017c5f       0x34 ./Core/Src/main.o
 .debug_macro   0x00017c93       0x16 ./Core/Src/main.o
 .debug_macro   0x00017ca9       0x3c ./Core/Src/main.o
 .debug_macro   0x00017ce5      0x370 ./Core/Src/main.o
 .debug_macro   0x00018055       0x10 ./Core/Src/main.o
 .debug_macro   0x00018065       0x16 ./Core/Src/main.o
 .debug_macro   0x0001807b       0x4a ./Core/Src/main.o
 .debug_macro   0x000180c5       0x34 ./Core/Src/main.o
 .debug_macro   0x000180f9       0x10 ./Core/Src/main.o
 .debug_macro   0x00018109       0x58 ./Core/Src/main.o
 .debug_macro   0x00018161       0x8e ./Core/Src/main.o
 .debug_macro   0x000181ef       0x1c ./Core/Src/main.o
 .debug_macro   0x0001820b      0x185 ./Core/Src/main.o
 .debug_macro   0x00018390       0x16 ./Core/Src/main.o
 .debug_macro   0x000183a6       0x16 ./Core/Src/main.o
 .debug_macro   0x000183bc      0x146 ./Core/Src/main.o
 .debug_macro   0x00018502       0x16 ./Core/Src/main.o
 .debug_macro   0x00018518       0x16 ./Core/Src/main.o
 .debug_macro   0x0001852e       0x29 ./Core/Src/main.o
 .debug_macro   0x00018557       0x16 ./Core/Src/main.o
 .debug_macro   0x0001856d       0x20 ./Core/Src/main.o
 .debug_macro   0x0001858d       0x6b ./Core/Src/main.o
 .debug_macro   0x000185f8      0x1c8 ./Core/Src/main.o
 .debug_macro   0x000187c0       0x22 ./Core/Src/main.o
 .debug_macro   0x000187e2       0x65 ./Core/Src/main.o
 .debug_macro   0x00018847      0x1e1 ./Core/Src/stm32f0xx_hal_msp.o
 .debug_macro   0x00018a28      0x1eb ./Core/Src/stm32f0xx_it.o
 .debug_macro   0x00018c13      0x1d2 ./Core/Src/system_stm32f0xx.o
 .debug_macro   0x00018de5      0x1f6 ./Drivers/STM32F0xx_HAL_Driver/Src/stm32f0xx_hal.o
 .debug_macro   0x00018fdb      0x1d2 ./Drivers/STM32F0xx_HAL_Driver/Src/stm32f0xx_hal_cortex.o
 .debug_macro   0x000191ad      0x1d2 ./Drivers/STM32F0xx_HAL_Driver/Src/stm32f0xx_hal_dma.o
 .debug_macro   0x0001937f      0x1d9 ./Drivers/STM32F0xx_HAL_Driver/Src/stm32f0xx_hal_gpio.o
 .debug_macro   0x00019558      0x1de ./Drivers/STM32F0xx_HAL_Driver/Src/stm32f0xx_hal_pcd.o
 .debug_macro   0x00019736      0x1d2 ./Drivers/STM32F0xx_HAL_Driver/Src/stm32f0xx_hal_pcd_ex.o
 .debug_macro   0x00019908      0x1e4 ./Drivers/STM32F0xx_HAL_Driver/Src/stm32f0xx_hal_rcc.o
 .debug_macro   0x00019aec      0x1e4 ./Drivers/STM32F0xx_HAL_Driver/Src/stm32f0xx_hal_rcc_ex.o
 .debug_macro   0x00019cd0      0x1d3 ./Drivers/STM32F0xx_HAL_Driver/Src/stm32f0xx_hal_tim.o
 .debug_macro   0x00019ea3      0x1d2 ./Drivers/STM32F0xx_HAL_Driver/Src/stm32f0xx_hal_tim_ex.o
 .debug_macro   0x0001a075      0x1d2 ./Drivers/STM32F0xx_HAL_Driver/Src/stm32f0xx_ll_usb.o
 .debug_macro   0x0001a247      0x370 ./Middlewares/ST/STM32_USB_Device_Library/Class/CustomHID/Src/usbd_customhid.o
 .debug_macro   0x0001a5b7       0x9e ./Middlewares/ST/STM32_USB_Device_Library/Class/CustomHID/Src/usbd_customhid.o
 .debug_macro   0x0001a655      0x112 ./Middlewares/ST/STM32_USB_Device_Library/Class/CustomHID/Src/usbd_customhid.o
 .debug_macro   0x0001a767       0x4f ./Middlewares/ST/STM32_USB_Device_Library/Class/CustomHID/Src/usbd_customhid.o
 .debug_macro   0x0001a7b6      0x357 ./Middlewares/ST/STM32_USB_Device_Library/Core/Src/usbd_core.o
 .debug_macro   0x0001ab0d      0x1ce ./Middlewares/ST/STM32_USB_Device_Library/Core/Src/usbd_core.o
 .debug_macro   0x0001acdb      0x361 ./Middlewares/ST/STM32_USB_Device_Library/Core/Src/usbd_ctlreq.o
 .debug_macro   0x0001b03c      0x35d ./Middlewares/ST/STM32_USB_Device_Library/Core/Src/usbd_ioreq.o
 .debug_macro   0x0001b399      0x391 ./USB_DEVICE/App/usb_device.o
 .debug_macro   0x0001b72a      0x1c4 ./USB_DEVICE/App/usb_device.o
 .debug_macro   0x0001b8ee       0x22 ./USB_DEVICE/App/usb_device.o
 .debug_macro   0x0001b910      0x376 ./USB_DEVICE/App/usbd_custom_hid_if.o
 .debug_macro   0x0001bc86      0x394 ./USB_DEVICE/App/usbd_desc.o
 .debug_macro   0x0001c01a       0x1c ./USB_DEVICE/App/usbd_desc.o
 .debug_macro   0x0001c036      0x374 ./USB_DEVICE/Target/usbd_conf.o

.debug_line     0x00000000    0x14f3b
 .debug_line    0x00000000      0xc47 ./Core/Src/main.o
 .debug_line    0x00000c47      0x86e ./Core/Src/stm32f0xx_hal_msp.o
 .debug_line    0x000014b5      0x804 ./Core/Src/stm32f0xx_it.o
 .debug_line    0x00001cb9      0x7fe ./Core/Src/system_stm32f0xx.o
 .debug_line    0x000024b7       0x7b ./Core/Startup/startup_stm32f072cbtx.o
 .debug_line    0x00002532      0x9f5 ./Drivers/STM32F0xx_HAL_Driver/Src/stm32f0xx_hal.o
 .debug_line    0x00002f27      0xa9d ./Drivers/STM32F0xx_HAL_Driver/Src/stm32f0xx_hal_cortex.o
 .debug_line    0x000039c4      0xcf9 ./Drivers/STM32F0xx_HAL_Driver/Src/stm32f0xx_hal_dma.o
 .debug_line    0x000046bd      0xb6f ./Drivers/STM32F0xx_HAL_Driver/Src/stm32f0xx_hal_gpio.o
 .debug_line    0x0000522c     0x1326 ./Drivers/STM32F0xx_HAL_Driver/Src/stm32f0xx_hal_pcd.o
 .debug_line    0x00006552      0x918 ./Drivers/STM32F0xx_HAL_Driver/Src/stm32f0xx_hal_pcd_ex.o
 .debug_line    0x00006e6a      0xf3a ./Drivers/STM32F0xx_HAL_Driver/Src/stm32f0xx_hal_rcc.o
 .debug_line    0x00007da4      0xcb6 ./Drivers/STM32F0xx_HAL_Driver/Src/stm32f0xx_hal_rcc_ex.o
 .debug_line    0x00008a5a     0x37a0 ./Drivers/STM32F0xx_HAL_Driver/Src/stm32f0xx_hal_tim.o
 .debug_line    0x0000c1fa     0x18fc ./Drivers/STM32F0xx_HAL_Driver/Src/stm32f0xx_hal_tim_ex.o
 .debug_line    0x0000daf6     0x10e2 ./Drivers/STM32F0xx_HAL_Driver/Src/stm32f0xx_ll_usb.o
 .debug_line    0x0000ebd8      0xcd3 ./Middlewares/ST/STM32_USB_Device_Library/Class/CustomHID/Src/usbd_customhid.o
 .debug_line    0x0000f8ab      0xdd4 ./Middlewares/ST/STM32_USB_Device_Library/Core/Src/usbd_core.o
 .debug_line    0x0001067f     0x101b ./Middlewares/ST/STM32_USB_Device_Library/Core/Src/usbd_ctlreq.o
 .debug_line    0x0001169a      0xa8a ./Middlewares/ST/STM32_USB_Device_Library/Core/Src/usbd_ioreq.o
 .debug_line    0x00012124      0xa6d ./USB_DEVICE/App/usb_device.o
 .debug_line    0x00012b91      0xa55 ./USB_DEVICE/App/usbd_custom_hid_if.o
 .debug_line    0x000135e6      0xb03 ./USB_DEVICE/App/usbd_desc.o
 .debug_line    0x000140e9      0xe52 ./USB_DEVICE/Target/usbd_conf.o

.debug_str      0x00000000    0x99322
 .debug_str     0x00000000    0x99322 ./Core/Src/main.o
                              0x95c00 (size before relaxing)
 .debug_str     0x00099322    0x90ff6 ./Core/Src/stm32f0xx_hal_msp.o
 .debug_str     0x00099322    0x90f85 ./Core/Src/stm32f0xx_it.o
 .debug_str     0x00099322    0x904ec ./Core/Src/system_stm32f0xx.o
 .debug_str     0x00099322       0x86 ./Core/Startup/startup_stm32f072cbtx.o
 .debug_str     0x00099322    0x90ae2 ./Drivers/STM32F0xx_HAL_Driver/Src/stm32f0xx_hal.o
 .debug_str     0x00099322    0x908d3 ./Drivers/STM32F0xx_HAL_Driver/Src/stm32f0xx_hal_cortex.o
 .debug_str     0x00099322    0x90892 ./Drivers/STM32F0xx_HAL_Driver/Src/stm32f0xx_hal_dma.o
 .debug_str     0x00099322    0x9068d ./Drivers/STM32F0xx_HAL_Driver/Src/stm32f0xx_hal_gpio.o
 .debug_str     0x00099322    0x90db7 ./Drivers/STM32F0xx_HAL_Driver/Src/stm32f0xx_hal_pcd.o
 .debug_str     0x00099322    0x909f3 ./Drivers/STM32F0xx_HAL_Driver/Src/stm32f0xx_hal_pcd_ex.o
 .debug_str     0x00099322    0x90933 ./Drivers/STM32F0xx_HAL_Driver/Src/stm32f0xx_hal_rcc.o
 .debug_str     0x00099322    0x908eb ./Drivers/STM32F0xx_HAL_Driver/Src/stm32f0xx_hal_rcc_ex.o
 .debug_str     0x00099322    0x91902 ./Drivers/STM32F0xx_HAL_Driver/Src/stm32f0xx_hal_tim.o
 .debug_str     0x00099322    0x9110e ./Drivers/STM32F0xx_HAL_Driver/Src/stm32f0xx_hal_tim_ex.o
 .debug_str     0x00099322    0x908f4 ./Drivers/STM32F0xx_HAL_Driver/Src/stm32f0xx_ll_usb.o
 .debug_str     0x00099322    0x9562e ./Middlewares/ST/STM32_USB_Device_Library/Class/CustomHID/Src/usbd_customhid.o
 .debug_str     0x00099322    0x95300 ./Middlewares/ST/STM32_USB_Device_Library/Core/Src/usbd_core.o
 .debug_str     0x00099322    0x9521a ./Middlewares/ST/STM32_USB_Device_Library/Core/Src/usbd_ctlreq.o
 .debug_str     0x00099322    0x95147 ./Middlewares/ST/STM32_USB_Device_Library/Core/Src/usbd_ioreq.o
 .debug_str     0x00099322    0x953ef ./USB_DEVICE/App/usb_device.o
 .debug_str     0x00099322    0x94f8c ./USB_DEVICE/App/usbd_custom_hid_if.o
 .debug_str     0x00099322    0x9508a ./USB_DEVICE/App/usbd_desc.o
 .debug_str     0x00099322    0x95da8 ./USB_DEVICE/Target/usbd_conf.o

.comment        0x00000000       0x43
 .comment       0x00000000       0x43 ./Core/Src/main.o
                                 0x44 (size before relaxing)
 .comment       0x00000043       0x44 ./Core/Src/stm32f0xx_hal_msp.o
 .comment       0x00000043       0x44 ./Core/Src/stm32f0xx_it.o
 .comment       0x00000043       0x44 ./Core/Src/system_stm32f0xx.o
 .comment       0x00000043       0x44 ./Drivers/STM32F0xx_HAL_Driver/Src/stm32f0xx_hal.o
 .comment       0x00000043       0x44 ./Drivers/STM32F0xx_HAL_Driver/Src/stm32f0xx_hal_cortex.o
 .comment       0x00000043       0x44 ./Drivers/STM32F0xx_HAL_Driver/Src/stm32f0xx_hal_dma.o
 .comment       0x00000043       0x44 ./Drivers/STM32F0xx_HAL_Driver/Src/stm32f0xx_hal_gpio.o
 .comment       0x00000043       0x44 ./Drivers/STM32F0xx_HAL_Driver/Src/stm32f0xx_hal_pcd.o
 .comment       0x00000043       0x44 ./Drivers/STM32F0xx_HAL_Driver/Src/stm32f0xx_hal_pcd_ex.o
 .comment       0x00000043       0x44 ./Drivers/STM32F0xx_HAL_Driver/Src/stm32f0xx_hal_rcc.o
 .comment       0x00000043       0x44 ./Drivers/STM32F0xx_HAL_Driver/Src/stm32f0xx_hal_rcc_ex.o
 .comment       0x00000043       0x44 ./Drivers/STM32F0xx_HAL_Driver/Src/stm32f0xx_hal_tim.o
 .comment       0x00000043       0x44 ./Drivers/STM32F0xx_HAL_Driver/Src/stm32f0xx_hal_tim_ex.o
 .comment       0x00000043       0x44 ./Drivers/STM32F0xx_HAL_Driver/Src/stm32f0xx_ll_usb.o
 .comment       0x00000043       0x44 ./Middlewares/ST/STM32_USB_Device_Library/Class/CustomHID/Src/usbd_customhid.o
 .comment       0x00000043       0x44 ./Middlewares/ST/STM32_USB_Device_Library/Core/Src/usbd_core.o
 .comment       0x00000043       0x44 ./Middlewares/ST/STM32_USB_Device_Library/Core/Src/usbd_ctlreq.o
 .comment       0x00000043       0x44 ./Middlewares/ST/STM32_USB_Device_Library/Core/Src/usbd_ioreq.o
 .comment       0x00000043       0x44 ./USB_DEVICE/App/usb_device.o
 .comment       0x00000043       0x44 ./USB_DEVICE/App/usbd_custom_hid_if.o
 .comment       0x00000043       0x44 ./USB_DEVICE/App/usbd_desc.o
 .comment       0x00000043       0x44 ./USB_DEVICE/Target/usbd_conf.o

.debug_frame    0x00000000     0x37fc
 .debug_frame   0x00000000       0xe8 ./Core/Src/main.o
 .debug_frame   0x000000e8       0x90 ./Core/Src/stm32f0xx_hal_msp.o
 .debug_frame   0x00000178       0xd4 ./Core/Src/stm32f0xx_it.o
 .debug_frame   0x0000024c       0x4c ./Core/Src/system_stm32f0xx.o
 .debug_frame   0x00000298      0x2a4 ./Drivers/STM32F0xx_HAL_Driver/Src/stm32f0xx_hal.o
 .debug_frame   0x0000053c      0x2a0 ./Drivers/STM32F0xx_HAL_Driver/Src/stm32f0xx_hal_cortex.o
 .debug_frame   0x000007dc      0x1d0 ./Drivers/STM32F0xx_HAL_Driver/Src/stm32f0xx_hal_dma.o
 .debug_frame   0x000009ac      0x110 ./Drivers/STM32F0xx_HAL_Driver/Src/stm32f0xx_hal_gpio.o
 .debug_frame   0x00000abc      0x498 ./Drivers/STM32F0xx_HAL_Driver/Src/stm32f0xx_hal_pcd.o
 .debug_frame   0x00000f54      0x110 ./Drivers/STM32F0xx_HAL_Driver/Src/stm32f0xx_hal_pcd_ex.o
 .debug_frame   0x00001064      0x198 ./Drivers/STM32F0xx_HAL_Driver/Src/stm32f0xx_hal_rcc.o
 .debug_frame   0x000011fc      0x180 ./Drivers/STM32F0xx_HAL_Driver/Src/stm32f0xx_hal_rcc_ex.o
 .debug_frame   0x0000137c      0xf00 ./Drivers/STM32F0xx_HAL_Driver/Src/stm32f0xx_hal_tim.o
 .debug_frame   0x0000227c      0x560 ./Drivers/STM32F0xx_HAL_Driver/Src/stm32f0xx_hal_tim_ex.o
 .debug_frame   0x000027dc      0x2d0 ./Drivers/STM32F0xx_HAL_Driver/Src/stm32f0xx_ll_usb.o
 .debug_frame   0x00002aac      0x190 ./Middlewares/ST/STM32_USB_Device_Library/Class/CustomHID/Src/usbd_customhid.o
 .debug_frame   0x00002c3c      0x290 ./Middlewares/ST/STM32_USB_Device_Library/Core/Src/usbd_core.o
 .debug_frame   0x00002ecc      0x1d8 ./Middlewares/ST/STM32_USB_Device_Library/Core/Src/usbd_ctlreq.o
 .debug_frame   0x000030a4       0xf0 ./Middlewares/ST/STM32_USB_Device_Library/Core/Src/usbd_ioreq.o
 .debug_frame   0x00003194       0x2c ./USB_DEVICE/App/usb_device.o
 .debug_frame   0x000031c0       0x68 ./USB_DEVICE/App/usbd_custom_hid_if.o
 .debug_frame   0x00003228      0x130 ./USB_DEVICE/App/usbd_desc.o
 .debug_frame   0x00003358      0x438 ./USB_DEVICE/Target/usbd_conf.o
 .debug_frame   0x00003790       0x20 C:/ST/STM32CubeIDE_1.18.1/STM32CubeIDE/plugins/com.st.stm32cube.ide.mcu.externaltools.gnu-tools-for-stm32.13.3.rel1.win32_1.0.0.202411081344/tools/bin/../lib/gcc/arm-none-eabi/13.3.1/../../../../arm-none-eabi/lib/thumb/v6-m/nofp\libc_nano.a(libc_a-memset.o)
 .debug_frame   0x000037b0       0x2c C:/ST/STM32CubeIDE_1.18.1/STM32CubeIDE/plugins/com.st.stm32cube.ide.mcu.externaltools.gnu-tools-for-stm32.13.3.rel1.win32_1.0.0.202411081344/tools/bin/../lib/gcc/arm-none-eabi/13.3.1/../../../../arm-none-eabi/lib/thumb/v6-m/nofp\libc_nano.a(libc_a-init.o)
 .debug_frame   0x000037dc       0x20 C:/ST/STM32CubeIDE_1.18.1/STM32CubeIDE/plugins/com.st.stm32cube.ide.mcu.externaltools.gnu-tools-for-stm32.13.3.rel1.win32_1.0.0.202411081344/tools/bin/../lib/gcc/arm-none-eabi/13.3.1/thumb/v6-m/nofp\libgcc.a(_udivsi3.o)

.debug_line_str
                0x00000000       0x6a
 .debug_line_str
                0x00000000       0x6a ./Core/Startup/startup_stm32f072cbtx.o
