Archive member included to satisfy reference by file (symbol)

/Applications/STM32CubeIDE.app/Contents/Eclipse/plugins/com.st.stm32cube.ide.mcu.externaltools.gnu-tools-for-stm32.13.3.rel1.macos64_1.0.0.202411102158/tools/bin/../lib/gcc/arm-none-eabi/13.3.1/../../../../arm-none-eabi/lib/thumb/v6-m/nofp/libc_nano.a(libc_a-exit.o)
                              /Applications/STM32CubeIDE.app/Contents/Eclipse/plugins/com.st.stm32cube.ide.mcu.externaltools.gnu-tools-for-stm32.13.3.rel1.macos64_1.0.0.202411102158/tools/bin/../lib/gcc/arm-none-eabi/13.3.1/../../../../arm-none-eabi/lib/thumb/v6-m/nofp/crt0.o (exit)
/Applications/STM32CubeIDE.app/Contents/Eclipse/plugins/com.st.stm32cube.ide.mcu.externaltools.gnu-tools-for-stm32.13.3.rel1.macos64_1.0.0.202411102158/tools/bin/../lib/gcc/arm-none-eabi/13.3.1/../../../../arm-none-eabi/lib/thumb/v6-m/nofp/libc_nano.a(libc_a-findfp.o)
                              /Applications/STM32CubeIDE.app/Contents/Eclipse/plugins/com.st.stm32cube.ide.mcu.externaltools.gnu-tools-for-stm32.13.3.rel1.macos64_1.0.0.202411102158/tools/bin/../lib/gcc/arm-none-eabi/13.3.1/../../../../arm-none-eabi/lib/thumb/v6-m/nofp/libc_nano.a(libc_a-exit.o) (__stdio_exit_handler)
/Applications/STM32CubeIDE.app/Contents/Eclipse/plugins/com.st.stm32cube.ide.mcu.externaltools.gnu-tools-for-stm32.13.3.rel1.macos64_1.0.0.202411102158/tools/bin/../lib/gcc/arm-none-eabi/13.3.1/../../../../arm-none-eabi/lib/thumb/v6-m/nofp/libc_nano.a(libc_a-fwalk.o)
                              /Applications/STM32CubeIDE.app/Contents/Eclipse/plugins/com.st.stm32cube.ide.mcu.externaltools.gnu-tools-for-stm32.13.3.rel1.macos64_1.0.0.202411102158/tools/bin/../lib/gcc/arm-none-eabi/13.3.1/../../../../arm-none-eabi/lib/thumb/v6-m/nofp/libc_nano.a(libc_a-findfp.o) (_fwalk_sglue)
/Applications/STM32CubeIDE.app/Contents/Eclipse/plugins/com.st.stm32cube.ide.mcu.externaltools.gnu-tools-for-stm32.13.3.rel1.macos64_1.0.0.202411102158/tools/bin/../lib/gcc/arm-none-eabi/13.3.1/../../../../arm-none-eabi/lib/thumb/v6-m/nofp/libc_nano.a(libc_a-memset.o)
                              /Applications/STM32CubeIDE.app/Contents/Eclipse/plugins/com.st.stm32cube.ide.mcu.externaltools.gnu-tools-for-stm32.13.3.rel1.macos64_1.0.0.202411102158/tools/bin/../lib/gcc/arm-none-eabi/13.3.1/../../../../arm-none-eabi/lib/thumb/v6-m/nofp/crt0.o (memset)
/Applications/STM32CubeIDE.app/Contents/Eclipse/plugins/com.st.stm32cube.ide.mcu.externaltools.gnu-tools-for-stm32.13.3.rel1.macos64_1.0.0.202411102158/tools/bin/../lib/gcc/arm-none-eabi/13.3.1/../../../../arm-none-eabi/lib/thumb/v6-m/nofp/libc_nano.a(libc_a-errno.o)
                              ./Core/Src/syscalls.o (__errno)
/Applications/STM32CubeIDE.app/Contents/Eclipse/plugins/com.st.stm32cube.ide.mcu.externaltools.gnu-tools-for-stm32.13.3.rel1.macos64_1.0.0.202411102158/tools/bin/../lib/gcc/arm-none-eabi/13.3.1/../../../../arm-none-eabi/lib/thumb/v6-m/nofp/libc_nano.a(libc_a-init.o)
                              /Applications/STM32CubeIDE.app/Contents/Eclipse/plugins/com.st.stm32cube.ide.mcu.externaltools.gnu-tools-for-stm32.13.3.rel1.macos64_1.0.0.202411102158/tools/bin/../lib/gcc/arm-none-eabi/13.3.1/../../../../arm-none-eabi/lib/thumb/v6-m/nofp/crt0.o (__libc_init_array)
/Applications/STM32CubeIDE.app/Contents/Eclipse/plugins/com.st.stm32cube.ide.mcu.externaltools.gnu-tools-for-stm32.13.3.rel1.macos64_1.0.0.202411102158/tools/bin/../lib/gcc/arm-none-eabi/13.3.1/../../../../arm-none-eabi/lib/thumb/v6-m/nofp/libc_nano.a(libc_a-lock.o)
                              /Applications/STM32CubeIDE.app/Contents/Eclipse/plugins/com.st.stm32cube.ide.mcu.externaltools.gnu-tools-for-stm32.13.3.rel1.macos64_1.0.0.202411102158/tools/bin/../lib/gcc/arm-none-eabi/13.3.1/../../../../arm-none-eabi/lib/thumb/v6-m/nofp/libc_nano.a(libc_a-findfp.o) (__retarget_lock_init_recursive)
/Applications/STM32CubeIDE.app/Contents/Eclipse/plugins/com.st.stm32cube.ide.mcu.externaltools.gnu-tools-for-stm32.13.3.rel1.macos64_1.0.0.202411102158/tools/bin/../lib/gcc/arm-none-eabi/13.3.1/../../../../arm-none-eabi/lib/thumb/v6-m/nofp/libc_nano.a(libc_a-impure.o)
                              /Applications/STM32CubeIDE.app/Contents/Eclipse/plugins/com.st.stm32cube.ide.mcu.externaltools.gnu-tools-for-stm32.13.3.rel1.macos64_1.0.0.202411102158/tools/bin/../lib/gcc/arm-none-eabi/13.3.1/../../../../arm-none-eabi/lib/thumb/v6-m/nofp/libc_nano.a(libc_a-errno.o) (_impure_ptr)
/Applications/STM32CubeIDE.app/Contents/Eclipse/plugins/com.st.stm32cube.ide.mcu.externaltools.gnu-tools-for-stm32.13.3.rel1.macos64_1.0.0.202411102158/tools/bin/../lib/gcc/arm-none-eabi/13.3.1/../../../../arm-none-eabi/lib/thumb/v6-m/nofp/libc_nano.a(libc_a-memcpy-stub.o)
                              ./Core/Src/Processus_Keys.o (memcpy)
[...]
Memory Configuration

Name             Origin             Length             Attributes
RAM              0x20000000         0x00004000         xrw
FLASH            0x08000000         0x00020000         xr
*default*        0x00000000         0xffffffff

Linker script and memory map

LOAD /Applications/STM32CubeIDE.app/Contents/Eclipse/plugins/com.st.stm32cube.ide.mcu.externaltools.gnu-tools-for-stm32.13.3.rel1.macos64_1.0.0.202411102158/tools/bin/../lib/gcc/arm-none-eabi/13.3.1/thumb/v6-m/nofp/crti.o
LOAD /Applications/STM32CubeIDE.app/Contents/Eclipse/plugins/com.st.stm32cube.ide.mcu.externaltools.gnu-tools-for-stm32.13.3.rel1.macos64_1.0.0.202411102158/tools/bin/../lib/gcc/arm-none-eabi/13.3.1/thumb/v6-m/nofp/crtbegin.o
LOAD /Applications/STM32CubeIDE.app/Contents/Eclipse/plugins/com.st.stm32cube.ide.mcu.externaltools.gnu-tools-for-stm32.13.3.rel1.macos64_1.0.0.202411102158/tools/bin/../lib/gcc/arm-none-eabi/13.3.1/../../../../arm-none-eabi/lib/thumb/v6-m/nofp/crt0.o
LOAD ./Core/Src/Processus_Keys.o
LOAD ./Core/Src/Processus_LEDS.o
LOAD ./Core/Src/ServiceBaseTemps_1ms.o
LOAD ./Core/Src/interfaceDebouncing.o
LOAD ./Core/Src/interfaceMatrice.o
LOAD ./Core/Src/interface_HID_Report.o
LOAD ./Core/Src/interface_Key_Config.o
LOAD ./Core/Src/interface_RGB.o
LOAD ./Core/Src/main.o
LOAD ./Core/Src/pilote_COL.o
LOAD ./Core/Src/pilote_ROW.o
LOAD ./Core/Src/pilote_SK6803.o
LOAD ./Core/Src/pilote_Timer14_1ms.o
LOAD ./Core/Src/stm32f0xx_hal_msp.o
LOAD ./Core/Src/stm32f0xx_it.o
LOAD ./Core/Src/syscalls.o
LOAD ./Core/Src/sysmem.o
LOAD ./Core/Src/system_stm32f0xx.o
LOAD ./Core/Startup/startup_stm32f072cbtx.o
LOAD ./Drivers/STM32F0xx_HAL_Driver/Src/stm32f0xx_hal.o
LOAD ./Drivers/STM32F0xx_HAL_Driver/Src/stm32f0xx_hal_cortex.o
LOAD ./Drivers/STM32F0xx_HAL_Driver/Src/stm32f0xx_hal_dma.o
LOAD ./Drivers/STM32F0xx_HAL_Driver/Src/stm32f0xx_hal_exti.o
LOAD ./Drivers/STM32F0xx_HAL_Driver/Src/stm32f0xx_hal_flash.o
LOAD ./Drivers/STM32F0xx_HAL_Driver/Src/stm32f0xx_hal_flash_ex.o
LOAD ./Drivers/STM32F0xx_HAL_Driver/Src/stm32f0xx_hal_gpio.o
LOAD ./Drivers/STM32F0xx_HAL_Driver/Src/stm32f0xx_hal_i2c.o
LOAD ./Drivers/STM32F0xx_HAL_Driver/Src/stm32f0xx_hal_i2c_ex.o
LOAD ./Drivers/STM32F0xx_HAL_Driver/Src/stm32f0xx_hal_pcd.o
LOAD ./Drivers/STM32F0xx_HAL_Driver/Src/stm32f0xx_hal_pcd_ex.o
LOAD ./Drivers/STM32F0xx_HAL_Driver/Src/stm32f0xx_hal_pwr.o
LOAD ./Drivers/STM32F0xx_HAL_Driver/Src/stm32f0xx_hal_pwr_ex.o
LOAD ./Drivers/STM32F0xx_HAL_Driver/Src/stm32f0xx_hal_rcc.o
LOAD ./Drivers/STM32F0xx_HAL_Driver/Src/stm32f0xx_hal_rcc_ex.o
LOAD ./Drivers/STM32F0xx_HAL_Driver/Src/stm32f0xx_hal_tim.o
LOAD ./Drivers/STM32F0xx_HAL_Driver/Src/stm32f0xx_hal_tim_ex.o
LOAD ./Drivers/STM32F0xx_HAL_Driver/Src/stm32f0xx_ll_usb.o
LOAD ./Middlewares/ST/STM32_USB_Device_Library/Class/HID/Src/usbd_hid.o
LOAD ./Middlewares/ST/STM32_USB_Device_Library/Core/Src/usbd_core.o
LOAD ./Middlewares/ST/STM32_USB_Device_Library/Core/Src/usbd_ctlreq.o
LOAD ./Middlewares/ST/STM32_USB_Device_Library/Core/Src/usbd_ioreq.o
LOAD ./USB_DEVICE/App/usb_device.o
LOAD ./USB_DEVICE/App/usbd_desc.o
LOAD ./USB_DEVICE/Target/usbd_conf.o
START GROUP
LOAD /Applications/STM32CubeIDE.app/Contents/Eclipse/plugins/com.st.stm32cube.ide.mcu.externaltools.gnu-tools-for-stm32.13.3.rel1.macos64_1.0.0.202411102158/tools/bin/../lib/gcc/arm-none-eabi/13.3.1/../../../../arm-none-eabi/lib/thumb/v6-m/nofp/libc_nano.a
LOAD /Applications/STM32CubeIDE.app/Contents/Eclipse/plugins/com.st.stm32cube.ide.mcu.externaltools.gnu-tools-for-stm32.13.3.rel1.macos64_1.0.0.202411102158/tools/bin/../lib/gcc/arm-none-eabi/13.3.1/../../../../arm-none-eabi/lib/thumb/v6-m/nofp/libm.a
END GROUP
START GROUP
LOAD /Applications/STM32CubeIDE.app/Contents/Eclipse/plugins/com.st.stm32cube.ide.mcu.externaltools.gnu-tools-for-stm32.13.3.rel1.macos64_1.0.0.202411102158/tools/bin/../lib/gcc/arm-none-eabi/13.3.1/thumb/v6-m/nofp/libgcc.a
LOAD /Applications/STM32CubeIDE.app/Contents/Eclipse/plugins/com.st.stm32cube.ide.mcu.externaltools.gnu-tools-for-stm32.13.3.rel1.macos64_1.0.0.202411102158/tools/bin/../lib/gcc/arm-none-eabi/13.3.1/../../../../arm-none-eabi/lib/thumb/v6-m/nofp/libc_nano.a
END GROUP
START GROUP
LOAD /Applications/STM32CubeIDE.app/Contents/Eclipse/plugins/com.st.stm32cube.ide.mcu.externaltools.gnu-tools-for-stm32.13.3.rel1.macos64_1.0.0.202411102158/tools/bin/../lib/gcc/arm-none-eabi/13.3.1/thumb/v6-m/nofp/libgcc.a
LOAD /Applications/STM32CubeIDE.app/Contents/Eclipse/plugins/com.st.stm32cube.ide.mcu.externaltools.gnu-tools-for-stm32.13.3.rel1.macos64_1.0.0.202411102158/tools/bin/../lib/gcc/arm-none-eabi/13.3.1/../../../../arm-none-eabi/lib/thumb/v6-m/nofp/libc_nano.a
LOAD /Applications/STM32CubeIDE.app/Contents/Eclipse/plugins/com.st.stm32cube.ide.mcu.externaltools.gnu-tools-for-stm32.13.3.rel1.macos64_1.0.0.202411102158/tools/bin/../lib/gcc/arm-none-eabi/13.3.1/../../../../arm-none-eabi/lib/thumb/v6-m/nofp/libnosys.a
END GROUP
START GROUP
LOAD /Applications/STM32CubeIDE.app/Contents/Eclipse/plugins/com.st.stm32cube.ide.mcu.externaltools.gnu-tools-for-stm32.13.3.rel1.macos64_1.0.0.202411102158/tools/bin/../lib/gcc/arm-none-eabi/13.3.1/thumb/v6-m/nofp/libgcc.a
LOAD /Applications/STM32CubeIDE.app/Contents/Eclipse/plugins/com.st.stm32cube.ide.mcu.externaltools.gnu-tools-for-stm32.13.3.rel1.macos64_1.0.0.202411102158/tools/bin/../lib/gcc/arm-none-eabi/13.3.1/../../../../arm-none-eabi/lib/thumb/v6-m/nofp/libc_nano.a
LOAD /Applications/STM32CubeIDE.app/Contents/Eclipse/plugins/com.st.stm32cube.ide.mcu.externaltools.gnu-tools-for-stm32.13.3.rel1.macos64_1.0.0.202411102158/tools/bin/../lib/gcc/arm-none-eabi/13.3.1/../../../../arm-none-eabi/lib/thumb/v6-m/nofp/libnosys.a
END GROUP
LOAD /Applications/STM32CubeIDE.app/Contents/Eclipse/plugins/com.st.stm32cube.ide.mcu.externaltools.gnu-tools-for-stm32.13.3.rel1.macos64_1.0.0.202411102158/tools/bin/../lib/gcc/arm-none-eabi/13.3.1/thumb/v6-m/nofp/crtend.o
LOAD /Applications/STM32CubeIDE.app/Contents/Eclipse/plugins/com.st.stm32cube.ide.mcu.externaltools.gnu-tools-for-stm32.13.3.rel1.macos64_1.0.0.202411102158/tools/bin/../lib/gcc/arm-none-eabi/13.3.1/thumb/v6-m/nofp/crtn.o
                0x20004000                        _estack = (ORIGIN (RAM) + LENGTH (RAM))
                0x00000200                        _Min_Heap_Size = 0x200
                0x00000400                        _Min_Stack_Size = 0x400

.isr_vector     0x08000000       0xc0
                0x08000000                        . = ALIGN (0x4)
 *(.isr_vector)
 .isr_vector    0x08000000       0xc0 ./Core/Startup/startup_stm32f072cbtx.o
                0x08000000                g_pfnVectors
                0x080000c0                        . = ALIGN (0x4)

.text           0x080000c0     0xa498
                0x080000c0                        . = ALIGN (0x4)
 *(.text)
 .text          0x080000c0       0x48 /Applications/STM32CubeIDE.app/Contents/Eclipse/plugins/com.st.stm32cube.ide.mcu.externaltools.gnu-tools-for-stm32.13.3.rel1.macos64_1.0.0.202411102158/tools/bin/../lib/gcc/arm-none-eabi/13.3.1/thumb/v6-m/nofp/crtbegin.o
 .text          0x08000108      0x114 /Applications/STM32CubeIDE.app/Contents/Eclipse/plugins/com.st.stm32cube.ide.mcu.externaltools.gnu-tools-for-stm32.13.3.rel1.macos64_1.0.0.202411102158/tools/bin/../lib/gcc/arm-none-eabi/13.3.1/thumb/v6-m/nofp/libgcc.a(_udivsi3.o)
                0x08000108                __udivsi3
                0x08000108                __aeabi_uidiv
                0x08000214                __aeabi_uidivmod
 .text          0x0800021c        0x4 /Applications/STM32CubeIDE.app/Contents/Eclipse/plugins/com.st.stm32cube.ide.mcu.externaltools.gnu-tools-for-stm32.13.3.rel1.macos64_1.0.0.202411102158/tools/bin/../lib/gcc/arm-none-eabi/13.3.1/thumb/v6-m/nofp/libgcc.a(_dvmd_tls.o)
                0x0800021c                __aeabi_ldiv0
                0x0800021c                __aeabi_idiv0
 *(.text*)
 .text.ProcessusKeys_Init
                0x08000220       0x18 ./Core/Src/Processus_Keys.o
                0x08000220                ProcessusKeys_Init
 .text.Process_KEYS
                0x08000238      0x194 ./Core/Src/Processus_Keys.o
                0x08000238                Process_KEYS
 .text.Process_LEDS
                0x080003cc       0x5c ./Core/Src/Processus_LEDS.o
                0x080003cc                Process_LEDS
 .text.LEDS_Increase_Brightness
                0x08000428       0x38 ./Core/Src/Processus_LEDS.o
                0x08000428                LEDS_Increase_Brightness
 .text.LEDS_Decrease_Brightness
                0x08000460       0x38 ./Core/Src/Processus_LEDS.o
                0x08000460                LEDS_Decrease_Brightness
 .text.LEDS_Cycle_Hue
                0x08000498       0x40 ./Core/Src/Processus_LEDS.o
                0x08000498                LEDS_Cycle_Hue
 .text.LEDS_Cycle_Effect
                0x080004d8       0x40 ./Core/Src/Processus_LEDS.o
                0x080004d8                LEDS_Cycle_Effect
 .text.ProcessusLEDS_init
                0x08000518       0xb8 ./Core/Src/Processus_LEDS.o
                0x08000518                ProcessusLEDS_init
 .text.serviceBaseDeTemps_gere
                0x080005d0       0x3c ./Core/Src/ServiceBaseTemps_1ms.o
                0x080005d0                serviceBaseDeTemps_gere
 .text.serviceBaseDeTemps_initialise
                0x0800060c       0x4c ./Core/Src/ServiceBaseTemps_1ms.o
                0x0800060c                serviceBaseDeTemps_initialise
 .text.Debounce_Switch_Matrix
                0x08000658      0x124 ./Core/Src/interfaceDebouncing.o
                0x08000658                Debounce_Switch_Matrix
 .text.InterfaceDebouncing_Init
                0x0800077c       0x18 ./Core/Src/interfaceDebouncing.o
                0x0800077c                InterfaceDebouncing_Init
 .text.ScanMatrice
                0x08000794       0x88 ./Core/Src/interfaceMatrice.o
                0x08000794                ScanMatrice
 .text.InterfaceMatrice_Init
                0x0800081c       0x18 ./Core/Src/interfaceMatrice.o
                0x0800081c                InterfaceMatrice_Init
 .text.Reset_HID_Report
                0x08000834       0x38 ./Core/Src/interface_HID_Report.o
                0x08000834                Reset_HID_Report
 .text.Check_HID_Report
                0x0800086c       0x74 ./Core/Src/interface_HID_Report.o
                0x0800086c                Check_HID_Report
 .text.Make_HID_Report
                0x080008e0      0x11c ./Core/Src/interface_HID_Report.o
                0x080008e0                Make_HID_Report
 .text.Send_HID_Report
                0x080009fc       0x20 ./Core/Src/interface_HID_Report.o
                0x080009fc                Send_HID_Report
 .text.hsl_to_rgb
                0x08000a1c      0x26c ./Core/Src/interface_RGB.o
                0x08000a1c                hsl_to_rgb
 .text.effet_Rainbow
                0x08000c88       0xb8 ./Core/Src/interface_RGB.o
                0x08000c88                effet_Rainbow
 .text.effet_Breathing
                0x08000d40       0xa8 ./Core/Src/interface_RGB.o
                0x08000d40                effet_Breathing
 .text.effet_Rainbow_Breathing
                0x08000de8       0xf8 ./Core/Src/interface_RGB.o
                0x08000de8                effet_Rainbow_Breathing
 .text.effet_Key_Responsive
                0x08000ee0      0x100 ./Core/Src/interface_RGB.o
                0x08000ee0                effet_Key_Responsive
 .text.effet_StaticColor
                0x08000fe0       0x52 ./Core/Src/interface_RGB.o
                0x08000fe0                effet_StaticColor
 .text.Main_Init
                0x08001032       0x22 ./Core/Src/main.o
                0x08001032                Main_Init
 .text.doNothing
                0x08001054        0xa ./Core/Src/main.o
                0x08001054                doNothing
 .text.main     0x0800105e       0x2c ./Core/Src/main.o
                0x0800105e                main
 .text.SystemClock_Config
                0x0800108a       0xa8 ./Core/Src/main.o
                0x0800108a                SystemClock_Config
 *fill*         0x08001132        0x2 
 .text.MX_TIM2_Init
                0x08001134       0xfc ./Core/Src/main.o
 .text.MX_TIM14_Init
                0x08001230       0x4c ./Core/Src/main.o
 .text.MX_DMA_Init
                0x0800127c       0x3c ./Core/Src/main.o
 .text.MX_GPIO_Init
                0x080012b8      0x104 ./Core/Src/main.o
 .text.Error_Handler
                0x080013bc        0xc ./Core/Src/main.o
                0x080013bc                Error_Handler
 .text.Read_Col
                0x080013c8       0x38 ./Core/Src/pilote_COL.o
                0x080013c8                Read_Col
 .text.Set_Row  0x08001400       0x30 ./Core/Src/pilote_ROW.o
                0x08001400                Set_Row
 .text.Reset_Row
                0x08001430       0x30 ./Core/Src/pilote_ROW.o
                0x08001430                Reset_Row
 .text.Set_All_Rows
                0x08001460       0x2c ./Core/Src/pilote_ROW.o
                0x08001460                Set_All_Rows
 .text.scale8   0x0800148c       0x28 ./Core/Src/pilote_SK6803.o
 .text.led_set_RGB
                0x080014b4       0x84 ./Core/Src/pilote_SK6803.o
                0x080014b4                led_set_RGB
 .text.led_set_all_RGB
                0x08001538       0x50 ./Core/Src/pilote_SK6803.o
                0x08001538                led_set_all_RGB
 .text.led_render
                0x08001588      0x15c ./Core/Src/pilote_SK6803.o
                0x08001588                led_render
 .text.HAL_TIM_PWM_PulseFinishedHalfCpltCallback
                0x080016e4      0x108 ./Core/Src/pilote_SK6803.o
                0x080016e4                HAL_TIM_PWM_PulseFinishedHalfCpltCallback
 .text.HAL_TIM_PWM_PulseFinishedCallback
                0x080017ec      0x11c ./Core/Src/pilote_SK6803.o
                0x080017ec                HAL_TIM_PWM_PulseFinishedCallback
 .text.HAL_TIM_PeriodElapsedCallback
                0x08001908       0x28 ./Core/Src/pilote_Timer14_1ms.o
                0x08001908                HAL_TIM_PeriodElapsedCallback
 .text.piloteTimer14_permetLesInterruptions
                0x08001930       0x18 ./Core/Src/pilote_Timer14_1ms.o
                0x08001930                piloteTimer14_permetLesInterruptions
 .text.piloteTimer14_initialise
                0x08001948       0x18 ./Core/Src/pilote_Timer14_1ms.o
                0x08001948                piloteTimer14_initialise
 .text.HAL_MspInit
                0x08001960       0x48 ./Core/Src/stm32f0xx_hal_msp.o
                0x08001960                HAL_MspInit
 .text.HAL_TIM_Base_MspInit
                0x080019a8       0xcc ./Core/Src/stm32f0xx_hal_msp.o
                0x080019a8                HAL_TIM_Base_MspInit
 .text.HAL_TIM_MspPostInit
                0x08001a74       0x7c ./Core/Src/stm32f0xx_hal_msp.o
                0x08001a74                HAL_TIM_MspPostInit
 .text.NMI_Handler
                0x08001af0        0x8 ./Core/Src/stm32f0xx_it.o
                0x08001af0                NMI_Handler
 .text.HardFault_Handler
                0x08001af8        0x8 ./Core/Src/stm32f0xx_it.o
                0x08001af8                HardFault_Handler
 .text.SVC_Handler
                0x08001b00        0xa ./Core/Src/stm32f0xx_it.o
                0x08001b00                SVC_Handler
 .text.PendSV_Handler
                0x08001b0a        0xa ./Core/Src/stm32f0xx_it.o
                0x08001b0a                PendSV_Handler
 .text.SysTick_Handler
                0x08001b14        0xe ./Core/Src/stm32f0xx_it.o
                0x08001b14                SysTick_Handler
 *fill*         0x08001b22        0x2 
 .text.DMA1_Channel4_5_6_7_IRQHandler
                0x08001b24       0x18 ./Core/Src/stm32f0xx_it.o
                0x08001b24                DMA1_Channel4_5_6_7_IRQHandler
 .text.TIM14_IRQHandler
                0x08001b3c       0x18 ./Core/Src/stm32f0xx_it.o
                0x08001b3c                TIM14_IRQHandler
 .text.USB_IRQHandler
                0x08001b54       0x18 ./Core/Src/stm32f0xx_it.o
                0x08001b54                USB_IRQHandler
 .text.SystemInit
                0x08001b6c        0xa ./Core/Src/system_stm32f0xx.o
                0x08001b6c                SystemInit
 *fill*         0x08001b76        0x2 
 .text.Reset_Handler
                0x08001b78       0x50 ./Core/Startup/startup_stm32f072cbtx.o
                0x08001b78                Reset_Handler
 .text.Default_Handler
                0x08001bc8        0x2 ./Core/Startup/startup_stm32f072cbtx.o
                0x08001bc8                TIM1_BRK_UP_TRG_COM_IRQHandler
                0x08001bc8                TSC_IRQHandler
                0x08001bc8                ADC1_COMP_IRQHandler
                0x08001bc8                I2C1_IRQHandler
                0x08001bc8                RCC_CRS_IRQHandler
                0x08001bc8                SPI1_IRQHandler
                0x08001bc8                TIM6_DAC_IRQHandler
                0x08001bc8                USART3_4_IRQHandler
                0x08001bc8                EXTI2_3_IRQHandler
                0x08001bc8                I2C2_IRQHandler
                0x08001bc8                TIM17_IRQHandler
                0x08001bc8                CEC_CAN_IRQHandler
                0x08001bc8                RTC_IRQHandler
                0x08001bc8                PVD_VDDIO2_IRQHandler
                0x08001bc8                TIM16_IRQHandler
                0x08001bc8                TIM3_IRQHandler
                0x08001bc8                EXTI4_15_IRQHandler
                0x08001bc8                DMA1_Channel1_IRQHandler
                0x08001bc8                Default_Handler
                0x08001bc8                TIM7_IRQHandler
                0x08001bc8                TIM15_IRQHandler
                0x08001bc8                EXTI0_1_IRQHandler
                0x08001bc8                SPI2_IRQHandler
                0x08001bc8                WWDG_IRQHandler
                0x08001bc8                TIM2_IRQHandler
                0x08001bc8                DMA1_Channel2_3_IRQHandler
                0x08001bc8                USART2_IRQHandler
                0x08001bc8                FLASH_IRQHandler
                0x08001bc8                USART1_IRQHandler
                0x08001bc8                TIM1_CC_IRQHandler
 *fill*         0x08001bca        0x2 
 .text.HAL_Init
                0x08001bcc       0x28 ./Drivers/STM32F0xx_HAL_Driver/Src/stm32f0xx_hal.o
                0x08001bcc                HAL_Init
 .text.HAL_InitTick
                0x08001bf4       0x68 ./Drivers/STM32F0xx_HAL_Driver/Src/stm32f0xx_hal.o
                0x08001bf4                HAL_InitTick
 .text.HAL_IncTick
                0x08001c5c       0x24 ./Drivers/STM32F0xx_HAL_Driver/Src/stm32f0xx_hal.o
                0x08001c5c                HAL_IncTick
 .text.HAL_GetTick
                0x08001c80       0x14 ./Drivers/STM32F0xx_HAL_Driver/Src/stm32f0xx_hal.o
                0x08001c80                HAL_GetTick
 .text.__NVIC_EnableIRQ
                0x08001c94       0x34 ./Drivers/STM32F0xx_HAL_Driver/Src/stm32f0xx_hal_cortex.o
 .text.__NVIC_SetPriority
                0x08001cc8       0xdc ./Drivers/STM32F0xx_HAL_Driver/Src/stm32f0xx_hal_cortex.o
 .text.SysTick_Config
                0x08001da4       0x48 ./Drivers/STM32F0xx_HAL_Driver/Src/stm32f0xx_hal_cortex.o
 .text.HAL_NVIC_SetPriority
                0x08001dec       0x2a ./Drivers/STM32F0xx_HAL_Driver/Src/stm32f0xx_hal_cortex.o
                0x08001dec                HAL_NVIC_SetPriority
 .text.HAL_NVIC_EnableIRQ
                0x08001e16       0x20 ./Drivers/STM32F0xx_HAL_Driver/Src/stm32f0xx_hal_cortex.o
                0x08001e16                HAL_NVIC_EnableIRQ
 .text.HAL_SYSTICK_Config
                0x08001e36       0x1a ./Drivers/STM32F0xx_HAL_Driver/Src/stm32f0xx_hal_cortex.o
                0x08001e36                HAL_SYSTICK_Config
 .text.HAL_DMA_Init
                0x08001e50       0x90 ./Drivers/STM32F0xx_HAL_Driver/Src/stm32f0xx_hal_dma.o
                0x08001e50                HAL_DMA_Init
 .text.HAL_DMA_Start_IT
                0x08001ee0       0xcc ./Drivers/STM32F0xx_HAL_Driver/Src/stm32f0xx_hal_dma.o
                0x08001ee0                HAL_DMA_Start_IT
 .text.HAL_DMA_Abort_IT
                0x08001fac       0x8a ./Drivers/STM32F0xx_HAL_Driver/Src/stm32f0xx_hal_dma.o
                0x08001fac                HAL_DMA_Abort_IT
 .text.HAL_DMA_IRQHandler
                0x08002036      0x144 ./Drivers/STM32F0xx_HAL_Driver/Src/stm32f0xx_hal_dma.o
                0x08002036                HAL_DMA_IRQHandler
 .text.DMA_SetConfig
                0x0800217a       0x58 ./Drivers/STM32F0xx_HAL_Driver/Src/stm32f0xx_hal_dma.o
 *fill*         0x080021d2        0x2 
 .text.DMA_CalcBaseAndBitshift
                0x080021d4       0x38 ./Drivers/STM32F0xx_HAL_Driver/Src/stm32f0xx_hal_dma.o
 .text.HAL_GPIO_Init
                0x0800220c      0x2f0 ./Drivers/STM32F0xx_HAL_Driver/Src/stm32f0xx_hal_gpio.o
                0x0800220c                HAL_GPIO_Init
 .text.HAL_GPIO_ReadPin
                0x080024fc       0x3a ./Drivers/STM32F0xx_HAL_Driver/Src/stm32f0xx_hal_gpio.o
                0x080024fc                HAL_GPIO_ReadPin
 .text.HAL_GPIO_WritePin
                0x08002536       0x3a ./Drivers/STM32F0xx_HAL_Driver/Src/stm32f0xx_hal_gpio.o
                0x08002536                HAL_GPIO_WritePin
 .text.HAL_PCD_Init
                0x08002570      0x1e8 ./Drivers/STM32F0xx_HAL_Driver/Src/stm32f0xx_hal_pcd.o
                0x08002570                HAL_PCD_Init
 .text.HAL_PCD_Start
                0x08002758       0x4a ./Drivers/STM32F0xx_HAL_Driver/Src/stm32f0xx_hal_pcd.o
                0x08002758                HAL_PCD_Start
 *fill*         0x080027a2        0x2 
 .text.HAL_PCD_IRQHandler
                0x080027a4      0x288 ./Drivers/STM32F0xx_HAL_Driver/Src/stm32f0xx_hal_pcd.o
                0x080027a4                HAL_PCD_IRQHandler
 .text.HAL_PCD_SetAddress
                0x08002a2c       0x54 ./Drivers/STM32F0xx_HAL_Driver/Src/stm32f0xx_hal_pcd.o
                0x08002a2c                HAL_PCD_SetAddress
 .text.HAL_PCD_EP_Open
                0x08002a80       0xde ./Drivers/STM32F0xx_HAL_Driver/Src/stm32f0xx_hal_pcd.o
                0x08002a80                HAL_PCD_EP_Open
 .text.HAL_PCD_EP_Close
                0x08002b5e       0xa2 ./Drivers/STM32F0xx_HAL_Driver/Src/stm32f0xx_hal_pcd.o
                0x08002b5e                HAL_PCD_EP_Close
 .text.HAL_PCD_EP_Receive
                0x08002c00       0x6e ./Drivers/STM32F0xx_HAL_Driver/Src/stm32f0xx_hal_pcd.o
                0x08002c00                HAL_PCD_EP_Receive
 .text.HAL_PCD_EP_Transmit
                0x08002c6e       0x78 ./Drivers/STM32F0xx_HAL_Driver/Src/stm32f0xx_hal_pcd.o
                0x08002c6e                HAL_PCD_EP_Transmit
 .text.HAL_PCD_EP_SetStall
                0x08002ce6       0xb8 ./Drivers/STM32F0xx_HAL_Driver/Src/stm32f0xx_hal_pcd.o
                0x08002ce6                HAL_PCD_EP_SetStall
 .text.HAL_PCD_EP_ClrStall
                0x08002d9e       0xbc ./Drivers/STM32F0xx_HAL_Driver/Src/stm32f0xx_hal_pcd.o
                0x08002d9e                HAL_PCD_EP_ClrStall
 *fill*         0x08002e5a        0x2 
 .text.PCD_EP_ISR_Handler
                0x08002e5c      0x808 ./Drivers/STM32F0xx_HAL_Driver/Src/stm32f0xx_hal_pcd.o
 .text.HAL_PCD_EP_DB_Receive
                0x08003664      0x238 ./Drivers/STM32F0xx_HAL_Driver/Src/stm32f0xx_hal_pcd.o
 .text.HAL_PCD_EP_DB_Transmit
                0x0800389c      0x820 ./Drivers/STM32F0xx_HAL_Driver/Src/stm32f0xx_hal_pcd.o
 .text.HAL_PCDEx_PMAConfig
                0x080040bc       0x9c ./Drivers/STM32F0xx_HAL_Driver/Src/stm32f0xx_hal_pcd_ex.o
                0x080040bc                HAL_PCDEx_PMAConfig
 .text.HAL_PCDEx_ActivateLPM
                0x08004158       0x54 ./Drivers/STM32F0xx_HAL_Driver/Src/stm32f0xx_hal_pcd_ex.o
                0x08004158                HAL_PCDEx_ActivateLPM
 .text.HAL_PCDEx_LPM_Callback
                0x080041ac       0x16 ./Drivers/STM32F0xx_HAL_Driver/Src/stm32f0xx_hal_pcd_ex.o
                0x080041ac                HAL_PCDEx_LPM_Callback
 *fill*         0x080041c2        0x2 
 .text.HAL_RCC_OscConfig
                0x080041c4      0x70c ./Drivers/STM32F0xx_HAL_Driver/Src/stm32f0xx_hal_rcc.o
                0x080041c4                HAL_RCC_OscConfig
 .text.HAL_RCC_ClockConfig
                0x080048d0      0x1b4 ./Drivers/STM32F0xx_HAL_Driver/Src/stm32f0xx_hal_rcc.o
                0x080048d0                HAL_RCC_ClockConfig
 .text.HAL_RCC_GetSysClockFreq
                0x08004a84       0xe4 ./Drivers/STM32F0xx_HAL_Driver/Src/stm32f0xx_hal_rcc.o
                0x08004a84                HAL_RCC_GetSysClockFreq
 .text.HAL_RCCEx_PeriphCLKConfig
                0x08004b68      0x1fc ./Drivers/STM32F0xx_HAL_Driver/Src/stm32f0xx_hal_rcc_ex.o
                0x08004b68                HAL_RCCEx_PeriphCLKConfig
 .text.HAL_TIM_Base_Init
                0x08004d64       0xa0 ./Drivers/STM32F0xx_HAL_Driver/Src/stm32f0xx_hal_tim.o
                0x08004d64                HAL_TIM_Base_Init
 .text.HAL_TIM_Base_Start_IT
                0x08004e04       0xa4 ./Drivers/STM32F0xx_HAL_Driver/Src/stm32f0xx_hal_tim.o
                0x08004e04                HAL_TIM_Base_Start_IT
 .text.HAL_TIM_PWM_Init
                0x08004ea8       0xa0 ./Drivers/STM32F0xx_HAL_Driver/Src/stm32f0xx_hal_tim.o
                0x08004ea8                HAL_TIM_PWM_Init
 .text.HAL_TIM_PWM_MspInit
                0x08004f48       0x10 ./Drivers/STM32F0xx_HAL_Driver/Src/stm32f0xx_hal_tim.o
                0x08004f48                HAL_TIM_PWM_MspInit
 .text.HAL_TIM_PWM_Start_DMA
                0x08004f58      0x36c ./Drivers/STM32F0xx_HAL_Driver/Src/stm32f0xx_hal_tim.o
                0x08004f58                HAL_TIM_PWM_Start_DMA
 .text.HAL_TIM_PWM_Stop_DMA
                0x080052c4      0x1c0 ./Drivers/STM32F0xx_HAL_Driver/Src/stm32f0xx_hal_tim.o
                0x080052c4                HAL_TIM_PWM_Stop_DMA
 .text.HAL_TIM_IRQHandler
                0x08005484      0x1dc ./Drivers/STM32F0xx_HAL_Driver/Src/stm32f0xx_hal_tim.o
                0x08005484                HAL_TIM_IRQHandler
 .text.HAL_TIM_PWM_ConfigChannel
                0x08005660      0x18c ./Drivers/STM32F0xx_HAL_Driver/Src/stm32f0xx_hal_tim.o
                0x08005660                HAL_TIM_PWM_ConfigChannel
 .text.HAL_TIM_ConfigClockSource
                0x080057ec      0x1a8 ./Drivers/STM32F0xx_HAL_Driver/Src/stm32f0xx_hal_tim.o
                0x080057ec                HAL_TIM_ConfigClockSource
 .text.HAL_TIM_OC_DelayElapsedCallback
                0x08005994       0x10 ./Drivers/STM32F0xx_HAL_Driver/Src/stm32f0xx_hal_tim.o
                0x08005994                HAL_TIM_OC_DelayElapsedCallback
 .text.HAL_TIM_IC_CaptureCallback
                0x080059a4       0x10 ./Drivers/STM32F0xx_HAL_Driver/Src/stm32f0xx_hal_tim.o
                0x080059a4                HAL_TIM_IC_CaptureCallback
 .text.HAL_TIM_TriggerCallback
                0x080059b4       0x10 ./Drivers/STM32F0xx_HAL_Driver/Src/stm32f0xx_hal_tim.o
                0x080059b4                HAL_TIM_TriggerCallback
 .text.HAL_TIM_ErrorCallback
                0x080059c4       0x10 ./Drivers/STM32F0xx_HAL_Driver/Src/stm32f0xx_hal_tim.o
                0x080059c4                HAL_TIM_ErrorCallback
 .text.TIM_DMAError
                0x080059d4       0x94 ./Drivers/STM32F0xx_HAL_Driver/Src/stm32f0xx_hal_tim.o
                0x080059d4                TIM_DMAError
 .text.TIM_DMADelayPulseCplt
                0x08005a68       0xaa ./Drivers/STM32F0xx_HAL_Driver/Src/stm32f0xx_hal_tim.o
 .text.TIM_DMADelayPulseHalfCplt
                0x08005b12       0x6a ./Drivers/STM32F0xx_HAL_Driver/Src/stm32f0xx_hal_tim.o
                0x08005b12                TIM_DMADelayPulseHalfCplt
 .text.TIM_Base_SetConfig
                0x08005b7c      0x11c ./Drivers/STM32F0xx_HAL_Driver/Src/stm32f0xx_hal_tim.o
                0x08005b7c                TIM_Base_SetConfig
 .text.TIM_OC1_SetConfig
                0x08005c98      0x110 ./Drivers/STM32F0xx_HAL_Driver/Src/stm32f0xx_hal_tim.o
 .text.TIM_OC2_SetConfig
                0x08005da8      0x108 ./Drivers/STM32F0xx_HAL_Driver/Src/stm32f0xx_hal_tim.o
                0x08005da8                TIM_OC2_SetConfig
 .text.TIM_OC3_SetConfig
                0x08005eb0      0x10c ./Drivers/STM32F0xx_HAL_Driver/Src/stm32f0xx_hal_tim.o
 .text.TIM_OC4_SetConfig
                0x08005fbc       0xd4 ./Drivers/STM32F0xx_HAL_Driver/Src/stm32f0xx_hal_tim.o
 .text.TIM_TI1_ConfigInputStage
                0x08006090       0x5c ./Drivers/STM32F0xx_HAL_Driver/Src/stm32f0xx_hal_tim.o
 .text.TIM_TI2_ConfigInputStage
                0x080060ec       0x64 ./Drivers/STM32F0xx_HAL_Driver/Src/stm32f0xx_hal_tim.o
 .text.TIM_ITRx_SetConfig
                0x08006150       0x32 ./Drivers/STM32F0xx_HAL_Driver/Src/stm32f0xx_hal_tim.o
 *fill*         0x08006182        0x2 
 .text.TIM_ETR_SetConfig
                0x08006184       0x40 ./Drivers/STM32F0xx_HAL_Driver/Src/stm32f0xx_hal_tim.o
                0x08006184                TIM_ETR_SetConfig
 .text.TIM_CCxChannelCmd
                0x080061c4       0x46 ./Drivers/STM32F0xx_HAL_Driver/Src/stm32f0xx_hal_tim.o
                0x080061c4                TIM_CCxChannelCmd
 *fill*         0x0800620a        0x2 
 .text.HAL_TIMEx_MasterConfigSynchronization
                0x0800620c       0xbc ./Drivers/STM32F0xx_HAL_Driver/Src/stm32f0xx_hal_tim_ex.o
                0x0800620c                HAL_TIMEx_MasterConfigSynchronization
 .text.HAL_TIMEx_CommutCallback
                0x080062c8       0x10 ./Drivers/STM32F0xx_HAL_Driver/Src/stm32f0xx_hal_tim_ex.o
                0x080062c8                HAL_TIMEx_CommutCallback
 .text.HAL_TIMEx_BreakCallback
                0x080062d8       0x10 ./Drivers/STM32F0xx_HAL_Driver/Src/stm32f0xx_hal_tim_ex.o
                0x080062d8                HAL_TIMEx_BreakCallback
 .text.USB_EnableGlobalInt
                0x080062e8       0x2c ./Drivers/STM32F0xx_HAL_Driver/Src/stm32f0xx_ll_usb.o
                0x080062e8                USB_EnableGlobalInt
 .text.USB_DisableGlobalInt
                0x08006314       0x34 ./Drivers/STM32F0xx_HAL_Driver/Src/stm32f0xx_ll_usb.o
                0x08006314                USB_DisableGlobalInt
 .text.USB_DevInit
                0x08006348       0x38 ./Drivers/STM32F0xx_HAL_Driver/Src/stm32f0xx_ll_usb.o
                0x08006348                USB_DevInit
 .text.USB_ActivateEndpoint
                0x08006380      0x750 ./Drivers/STM32F0xx_HAL_Driver/Src/stm32f0xx_ll_usb.o
                0x08006380                USB_ActivateEndpoint
 .text.USB_DeactivateEndpoint
                0x08006ad0      0x380 ./Drivers/STM32F0xx_HAL_Driver/Src/stm32f0xx_ll_usb.o
                0x08006ad0                USB_DeactivateEndpoint
 .text.USB_EPStartXfer
                0x08006e50     0x1260 ./Drivers/STM32F0xx_HAL_Driver/Src/stm32f0xx_ll_usb.o
                0x08006e50                USB_EPStartXfer
 .text.USB_EPSetStall
                0x080080b0       0xa0 ./Drivers/STM32F0xx_HAL_Driver/Src/stm32f0xx_ll_usb.o
                0x080080b0                USB_EPSetStall
 .text.USB_EPClearStall
                0x08008150      0x164 ./Drivers/STM32F0xx_HAL_Driver/Src/stm32f0xx_ll_usb.o
                0x08008150                USB_EPClearStall
 .text.USB_SetDevAddress
                0x080082b4       0x28 ./Drivers/STM32F0xx_HAL_Driver/Src/stm32f0xx_ll_usb.o
                0x080082b4                USB_SetDevAddress
 .text.USB_DevConnect
                0x080082dc       0x2c ./Drivers/STM32F0xx_HAL_Driver/Src/stm32f0xx_ll_usb.o
                0x080082dc                USB_DevConnect
 .text.USB_ReadInterrupts
                0x08008308       0x1c ./Drivers/STM32F0xx_HAL_Driver/Src/stm32f0xx_ll_usb.o
                0x08008308                USB_ReadInterrupts
 .text.USB_WritePMA
                0x08008324       0x94 ./Drivers/STM32F0xx_HAL_Driver/Src/stm32f0xx_ll_usb.o
                0x08008324                USB_WritePMA
 .text.USB_ReadPMA
                0x080083b8       0x9e ./Drivers/STM32F0xx_HAL_Driver/Src/stm32f0xx_ll_usb.o
                0x080083b8                USB_ReadPMA
 .text.USBD_HID_Init
                0x08008456       0x56 ./Middlewares/ST/STM32_USB_Device_Library/Class/HID/Src/usbd_hid.o
 .text.USBD_HID_DeInit
                0x080084ac       0x4c ./Middlewares/ST/STM32_USB_Device_Library/Class/HID/Src/usbd_hid.o
 .text.USBD_HID_Setup
                0x080084f8      0x21c ./Middlewares/ST/STM32_USB_Device_Library/Class/HID/Src/usbd_hid.o
 .text.USBD_HID_SendReport
                0x08008714       0x4a ./Middlewares/ST/STM32_USB_Device_Library/Class/HID/Src/usbd_hid.o
                0x08008714                USBD_HID_SendReport
 *fill*         0x0800875e        0x2 
 .text.USBD_HID_GetFSCfgDesc
                0x08008760       0x1c ./Middlewares/ST/STM32_USB_Device_Library/Class/HID/Src/usbd_hid.o
 .text.USBD_HID_GetHSCfgDesc
                0x0800877c       0x1c ./Middlewares/ST/STM32_USB_Device_Library/Class/HID/Src/usbd_hid.o
 .text.USBD_HID_GetOtherSpeedCfgDesc
                0x08008798       0x1c ./Middlewares/ST/STM32_USB_Device_Library/Class/HID/Src/usbd_hid.o
 .text.USBD_HID_DataIn
                0x080087b4       0x24 ./Middlewares/ST/STM32_USB_Device_Library/Class/HID/Src/usbd_hid.o
 .text.USBD_HID_GetDeviceQualifierDesc
                0x080087d8       0x1c ./Middlewares/ST/STM32_USB_Device_Library/Class/HID/Src/usbd_hid.o
 .text.USBD_Init
                0x080087f4       0x62 ./Middlewares/ST/STM32_USB_Device_Library/Core/Src/usbd_core.o
                0x080087f4                USBD_Init
 .text.USBD_RegisterClass
                0x08008856       0x40 ./Middlewares/ST/STM32_USB_Device_Library/Core/Src/usbd_core.o
                0x08008856                USBD_RegisterClass
 .text.USBD_Start
                0x08008896       0x1a ./Middlewares/ST/STM32_USB_Device_Library/Core/Src/usbd_core.o
                0x08008896                USBD_Start
 .text.USBD_RunTestMode
                0x080088b0       0x12 ./Middlewares/ST/STM32_USB_Device_Library/Core/Src/usbd_core.o
                0x080088b0                USBD_RunTestMode
 .text.USBD_SetClassConfig
                0x080088c2       0x4e ./Middlewares/ST/STM32_USB_Device_Library/Core/Src/usbd_core.o
                0x080088c2                USBD_SetClassConfig
 .text.USBD_ClrClassConfig
                0x08008910       0x2c ./Middlewares/ST/STM32_USB_Device_Library/Core/Src/usbd_core.o
                0x08008910                USBD_ClrClassConfig
 .text.USBD_LL_SetupStage
                0x0800893c       0xbc ./Middlewares/ST/STM32_USB_Device_Library/Core/Src/usbd_core.o
                0x0800893c                USBD_LL_SetupStage
 .text.USBD_LL_DataOutStage
                0x080089f8      0x104 ./Middlewares/ST/STM32_USB_Device_Library/Core/Src/usbd_core.o
                0x080089f8                USBD_LL_DataOutStage
 .text.USBD_LL_DataInStage
                0x08008afc      0x17a ./Middlewares/ST/STM32_USB_Device_Library/Core/Src/usbd_core.o
                0x08008afc                USBD_LL_DataInStage
 .text.USBD_LL_Reset
                0x08008c76       0x90 ./Middlewares/ST/STM32_USB_Device_Library/Core/Src/usbd_core.o
                0x08008c76                USBD_LL_Reset
 .text.USBD_LL_SetSpeed
                0x08008d06       0x20 ./Middlewares/ST/STM32_USB_Device_Library/Core/Src/usbd_core.o
                0x08008d06                USBD_LL_SetSpeed
 *fill*         0x08008d26        0x2 
 .text.USBD_LL_Suspend
                0x08008d28       0x30 ./Middlewares/ST/STM32_USB_Device_Library/Core/Src/usbd_core.o
                0x08008d28                USBD_LL_Suspend
 .text.USBD_LL_Resume
                0x08008d58       0x30 ./Middlewares/ST/STM32_USB_Device_Library/Core/Src/usbd_core.o
                0x08008d58                USBD_LL_Resume
 .text.USBD_LL_SOF
                0x08008d88       0x3c ./Middlewares/ST/STM32_USB_Device_Library/Core/Src/usbd_core.o
                0x08008d88                USBD_LL_SOF
 .text.USBD_StdDevReq
                0x08008dc4       0xe4 ./Middlewares/ST/STM32_USB_Device_Library/Core/Src/usbd_ctlreq.o
                0x08008dc4                USBD_StdDevReq
 .text.USBD_StdItfReq
                0x08008ea8       0xae ./Middlewares/ST/STM32_USB_Device_Library/Core/Src/usbd_ctlreq.o
                0x08008ea8                USBD_StdItfReq
 .text.USBD_StdEPReq
                0x08008f56      0x36c ./Middlewares/ST/STM32_USB_Device_Library/Core/Src/usbd_ctlreq.o
                0x08008f56                USBD_StdEPReq
 *fill*         0x080092c2        0x2 
 .text.USBD_GetDescriptor
                0x080092c4      0x364 ./Middlewares/ST/STM32_USB_Device_Library/Core/Src/usbd_ctlreq.o
 .text.USBD_SetAddress
                0x08009628       0xa8 ./Middlewares/ST/STM32_USB_Device_Library/Core/Src/usbd_ctlreq.o
 .text.USBD_SetConfig
                0x080096d0      0x148 ./Middlewares/ST/STM32_USB_Device_Library/Core/Src/usbd_ctlreq.o
 .text.USBD_GetConfig
                0x08009818       0x76 ./Middlewares/ST/STM32_USB_Device_Library/Core/Src/usbd_ctlreq.o
 .text.USBD_GetStatus
                0x0800988e       0x74 ./Middlewares/ST/STM32_USB_Device_Library/Core/Src/usbd_ctlreq.o
 .text.USBD_SetFeature
                0x08009902       0x2c ./Middlewares/ST/STM32_USB_Device_Library/Core/Src/usbd_ctlreq.o
 .text.USBD_ClrFeature
                0x0800992e       0x4c ./Middlewares/ST/STM32_USB_Device_Library/Core/Src/usbd_ctlreq.o
 .text.USBD_ParseSetupRequest
                0x0800997a       0x70 ./Middlewares/ST/STM32_USB_Device_Library/Core/Src/usbd_ctlreq.o
                0x0800997a                USBD_ParseSetupRequest
 .text.USBD_CtlError
                0x080099ea       0x26 ./Middlewares/ST/STM32_USB_Device_Library/Core/Src/usbd_ctlreq.o
                0x080099ea                USBD_CtlError
 .text.USBD_GetString
                0x08009a10       0x9c ./Middlewares/ST/STM32_USB_Device_Library/Core/Src/usbd_ctlreq.o
                0x08009a10                USBD_GetString
 .text.USBD_GetLen
                0x08009aac       0x3a ./Middlewares/ST/STM32_USB_Device_Library/Core/Src/usbd_ctlreq.o
 .text.USBD_CtlSendData
                0x08009ae6       0x40 ./Middlewares/ST/STM32_USB_Device_Library/Core/Src/usbd_ioreq.o
                0x08009ae6                USBD_CtlSendData
 .text.USBD_CtlContinueSendData
                0x08009b26       0x26 ./Middlewares/ST/STM32_USB_Device_Library/Core/Src/usbd_ioreq.o
                0x08009b26                USBD_CtlContinueSendData
 .text.USBD_CtlContinueRx
                0x08009b4c       0x26 ./Middlewares/ST/STM32_USB_Device_Library/Core/Src/usbd_ioreq.o
                0x08009b4c                USBD_CtlContinueRx
 .text.USBD_CtlSendStatus
                0x08009b72       0x28 ./Middlewares/ST/STM32_USB_Device_Library/Core/Src/usbd_ioreq.o
                0x08009b72                USBD_CtlSendStatus
 .text.USBD_CtlReceiveStatus
                0x08009b9a       0x28 ./Middlewares/ST/STM32_USB_Device_Library/Core/Src/usbd_ioreq.o
                0x08009b9a                USBD_CtlReceiveStatus
 *fill*         0x08009bc2        0x2 
 .text.MX_USB_DEVICE_Init
                0x08009bc4       0x50 ./USB_DEVICE/App/usb_device.o
                0x08009bc4                MX_USB_DEVICE_Init
 .text.USBD_FS_DeviceDescriptor
                0x08009c14       0x24 ./USB_DEVICE/App/usbd_desc.o
                0x08009c14                USBD_FS_DeviceDescriptor
 .text.USBD_FS_LangIDStrDescriptor
                0x08009c38       0x24 ./USB_DEVICE/App/usbd_desc.o
                0x08009c38                USBD_FS_LangIDStrDescriptor
 .text.USBD_FS_ProductStrDescriptor
                0x08009c5c       0x44 ./USB_DEVICE/App/usbd_desc.o
                0x08009c5c                USBD_FS_ProductStrDescriptor
 .text.USBD_FS_ManufacturerStrDescriptor
                0x08009ca0       0x2c ./USB_DEVICE/App/usbd_desc.o
                0x08009ca0                USBD_FS_ManufacturerStrDescriptor
 .text.USBD_FS_SerialStrDescriptor
                0x08009ccc       0x28 ./USB_DEVICE/App/usbd_desc.o
                0x08009ccc                USBD_FS_SerialStrDescriptor
 .text.USBD_FS_ConfigStrDescriptor
                0x08009cf4       0x44 ./USB_DEVICE/App/usbd_desc.o
                0x08009cf4                USBD_FS_ConfigStrDescriptor
 .text.USBD_FS_InterfaceStrDescriptor
                0x08009d38       0x44 ./USB_DEVICE/App/usbd_desc.o
                0x08009d38                USBD_FS_InterfaceStrDescriptor
 .text.Get_SerialNum
                0x08009d7c       0x5c ./USB_DEVICE/App/usbd_desc.o
 .text.IntToUnicode
                0x08009dd8       0x96 ./USB_DEVICE/App/usbd_desc.o
 *fill*         0x08009e6e        0x2 
 .text.HAL_PCD_MspInit
                0x08009e70       0x50 ./USB_DEVICE/Target/usbd_conf.o
                0x08009e70                HAL_PCD_MspInit
 .text.HAL_PCD_SetupStageCallback
                0x08009ec0       0x2a ./USB_DEVICE/Target/usbd_conf.o
                0x08009ec0                HAL_PCD_SetupStageCallback
 .text.HAL_PCD_DataOutStageCallback
                0x08009eea       0x42 ./USB_DEVICE/Target/usbd_conf.o
                0x08009eea                HAL_PCD_DataOutStageCallback
 .text.HAL_PCD_DataInStageCallback
                0x08009f2c       0x3c ./USB_DEVICE/Target/usbd_conf.o
                0x08009f2c                HAL_PCD_DataInStageCallback
 .text.HAL_PCD_SOFCallback
                0x08009f68       0x1e ./USB_DEVICE/Target/usbd_conf.o
                0x08009f68                HAL_PCD_SOFCallback
 .text.HAL_PCD_ResetCallback
                0x08009f86       0x48 ./USB_DEVICE/Target/usbd_conf.o
                0x08009f86                HAL_PCD_ResetCallback
 *fill*         0x08009fce        0x2 
 .text.HAL_PCD_SuspendCallback
                0x08009fd0       0x38 ./USB_DEVICE/Target/usbd_conf.o
                0x08009fd0                HAL_PCD_SuspendCallback
 .text.HAL_PCD_ResumeCallback
                0x0800a008       0x3c ./USB_DEVICE/Target/usbd_conf.o
                0x0800a008                HAL_PCD_ResumeCallback
 .text.USBD_LL_Init
                0x0800a044       0xa0 ./USB_DEVICE/Target/usbd_conf.o
                0x0800a044                USBD_LL_Init
 .text.USBD_LL_Start
                0x0800a0e4       0x4a ./USB_DEVICE/Target/usbd_conf.o
                0x0800a0e4                USBD_LL_Start
 .text.USBD_LL_OpenEP
                0x0800a12e       0x6e ./USB_DEVICE/Target/usbd_conf.o
                0x0800a12e                USBD_LL_OpenEP
 .text.USBD_LL_CloseEP
                0x0800a19c       0x56 ./USB_DEVICE/Target/usbd_conf.o
                0x0800a19c                USBD_LL_CloseEP
 .text.USBD_LL_StallEP
                0x0800a1f2       0x56 ./USB_DEVICE/Target/usbd_conf.o
                0x0800a1f2                USBD_LL_StallEP
 .text.USBD_LL_ClearStallEP
                0x0800a248       0x56 ./USB_DEVICE/Target/usbd_conf.o
                0x0800a248                USBD_LL_ClearStallEP
 .text.USBD_LL_IsStallEP
                0x0800a29e       0x60 ./USB_DEVICE/Target/usbd_conf.o
                0x0800a29e                USBD_LL_IsStallEP
 .text.USBD_LL_SetUSBAddress
                0x0800a2fe       0x56 ./USB_DEVICE/Target/usbd_conf.o
                0x0800a2fe                USBD_LL_SetUSBAddress
 .text.USBD_LL_Transmit
                0x0800a354       0x6e ./USB_DEVICE/Target/usbd_conf.o
                0x0800a354                USBD_LL_Transmit
 .text.USBD_LL_PrepareReceive
                0x0800a3c2       0x6e ./USB_DEVICE/Target/usbd_conf.o
                0x0800a3c2                USBD_LL_PrepareReceive
 .text.USBD_static_malloc
                0x0800a430       0x18 ./USB_DEVICE/Target/usbd_conf.o
                0x0800a430                USBD_static_malloc
 .text.USBD_static_free
                0x0800a448       0x10 ./USB_DEVICE/Target/usbd_conf.o
                0x0800a448                USBD_static_free
 .text.SystemClockConfig_Resume
                0x0800a458        0xe ./USB_DEVICE/Target/usbd_conf.o
 .text.USBD_Get_USB_Status
                0x0800a466       0x6e ./USB_DEVICE/Target/usbd_conf.o
 .text.memset   0x0800a4d4       0x10 /Applications/STM32CubeIDE.app/Contents/Eclipse/plugins/com.st.stm32cube.ide.mcu.externaltools.gnu-tools-for-stm32.13.3.rel1.macos64_1.0.0.202411102158/tools/bin/../lib/gcc/arm-none-eabi/13.3.1/../../../../arm-none-eabi/lib/thumb/v6-m/nofp/libc_nano.a(libc_a-memset.o)
                0x0800a4d4                memset
 .text.__libc_init_array
                0x0800a4e4       0x48 /Applications/STM32CubeIDE.app/Contents/Eclipse/plugins/com.st.stm32cube.ide.mcu.externaltools.gnu-tools-for-stm32.13.3.rel1.macos64_1.0.0.202411102158/tools/bin/../lib/gcc/arm-none-eabi/13.3.1/../../../../arm-none-eabi/lib/thumb/v6-m/nofp/libc_nano.a(libc_a-init.o)
                0x0800a4e4                __libc_init_array
 .text.memcpy   0x0800a52c       0x12 /Applications/STM32CubeIDE.app/Contents/Eclipse/plugins/com.st.stm32cube.ide.mcu.externaltools.gnu-tools-for-stm32.13.3.rel1.macos64_1.0.0.202411102158/tools/bin/../lib/gcc/arm-none-eabi/13.3.1/../../../../arm-none-eabi/lib/thumb/v6-m/nofp/libc_nano.a(libc_a-memcpy-stub.o)
                0x0800a52c                memcpy
 *(.glue_7)
 .glue_7        0x0800a53e        0x0 linker stubs
 *(.glue_7t)
 .glue_7t       0x0800a53e        0x0 linker stubs
 *(.eh_frame)
 *fill*         0x0800a53e        0x2 
 .eh_frame      0x0800a540        0x0 /Applications/STM32CubeIDE.app/Contents/Eclipse/plugins/com.st.stm32cube.ide.mcu.externaltools.gnu-tools-for-stm32.13.3.rel1.macos64_1.0.0.202411102158/tools/bin/../lib/gcc/arm-none-eabi/13.3.1/thumb/v6-m/nofp/crtbegin.o
 *(.init)
 .init          0x0800a540        0x4 /Applications/STM32CubeIDE.app/Contents/Eclipse/plugins/com.st.stm32cube.ide.mcu.externaltools.gnu-tools-for-stm32.13.3.rel1.macos64_1.0.0.202411102158/tools/bin/../lib/gcc/arm-none-eabi/13.3.1/thumb/v6-m/nofp/crti.o
                0x0800a540                _init
 .init          0x0800a544        0x8 /Applications/STM32CubeIDE.app/Contents/Eclipse/plugins/com.st.stm32cube.ide.mcu.externaltools.gnu-tools-for-stm32.13.3.rel1.macos64_1.0.0.202411102158/tools/bin/../lib/gcc/arm-none-eabi/13.3.1/thumb/v6-m/nofp/crtn.o
 *(.fini)
 .fini          0x0800a54c        0x4 /Applications/STM32CubeIDE.app/Contents/Eclipse/plugins/com.st.stm32cube.ide.mcu.externaltools.gnu-tools-for-stm32.13.3.rel1.macos64_1.0.0.202411102158/tools/bin/../lib/gcc/arm-none-eabi/13.3.1/thumb/v6-m/nofp/crti.o
                0x0800a54c                _fini
 .fini          0x0800a550        0x8 /Applications/STM32CubeIDE.app/Contents/Eclipse/plugins/com.st.stm32cube.ide.mcu.externaltools.gnu-tools-for-stm32.13.3.rel1.macos64_1.0.0.202411102158/tools/bin/../lib/gcc/arm-none-eabi/13.3.1/thumb/v6-m/nofp/crtn.o
                0x0800a558                        . = ALIGN (0x4)
                0x0800a558                        _etext = .

.vfp11_veneer   0x0800a558        0x0
 .vfp11_veneer  0x0800a558        0x0 linker stubs

.v4_bx          0x0800a558        0x0
 .v4_bx         0x0800a558        0x0 linker stubs

.iplt           0x0800a558        0x0
 .iplt          0x0800a558        0x0 /Applications/STM32CubeIDE.app/Contents/Eclipse/plugins/com.st.stm32cube.ide.mcu.externaltools.gnu-tools-for-stm32.13.3.rel1.macos64_1.0.0.202411102158/tools/bin/../lib/gcc/arm-none-eabi/13.3.1/thumb/v6-m/nofp/crtbegin.o

.rodata         0x0800a558      0x158
                0x0800a558                        . = ALIGN (0x4)
 *(.rodata)
 .rodata        0x0800a558       0x36 ./USB_DEVICE/App/usbd_desc.o
 *(.rodata*)
 *fill*         0x0800a58e        0x2 
 .rodata.Make_HID_Report
                0x0800a590       0x3c ./Core/Src/interface_HID_Report.o
 .rodata.led_map
                0x0800a5cc       0x40 ./Core/Src/interface_RGB.o
                0x0800a5cc                led_map
 .rodata.hsl_to_rgb
                0x0800a60c       0x14 ./Core/Src/interface_RGB.o
 .rodata.AHBPrescTable
                0x0800a620       0x10 ./Core/Src/system_stm32f0xx.o
                0x0800a620                AHBPrescTable
 .rodata.aPLLMULFactorTable.1
                0x0800a630       0x10 ./Drivers/STM32F0xx_HAL_Driver/Src/stm32f0xx_hal_rcc.o
 .rodata.aPredivFactorTable.0
                0x0800a640       0x10 ./Drivers/STM32F0xx_HAL_Driver/Src/stm32f0xx_hal_rcc.o
 .rodata.USBD_StdDevReq
                0x0800a650       0x28 ./Middlewares/ST/STM32_USB_Device_Library/Core/Src/usbd_ctlreq.o
 .rodata.USBD_GetDescriptor
                0x0800a678       0x38 ./Middlewares/ST/STM32_USB_Device_Library/Core/Src/usbd_ctlreq.o
                0x0800a6b0                        . = ALIGN (0x4)

.ARM.extab      0x0800a6b0        0x0
                0x0800a6b0                        . = ALIGN (0x4)
 *(.ARM.extab* .gnu.linkonce.armextab.*)
                0x0800a6b0                        . = ALIGN (0x4)

.ARM            0x0800a6b0        0x0
                0x0800a6b0                        . = ALIGN (0x4)
                0x0800a6b0                        __exidx_start = .
 *(.ARM.exidx*)
                0x0800a6b0                        __exidx_end = .
                0x0800a6b0                        . = ALIGN (0x4)

.preinit_array  0x0800a6b0        0x0
                0x0800a6b0                        . = ALIGN (0x4)
                0x0800a6b0                        PROVIDE (__preinit_array_start = .)
 *(.preinit_array*)
                0x0800a6b0                        PROVIDE (__preinit_array_end = .)
                0x0800a6b0                        . = ALIGN (0x4)

.init_array     0x0800a6b0        0x4
                0x0800a6b0                        . = ALIGN (0x4)
                0x0800a6b0                        PROVIDE (__init_array_start = .)
 *(SORT_BY_NAME(.init_array.*))
 *(.init_array*)
 .init_array    0x0800a6b0        0x4 /Applications/STM32CubeIDE.app/Contents/Eclipse/plugins/com.st.stm32cube.ide.mcu.externaltools.gnu-tools-for-stm32.13.3.rel1.macos64_1.0.0.202411102158/tools/bin/../lib/gcc/arm-none-eabi/13.3.1/thumb/v6-m/nofp/crtbegin.o
                0x0800a6b4                        PROVIDE (__init_array_end = .)
                0x0800a6b4                        . = ALIGN (0x4)

.fini_array     0x0800a6b4        0x4
                0x0800a6b4                        . = ALIGN (0x4)
                [!provide]                        PROVIDE (__fini_array_start = .)
 *(SORT_BY_NAME(.fini_array.*))
 *(.fini_array*)
 .fini_array    0x0800a6b4        0x4 /Applications/STM32CubeIDE.app/Contents/Eclipse/plugins/com.st.stm32cube.ide.mcu.externaltools.gnu-tools-for-stm32.13.3.rel1.macos64_1.0.0.202411102158/tools/bin/../lib/gcc/arm-none-eabi/13.3.1/thumb/v6-m/nofp/crtbegin.o
                [!provide]                        PROVIDE (__fini_array_end = .)
                0x0800a6b8                        . = ALIGN (0x4)
                0x0800a6b8                        _sidata = LOADADDR (.data)

.rel.dyn        0x0800a6b8        0x0
 .rel.iplt      0x0800a6b8        0x0 /Applications/STM32CubeIDE.app/Contents/Eclipse/plugins/com.st.stm32cube.ide.mcu.externaltools.gnu-tools-for-stm32.13.3.rel1.macos64_1.0.0.202411102158/tools/bin/../lib/gcc/arm-none-eabi/13.3.1/thumb/v6-m/nofp/crtbegin.o

.data           0x20000000      0x364 load address 0x0800a6b8
                0x20000000                        . = ALIGN (0x4)
                0x20000000                        _sdata = .
 *(.data)
 *(.data*)
 .data.key_map  0x20000000      0x100 ./Core/Src/Processus_Keys.o
                0x20000000                key_map
 .data.hue_table
                0x20000100        0xc ./Core/Src/Processus_LEDS.o
                0x20000100                hue_table
 .data.brightness_table
                0x2000010c        0xc ./Core/Src/Processus_LEDS.o
                0x2000010c                brightness_table
 .data.phase_table
                0x20000118        0x5 ./Core/Src/Processus_LEDS.o
                0x20000118                phase_table
 .data.brightness_index
                0x2000011d        0x1 ./Core/Src/Processus_LEDS.o
                0x2000011d                brightness_index
 *fill*         0x2000011e        0x2 
 .data.default_keycodes_map
                0x20000120       0xc0 ./Core/Src/interface_Key_Config.o
                0x20000120                default_keycodes_map
 .data.direction.5
                0x200001e0        0x1 ./Core/Src/interface_RGB.o
 .data.direction.3
                0x200001e1        0x1 ./Core/Src/interface_RGB.o
 .data.direction.0
                0x200001e2        0x1 ./Core/Src/interface_RGB.o
 *fill*         0x200001e3        0x1 
 .data.col_pin  0x200001e4       0x1c ./Core/Src/pilote_COL.o
                0x200001e4                col_pin
 .data.row_pin  0x20000200        0xa ./Core/Src/pilote_ROW.o
                0x20000200                row_pin
 *fill*         0x2000020a        0x2 
 .data.SystemCoreClock
                0x2000020c        0x4 ./Core/Src/system_stm32f0xx.o
                0x2000020c                SystemCoreClock
 .data.uwTickPrio
                0x20000210        0x4 ./Drivers/STM32F0xx_HAL_Driver/Src/stm32f0xx_hal.o
                0x20000210                uwTickPrio
 .data.uwTickFreq
                0x20000214        0x1 ./Drivers/STM32F0xx_HAL_Driver/Src/stm32f0xx_hal.o
                0x20000214                uwTickFreq
 *fill*         0x20000215        0x3 
 .data.USBD_HID
                0x20000218       0x38 ./Middlewares/ST/STM32_USB_Device_Library/Class/HID/Src/usbd_hid.o
                0x20000218                USBD_HID
 .data.USBD_HID_CfgFSDesc
                0x20000250       0x22 ./Middlewares/ST/STM32_USB_Device_Library/Class/HID/Src/usbd_hid.o
 *fill*         0x20000272        0x2 
 .data.USBD_HID_CfgHSDesc
                0x20000274       0x22 ./Middlewares/ST/STM32_USB_Device_Library/Class/HID/Src/usbd_hid.o
 *fill*         0x20000296        0x2 
 .data.USBD_HID_OtherSpeedCfgDesc
                0x20000298       0x22 ./Middlewares/ST/STM32_USB_Device_Library/Class/HID/Src/usbd_hid.o
 *fill*         0x200002ba        0x2 
 .data.USBD_HID_Desc
                0x200002bc        0x9 ./Middlewares/ST/STM32_USB_Device_Library/Class/HID/Src/usbd_hid.o
 *fill*         0x200002c5        0x3 
 .data.USBD_HID_DeviceQualifierDesc
                0x200002c8        0xa ./Middlewares/ST/STM32_USB_Device_Library/Class/HID/Src/usbd_hid.o
 *fill*         0x200002d2        0x2 
 .data.HID_MOUSE_ReportDesc
                0x200002d4       0x3f ./Middlewares/ST/STM32_USB_Device_Library/Class/HID/Src/usbd_hid.o
 *fill*         0x20000313        0x1 
 .data.FS_Desc  0x20000314       0x1c ./USB_DEVICE/App/usbd_desc.o
                0x20000314                FS_Desc
 .data.USBD_FS_DeviceDesc
                0x20000330       0x12 ./USB_DEVICE/App/usbd_desc.o
                0x20000330                USBD_FS_DeviceDesc
 *fill*         0x20000342        0x2 
 .data.USBD_LangIDDesc
                0x20000344        0x4 ./USB_DEVICE/App/usbd_desc.o
                0x20000344                USBD_LangIDDesc
 .data.USBD_StringSerial
                0x20000348       0x1a ./USB_DEVICE/App/usbd_desc.o
                0x20000348                USBD_StringSerial
 *(.RamFunc)
 *(.RamFunc*)
                0x20000364                        . = ALIGN (0x4)
 *fill*         0x20000362        0x2 
                0x20000364                        _edata = .

.igot.plt       0x20000364        0x0 load address 0x0800aa1c
 .igot.plt      0x20000364        0x0 /Applications/STM32CubeIDE.app/Contents/Eclipse/plugins/com.st.stm32cube.ide.mcu.externaltools.gnu-tools-for-stm32.13.3.rel1.macos64_1.0.0.202411102158/tools/bin/../lib/gcc/arm-none-eabi/13.3.1/thumb/v6-m/nofp/crtbegin.o
                0x20000364                        . = ALIGN (0x4)

.bss            0x20000364      0xb40 load address 0x0800aa1c
                0x20000364                        _sbss = .
                0x20000364                        __bss_start__ = _sbss
 *(.bss)
 .bss           0x20000364       0x1c /Applications/STM32CubeIDE.app/Contents/Eclipse/plugins/com.st.stm32cube.ide.mcu.externaltools.gnu-tools-for-stm32.13.3.rel1.macos64_1.0.0.202411102158/tools/bin/../lib/gcc/arm-none-eabi/13.3.1/thumb/v6-m/nofp/crtbegin.o
 *(.bss*)
 .bss.lastHIDkeyboard
                0x20000380        0x8 ./Core/Src/Processus_Keys.o
                0x20000380                lastHIDkeyboard
 .bss.howManyKeysPressed.1
                0x20000388        0x1 ./Core/Src/Processus_Keys.o
 *fill*         0x20000389        0x3 
 .bss.lastActionDone.0
                0x2000038c       0x40 ./Core/Src/Processus_Keys.o
 .bss.hue_index
                0x200003cc        0x1 ./Core/Src/Processus_LEDS.o
                0x200003cc                hue_index
 .bss.phase_index
                0x200003cd        0x1 ./Core/Src/Processus_LEDS.o
                0x200003cd                phase_index
 *fill*         0x200003ce        0x2 
 .bss.Processus_LEDS_execute
                0x200003d0       0x14 ./Core/Src/Processus_LEDS.o
                0x200003d0                Processus_LEDS_execute
 .bss.leds      0x200003e4       0x43 ./Core/Src/Processus_LEDS.o
                0x200003e4                leds
 .bss.compteur_LEDS.0
                0x20000427        0x1 ./Core/Src/Processus_LEDS.o
 .bss.serviceBaseDeTemps_execute
                0x20000428       0x10 ./Core/Src/ServiceBaseTemps_1ms.o
                0x20000428                serviceBaseDeTemps_execute
 .bss.matriceDebouncing
                0x20000438       0x8c ./Core/Src/interfaceDebouncing.o
                0x20000438                matriceDebouncing
 .bss.matrice   0x200004c4       0x46 ./Core/Src/interfaceMatrice.o
                0x200004c4                matrice
 *fill*         0x2000050a        0x2 
 .bss.HIDkeyboard
                0x2000050c        0x8 ./Core/Src/interface_HID_Report.o
                0x2000050c                HIDkeyboard
 .bss.angle.7   0x20000514        0x1 ./Core/Src/interface_RGB.o
 .bss.current_brightness.6
                0x20000515        0x1 ./Core/Src/interface_RGB.o
 .bss.current_brightness.4
                0x20000516        0x1 ./Core/Src/interface_RGB.o
 .bss.angle.2   0x20000517        0x1 ./Core/Src/interface_RGB.o
 .bss.current_brightness.1
                0x20000518        0x1 ./Core/Src/interface_RGB.o
 *fill*         0x20000519        0x3 
 .bss.htim2     0x2000051c       0x48 ./Core/Src/main.o
                0x2000051c                htim2
 .bss.htim14    0x20000564       0x48 ./Core/Src/main.o
                0x20000564                htim14
 .bss.hdma_tim2_ch1
                0x200005ac       0x44 ./Core/Src/main.o
                0x200005ac                hdma_tim2_ch1
 .bss.rgb_arr   0x200005f0       0xc0 ./Core/Src/pilote_SK6803.o
                0x200005f0                rgb_arr
 .bss.wr_buf    0x200006b0       0x30 ./Core/Src/pilote_SK6803.o
                0x200006b0                wr_buf
 .bss.wr_buf_p  0x200006e0        0x4 ./Core/Src/pilote_SK6803.o
                0x200006e0                wr_buf_p
 .bss.piloteTimer14_execute
                0x200006e4        0x4 ./Core/Src/pilote_Timer14_1ms.o
                0x200006e4                piloteTimer14_execute
 .bss.uwTick    0x200006e8        0x4 ./Drivers/STM32F0xx_HAL_Driver/Src/stm32f0xx_hal.o
                0x200006e8                uwTick
 .bss.cfgidx.0  0x200006ec        0x1 ./Middlewares/ST/STM32_USB_Device_Library/Core/Src/usbd_ctlreq.o
 *fill*         0x200006ed        0x3 
 .bss.hUsbDeviceFS
                0x200006f0      0x2c4 ./USB_DEVICE/App/usb_device.o
                0x200006f0                hUsbDeviceFS
 .bss.USBD_StrDesc
                0x200009b4      0x200 ./USB_DEVICE/App/usbd_desc.o
                0x200009b4                USBD_StrDesc
 .bss.hpcd_USB_FS
                0x20000bb4      0x2dc ./USB_DEVICE/Target/usbd_conf.o
                0x20000bb4                hpcd_USB_FS
 .bss.mem.0     0x20000e90       0x14 ./USB_DEVICE/Target/usbd_conf.o
 *(COMMON)
                0x20000ea4                        . = ALIGN (0x4)
                0x20000ea4                        _ebss = .
                0x20000ea4                        __bss_end__ = _ebss

._user_heap_stack
                0x20000ea4      0x604 load address 0x0800aa1c
                0x20000ea8                        . = ALIGN (0x8)
 *fill*         0x20000ea4        0x4 
                [!provide]                        PROVIDE (end = .)
                0x20000ea8                        PROVIDE (_end = .)
                0x200010a8                        . = (. + _Min_Heap_Size)
 *fill*         0x20000ea8      0x200 
                0x200014a8                        . = (. + _Min_Stack_Size)
 *fill*         0x200010a8      0x400 
                0x200014a8                        . = ALIGN (0x8)

/DISCARD/
 libc.a(*)
 libm.a(*)
 libgcc.a(*)

.ARM.attributes
                0x00000000       0x28
 *(.ARM.attributes)
 .ARM.attributes
                0x00000000       0x1e /Applications/STM32CubeIDE.app/Contents/Eclipse/plugins/com.st.stm32cube.ide.mcu.externaltools.gnu-tools-for-stm32.13.3.rel1.macos64_1.0.0.202411102158/tools/bin/../lib/gcc/arm-none-eabi/13.3.1/thumb/v6-m/nofp/crti.o
 .ARM.attributes
                0x0000001e       0x2c /Applications/STM32CubeIDE.app/Contents/Eclipse/plugins/com.st.stm32cube.ide.mcu.externaltools.gnu-tools-for-stm32.13.3.rel1.macos64_1.0.0.202411102158/tools/bin/../lib/gcc/arm-none-eabi/13.3.1/thumb/v6-m/nofp/crtbegin.o
 .ARM.attributes
                0x0000004a       0x2c ./Core/Src/Processus_Keys.o
 .ARM.attributes
                0x00000076       0x2c ./Core/Src/Processus_LEDS.o
 .ARM.attributes
                0x000000a2       0x2c ./Core/Src/ServiceBaseTemps_1ms.o
 .ARM.attributes
                0x000000ce       0x2c ./Core/Src/interfaceDebouncing.o
 .ARM.attributes
                0x000000fa       0x2c ./Core/Src/interfaceMatrice.o
 .ARM.attributes
                0x00000126       0x2c ./Core/Src/interface_HID_Report.o
 .ARM.attributes
                0x00000152       0x2c ./Core/Src/interface_Key_Config.o
 .ARM.attributes
                0x0000017e       0x2c ./Core/Src/interface_RGB.o
 .ARM.attributes
                0x000001aa       0x2c ./Core/Src/main.o
 .ARM.attributes
                0x000001d6       0x2c ./Core/Src/pilote_COL.o
 .ARM.attributes
                0x00000202       0x2c ./Core/Src/pilote_ROW.o
 .ARM.attributes
                0x0000022e       0x2c ./Core/Src/pilote_SK6803.o
 .ARM.attributes
                0x0000025a       0x2c ./Core/Src/pilote_Timer14_1ms.o
 .ARM.attributes
                0x00000286       0x2c ./Core/Src/stm32f0xx_hal_msp.o
 .ARM.attributes
                0x000002b2       0x2c ./Core/Src/stm32f0xx_it.o
 .ARM.attributes
                0x000002de       0x2c ./Core/Src/system_stm32f0xx.o
 .ARM.attributes
                0x0000030a       0x21 ./Core/Startup/startup_stm32f072cbtx.o
 .ARM.attributes
                0x0000032b       0x2c ./Drivers/STM32F0xx_HAL_Driver/Src/stm32f0xx_hal.o
 .ARM.attributes
                0x00000357       0x2c ./Drivers/STM32F0xx_HAL_Driver/Src/stm32f0xx_hal_cortex.o
 .ARM.attributes
                0x00000383       0x2c ./Drivers/STM32F0xx_HAL_Driver/Src/stm32f0xx_hal_dma.o
 .ARM.attributes
                0x000003af       0x2c ./Drivers/STM32F0xx_HAL_Driver/Src/stm32f0xx_hal_gpio.o
 .ARM.attributes
                0x000003db       0x2c ./Drivers/STM32F0xx_HAL_Driver/Src/stm32f0xx_hal_pcd.o
 .ARM.attributes
                0x00000407       0x2c ./Drivers/STM32F0xx_HAL_Driver/Src/stm32f0xx_hal_pcd_ex.o
 .ARM.attributes
                0x00000433       0x2c ./Drivers/STM32F0xx_HAL_Driver/Src/stm32f0xx_hal_rcc.o
 .ARM.attributes
                0x0000045f       0x2c ./Drivers/STM32F0xx_HAL_Driver/Src/stm32f0xx_hal_rcc_ex.o
 .ARM.attributes
                0x0000048b       0x2c ./Drivers/STM32F0xx_HAL_Driver/Src/stm32f0xx_hal_tim.o
 .ARM.attributes
                0x000004b7       0x2c ./Drivers/STM32F0xx_HAL_Driver/Src/stm32f0xx_hal_tim_ex.o
 .ARM.attributes
                0x000004e3       0x2c ./Drivers/STM32F0xx_HAL_Driver/Src/stm32f0xx_ll_usb.o
 .ARM.attributes
                0x0000050f       0x2c ./Middlewares/ST/STM32_USB_Device_Library/Class/HID/Src/usbd_hid.o
 .ARM.attributes
                0x0000053b       0x2c ./Middlewares/ST/STM32_USB_Device_Library/Core/Src/usbd_core.o
 .ARM.attributes
                0x00000567       0x2c ./Middlewares/ST/STM32_USB_Device_Library/Core/Src/usbd_ctlreq.o
 .ARM.attributes
                0x00000593       0x2c ./Middlewares/ST/STM32_USB_Device_Library/Core/Src/usbd_ioreq.o
 .ARM.attributes
                0x000005bf       0x2c ./USB_DEVICE/App/usb_device.o
 .ARM.attributes
                0x000005eb       0x2c ./USB_DEVICE/App/usbd_desc.o
 .ARM.attributes
                0x00000617       0x2c ./USB_DEVICE/Target/usbd_conf.o
 .ARM.attributes
                0x00000643       0x2c /Applications/STM32CubeIDE.app/Contents/Eclipse/plugins/com.st.stm32cube.ide.mcu.externaltools.gnu-tools-for-stm32.13.3.rel1.macos64_1.0.0.202411102158/tools/bin/../lib/gcc/arm-none-eabi/13.3.1/../../../../arm-none-eabi/lib/thumb/v6-m/nofp/libc_nano.a(libc_a-memset.o)
 .ARM.attributes
                0x0000066f       0x2c /Applications/STM32CubeIDE.app/Contents/Eclipse/plugins/com.st.stm32cube.ide.mcu.externaltools.gnu-tools-for-stm32.13.3.rel1.macos64_1.0.0.202411102158/tools/bin/../lib/gcc/arm-none-eabi/13.3.1/../../../../arm-none-eabi/lib/thumb/v6-m/nofp/libc_nano.a(libc_a-init.o)
 .ARM.attributes
                0x0000069b       0x2c /Applications/STM32CubeIDE.app/Contents/Eclipse/plugins/com.st.stm32cube.ide.mcu.externaltools.gnu-tools-for-stm32.13.3.rel1.macos64_1.0.0.202411102158/tools/bin/../lib/gcc/arm-none-eabi/13.3.1/../../../../arm-none-eabi/lib/thumb/v6-m/nofp/libc_nano.a(libc_a-memcpy-stub.o)
 .ARM.attributes
                0x000006c7       0x1e /Applications/STM32CubeIDE.app/Contents/Eclipse/plugins/com.st.stm32cube.ide.mcu.externaltools.gnu-tools-for-stm32.13.3.rel1.macos64_1.0.0.202411102158/tools/bin/../lib/gcc/arm-none-eabi/13.3.1/thumb/v6-m/nofp/libgcc.a(_udivsi3.o)
 .ARM.attributes
                0x000006e5       0x1e /Applications/STM32CubeIDE.app/Contents/Eclipse/plugins/com.st.stm32cube.ide.mcu.externaltools.gnu-tools-for-stm32.13.3.rel1.macos64_1.0.0.202411102158/tools/bin/../lib/gcc/arm-none-eabi/13.3.1/thumb/v6-m/nofp/libgcc.a(_dvmd_tls.o)
 .ARM.attributes
                0x00000703       0x1e /Applications/STM32CubeIDE.app/Contents/Eclipse/plugins/com.st.stm32cube.ide.mcu.externaltools.gnu-tools-for-stm32.13.3.rel1.macos64_1.0.0.202411102158/tools/bin/../lib/gcc/arm-none-eabi/13.3.1/thumb/v6-m/nofp/crtn.o
OUTPUT(KeyBored_alpha.elf elf32-littlearm)
LOAD linker stubs
LOAD /Applications/STM32CubeIDE.app/Contents/Eclipse/plugins/com.st.stm32cube.ide.mcu.externaltools.gnu-tools-for-stm32.13.3.rel1.macos64_1.0.0.202411102158/tools/bin/../lib/gcc/arm-none-eabi/13.3.1/../../../../arm-none-eabi/lib/thumb/v6-m/nofp/libc.a
LOAD /Applications/STM32CubeIDE.app/Contents/Eclipse/plugins/com.st.stm32cube.ide.mcu.externaltools.gnu-tools-for-stm32.13.3.rel1.macos64_1.0.0.202411102158/tools/bin/../lib/gcc/arm-none-eabi/13.3.1/../../../../arm-none-eabi/lib/thumb/v6-m/nofp/libm.a
LOAD /Applications/STM32CubeIDE.app/Contents/Eclipse/plugins/com.st.stm32cube.ide.mcu.externaltools.gnu-tools-for-stm32.13.3.rel1.macos64_1.0.0.202411102158/tools/bin/../lib/gcc/arm-none-eabi/13.3.1/thumb/v6-m/nofp/libgcc.a

.debug_info     0x00000000    0x1306c
 .debug_info    0x00000000      0x33e ./Core/Src/Processus_Keys.o
 .debug_info    0x0000033e      0x2c5 ./Core/Src/Processus_LEDS.o
 .debug_info    0x00000603       0xfb ./Core/Src/ServiceBaseTemps_1ms.o
 .debug_info    0x000006fe      0x1f1 ./Core/Src/interfaceDebouncing.o
 .debug_info    0x000008ef      0x17b ./Core/Src/interfaceMatrice.o
 .debug_info    0x00000a6a      0x5f5 ./Core/Src/interface_HID_Report.o
 .debug_info    0x0000105f       0xb8 ./Core/Src/interface_Key_Config.o
 .debug_info    0x00001117      0x4f0 ./Core/Src/interface_RGB.o
 .debug_info    0x00001607      0xf51 ./Core/Src/main.o
 .debug_info    0x00002558      0x1ee ./Core/Src/pilote_COL.o
 .debug_info    0x00002746      0x22e ./Core/Src/pilote_ROW.o
 .debug_info    0x00002974      0x8a2 ./Core/Src/pilote_SK6803.o
 .debug_info    0x00003216      0x699 ./Core/Src/pilote_Timer14_1ms.o
 .debug_info    0x000038af      0xaa5 ./Core/Src/stm32f0xx_hal_msp.o
 .debug_info    0x00004354      0xb95 ./Core/Src/stm32f0xx_it.o
 .debug_info    0x00004ee9      0x242 ./Core/Src/system_stm32f0xx.o
 .debug_info    0x0000512b       0x30 ./Core/Startup/startup_stm32f072cbtx.o
 .debug_info    0x0000515b      0x6c9 ./Drivers/STM32F0xx_HAL_Driver/Src/stm32f0xx_hal.o
 .debug_info    0x00005824      0x6c5 ./Drivers/STM32F0xx_HAL_Driver/Src/stm32f0xx_hal_cortex.o
 .debug_info    0x00005ee9      0x6ea ./Drivers/STM32F0xx_HAL_Driver/Src/stm32f0xx_hal_dma.o
 .debug_info    0x000065d3      0x5a6 ./Drivers/STM32F0xx_HAL_Driver/Src/stm32f0xx_hal_gpio.o
 .debug_info    0x00006b79     0x161d ./Drivers/STM32F0xx_HAL_Driver/Src/stm32f0xx_hal_pcd.o
 .debug_info    0x00008196      0x80a ./Drivers/STM32F0xx_HAL_Driver/Src/stm32f0xx_hal_pcd_ex.o
 .debug_info    0x000089a0      0x83f ./Drivers/STM32F0xx_HAL_Driver/Src/stm32f0xx_hal_rcc.o
 .debug_info    0x000091df      0x61c ./Drivers/STM32F0xx_HAL_Driver/Src/stm32f0xx_hal_rcc_ex.o
 .debug_info    0x000097fb     0x2950 ./Drivers/STM32F0xx_HAL_Driver/Src/stm32f0xx_hal_tim.o
 .debug_info    0x0000c14b     0x1492 ./Drivers/STM32F0xx_HAL_Driver/Src/stm32f0xx_hal_tim_ex.o
 .debug_info    0x0000d5dd     0x166d ./Drivers/STM32F0xx_HAL_Driver/Src/stm32f0xx_ll_usb.o
 .debug_info    0x0000ec4a      0x927 ./Middlewares/ST/STM32_USB_Device_Library/Class/HID/Src/usbd_hid.o
 .debug_info    0x0000f571      0xa52 ./Middlewares/ST/STM32_USB_Device_Library/Core/Src/usbd_core.o
 .debug_info    0x0000ffc3      0x91c ./Middlewares/ST/STM32_USB_Device_Library/Core/Src/usbd_ctlreq.o
 .debug_info    0x000108df      0x6a0 ./Middlewares/ST/STM32_USB_Device_Library/Core/Src/usbd_ioreq.o
 .debug_info    0x00010f7f      0x53a ./USB_DEVICE/App/usb_device.o
 .debug_info    0x000114b9      0x44a ./USB_DEVICE/App/usbd_desc.o
 .debug_info    0x00011903     0x1769 ./USB_DEVICE/Target/usbd_conf.o

.debug_abbrev   0x00000000     0x406e
 .debug_abbrev  0x00000000      0x169 ./Core/Src/Processus_Keys.o
 .debug_abbrev  0x00000169      0x169 ./Core/Src/Processus_LEDS.o
 .debug_abbrev  0x000002d2       0xcb ./Core/Src/ServiceBaseTemps_1ms.o
 .debug_abbrev  0x0000039d      0x11d ./Core/Src/interfaceDebouncing.o
 .debug_abbrev  0x000004ba      0x115 ./Core/Src/interfaceMatrice.o
 .debug_abbrev  0x000005cf      0x1cc ./Core/Src/interface_HID_Report.o
 .debug_abbrev  0x0000079b       0x6b ./Core/Src/interface_Key_Config.o
 .debug_abbrev  0x00000806      0x174 ./Core/Src/interface_RGB.o
 .debug_abbrev  0x0000097a      0x325 ./Core/Src/main.o
 .debug_abbrev  0x00000c9f      0x11c ./Core/Src/pilote_COL.o
 .debug_abbrev  0x00000dbb      0x14e ./Core/Src/pilote_ROW.o
 .debug_abbrev  0x00000f09      0x21e ./Core/Src/pilote_SK6803.o
 .debug_abbrev  0x00001127      0x1d0 ./Core/Src/pilote_Timer14_1ms.o
 .debug_abbrev  0x000012f7      0x213 ./Core/Src/stm32f0xx_hal_msp.o
 .debug_abbrev  0x0000150a      0x1c7 ./Core/Src/stm32f0xx_it.o
 .debug_abbrev  0x000016d1      0x11c ./Core/Src/system_stm32f0xx.o
 .debug_abbrev  0x000017ed       0x24 ./Core/Startup/startup_stm32f072cbtx.o
 .debug_abbrev  0x00001811      0x213 ./Drivers/STM32F0xx_HAL_Driver/Src/stm32f0xx_hal.o
 .debug_abbrev  0x00001a24      0x28c ./Drivers/STM32F0xx_HAL_Driver/Src/stm32f0xx_hal_cortex.o
 .debug_abbrev  0x00001cb0      0x224 ./Drivers/STM32F0xx_HAL_Driver/Src/stm32f0xx_hal_dma.o
 .debug_abbrev  0x00001ed4      0x1cb ./Drivers/STM32F0xx_HAL_Driver/Src/stm32f0xx_hal_gpio.o
 .debug_abbrev  0x0000209f      0x2b9 ./Drivers/STM32F0xx_HAL_Driver/Src/stm32f0xx_hal_pcd.o
 .debug_abbrev  0x00002358      0x228 ./Drivers/STM32F0xx_HAL_Driver/Src/stm32f0xx_hal_pcd_ex.o
 .debug_abbrev  0x00002580      0x28c ./Drivers/STM32F0xx_HAL_Driver/Src/stm32f0xx_hal_rcc.o
 .debug_abbrev  0x0000280c      0x1a6 ./Drivers/STM32F0xx_HAL_Driver/Src/stm32f0xx_hal_rcc_ex.o
 .debug_abbrev  0x000029b2      0x278 ./Drivers/STM32F0xx_HAL_Driver/Src/stm32f0xx_hal_tim.o
 .debug_abbrev  0x00002c2a      0x283 ./Drivers/STM32F0xx_HAL_Driver/Src/stm32f0xx_hal_tim_ex.o
 .debug_abbrev  0x00002ead      0x247 ./Drivers/STM32F0xx_HAL_Driver/Src/stm32f0xx_ll_usb.o
 .debug_abbrev  0x000030f4      0x26b ./Middlewares/ST/STM32_USB_Device_Library/Class/HID/Src/usbd_hid.o
 .debug_abbrev  0x0000335f      0x24a ./Middlewares/ST/STM32_USB_Device_Library/Core/Src/usbd_core.o
 .debug_abbrev  0x000035a9      0x26b ./Middlewares/ST/STM32_USB_Device_Library/Core/Src/usbd_ctlreq.o
 .debug_abbrev  0x00003814      0x192 ./Middlewares/ST/STM32_USB_Device_Library/Core/Src/usbd_ioreq.o
 .debug_abbrev  0x000039a6      0x188 ./USB_DEVICE/App/usb_device.o
 .debug_abbrev  0x00003b2e      0x1ff ./USB_DEVICE/App/usbd_desc.o
 .debug_abbrev  0x00003d2d      0x341 ./USB_DEVICE/Target/usbd_conf.o

.debug_aranges  0x00000000     0x1210
 .debug_aranges
                0x00000000       0x28 ./Core/Src/Processus_Keys.o
 .debug_aranges
                0x00000028       0x48 ./Core/Src/Processus_LEDS.o
 .debug_aranges
                0x00000070       0x28 ./Core/Src/ServiceBaseTemps_1ms.o
 .debug_aranges
                0x00000098       0x28 ./Core/Src/interfaceDebouncing.o
 .debug_aranges
                0x000000c0       0x28 ./Core/Src/interfaceMatrice.o
 .debug_aranges
                0x000000e8       0x38 ./Core/Src/interface_HID_Report.o
 .debug_aranges
                0x00000120       0x18 ./Core/Src/interface_Key_Config.o
 .debug_aranges
                0x00000138       0x48 ./Core/Src/interface_RGB.o
 .debug_aranges
                0x00000180       0x60 ./Core/Src/main.o
 .debug_aranges
                0x000001e0       0x20 ./Core/Src/pilote_COL.o
 .debug_aranges
                0x00000200       0x30 ./Core/Src/pilote_ROW.o
 .debug_aranges
                0x00000230       0x48 ./Core/Src/pilote_SK6803.o
 .debug_aranges
                0x00000278       0x30 ./Core/Src/pilote_Timer14_1ms.o
 .debug_aranges
                0x000002a8       0x38 ./Core/Src/stm32f0xx_hal_msp.o
 .debug_aranges
                0x000002e0       0x58 ./Core/Src/stm32f0xx_it.o
 .debug_aranges
                0x00000338       0x28 ./Core/Src/system_stm32f0xx.o
 .debug_aranges
                0x00000360       0x28 ./Core/Startup/startup_stm32f072cbtx.o
 .debug_aranges
                0x00000388       0xd0 ./Drivers/STM32F0xx_HAL_Driver/Src/stm32f0xx_hal.o
 .debug_aranges
                0x00000458       0xc0 ./Drivers/STM32F0xx_HAL_Driver/Src/stm32f0xx_hal_cortex.o
 .debug_aranges
                0x00000518       0x88 ./Drivers/STM32F0xx_HAL_Driver/Src/stm32f0xx_hal_dma.o
 .debug_aranges
                0x000005a0       0x58 ./Drivers/STM32F0xx_HAL_Driver/Src/stm32f0xx_hal_gpio.o
 .debug_aranges
                0x000005f8      0x138 ./Drivers/STM32F0xx_HAL_Driver/Src/stm32f0xx_hal_pcd.o
 .debug_aranges
                0x00000730       0x58 ./Drivers/STM32F0xx_HAL_Driver/Src/stm32f0xx_hal_pcd_ex.o
 .debug_aranges
                0x00000788       0x80 ./Drivers/STM32F0xx_HAL_Driver/Src/stm32f0xx_hal_rcc.o
 .debug_aranges
                0x00000808       0x78 ./Drivers/STM32F0xx_HAL_Driver/Src/stm32f0xx_hal_rcc_ex.o
 .debug_aranges
                0x00000880      0x3d0 ./Drivers/STM32F0xx_HAL_Driver/Src/stm32f0xx_hal_tim.o
 .debug_aranges
                0x00000c50      0x168 ./Drivers/STM32F0xx_HAL_Driver/Src/stm32f0xx_hal_tim_ex.o
 .debug_aranges
                0x00000db8       0xc8 ./Drivers/STM32F0xx_HAL_Driver/Src/stm32f0xx_ll_usb.o
 .debug_aranges
                0x00000e80       0x68 ./Middlewares/ST/STM32_USB_Device_Library/Class/HID/Src/usbd_hid.o
 .debug_aranges
                0x00000ee8       0xb8 ./Middlewares/ST/STM32_USB_Device_Library/Core/Src/usbd_core.o
 .debug_aranges
                0x00000fa0       0x88 ./Middlewares/ST/STM32_USB_Device_Library/Core/Src/usbd_ctlreq.o
 .debug_aranges
                0x00001028       0x50 ./Middlewares/ST/STM32_USB_Device_Library/Core/Src/usbd_ioreq.o
 .debug_aranges
                0x00001078       0x20 ./USB_DEVICE/App/usb_device.o
 .debug_aranges
                0x00001098       0x60 ./USB_DEVICE/App/usbd_desc.o
 .debug_aranges
                0x000010f8      0x118 ./USB_DEVICE/Target/usbd_conf.o

.debug_rnglists
                0x00000000      0xd7e
 .debug_rnglists
                0x00000000       0x1a ./Core/Src/Processus_Keys.o
 .debug_rnglists
                0x0000001a       0x32 ./Core/Src/Processus_LEDS.o
 .debug_rnglists
                0x0000004c       0x19 ./Core/Src/ServiceBaseTemps_1ms.o
 .debug_rnglists
                0x00000065       0x1a ./Core/Src/interfaceDebouncing.o
 .debug_rnglists
                0x0000007f       0x1a ./Core/Src/interfaceMatrice.o
 .debug_rnglists
                0x00000099       0x26 ./Core/Src/interface_HID_Report.o
 .debug_rnglists
                0x000000bf       0x36 ./Core/Src/interface_RGB.o
 .debug_rnglists
                0x000000f5       0x46 ./Core/Src/main.o
 .debug_rnglists
                0x0000013b       0x13 ./Core/Src/pilote_COL.o
 .debug_rnglists
                0x0000014e       0x1f ./Core/Src/pilote_ROW.o
 .debug_rnglists
                0x0000016d       0x35 ./Core/Src/pilote_SK6803.o
 .debug_rnglists
                0x000001a2       0x1f ./Core/Src/pilote_Timer14_1ms.o
 .debug_rnglists
                0x000001c1       0x26 ./Core/Src/stm32f0xx_hal_msp.o
 .debug_rnglists
                0x000001e7       0x3d ./Core/Src/stm32f0xx_it.o
 .debug_rnglists
                0x00000224       0x1a ./Core/Src/system_stm32f0xx.o
 .debug_rnglists
                0x0000023e       0x19 ./Core/Startup/startup_stm32f072cbtx.o
 .debug_rnglists
                0x00000257       0x97 ./Drivers/STM32F0xx_HAL_Driver/Src/stm32f0xx_hal.o
 .debug_rnglists
                0x000002ee       0x8c ./Drivers/STM32F0xx_HAL_Driver/Src/stm32f0xx_hal_cortex.o
 .debug_rnglists
                0x0000037a       0x6a ./Drivers/STM32F0xx_HAL_Driver/Src/stm32f0xx_hal_dma.o
 .debug_rnglists
                0x000003e4       0x3f ./Drivers/STM32F0xx_HAL_Driver/Src/stm32f0xx_hal_gpio.o
 .debug_rnglists
                0x00000423       0xee ./Drivers/STM32F0xx_HAL_Driver/Src/stm32f0xx_hal_pcd.o
 .debug_rnglists
                0x00000511       0x3f ./Drivers/STM32F0xx_HAL_Driver/Src/stm32f0xx_hal_pcd_ex.o
 .debug_rnglists
                0x00000550       0x61 ./Drivers/STM32F0xx_HAL_Driver/Src/stm32f0xx_hal_rcc.o
 .debug_rnglists
                0x000005b1       0x5b ./Drivers/STM32F0xx_HAL_Driver/Src/stm32f0xx_hal_rcc_ex.o
 .debug_rnglists
                0x0000060c      0x31c ./Drivers/STM32F0xx_HAL_Driver/Src/stm32f0xx_hal_tim.o
 .debug_rnglists
                0x00000928      0x126 ./Drivers/STM32F0xx_HAL_Driver/Src/stm32f0xx_hal_tim_ex.o
 .debug_rnglists
                0x00000a4e       0x99 ./Drivers/STM32F0xx_HAL_Driver/Src/stm32f0xx_ll_usb.o
 .debug_rnglists
                0x00000ae7       0x4a ./Middlewares/ST/STM32_USB_Device_Library/Class/HID/Src/usbd_hid.o
 .debug_rnglists
                0x00000b31       0x89 ./Middlewares/ST/STM32_USB_Device_Library/Core/Src/usbd_core.o
 .debug_rnglists
                0x00000bba       0x68 ./Middlewares/ST/STM32_USB_Device_Library/Core/Src/usbd_ctlreq.o
 .debug_rnglists
                0x00000c22       0x37 ./Middlewares/ST/STM32_USB_Device_Library/Core/Src/usbd_ioreq.o
 .debug_rnglists
                0x00000c59       0x13 ./USB_DEVICE/App/usb_device.o
 .debug_rnglists
                0x00000c6c       0x44 ./USB_DEVICE/App/usbd_desc.o
 .debug_rnglists
                0x00000cb0       0xce ./USB_DEVICE/Target/usbd_conf.o

.debug_macro    0x00000000    0x1e097
 .debug_macro   0x00000000      0x253 ./Core/Src/Processus_Keys.o
 .debug_macro   0x00000253      0xaae ./Core/Src/Processus_Keys.o
 .debug_macro   0x00000d01      0x133 ./Core/Src/Processus_Keys.o
 .debug_macro   0x00000e34       0x2e ./Core/Src/Processus_Keys.o
 .debug_macro   0x00000e62       0x22 ./Core/Src/Processus_Keys.o
 .debug_macro   0x00000e84       0x22 ./Core/Src/Processus_Keys.o
 .debug_macro   0x00000ea6       0x8e ./Core/Src/Processus_Keys.o
 .debug_macro   0x00000f34       0x51 ./Core/Src/Processus_Keys.o
 .debug_macro   0x00000f85      0x103 ./Core/Src/Processus_Keys.o
 .debug_macro   0x00001088       0x6a ./Core/Src/Processus_Keys.o
 .debug_macro   0x000010f2      0x1df ./Core/Src/Processus_Keys.o
 .debug_macro   0x000012d1       0x1c ./Core/Src/Processus_Keys.o
 .debug_macro   0x000012ed       0x22 ./Core/Src/Processus_Keys.o
 .debug_macro   0x0000130f       0xaf ./Core/Src/Processus_Keys.o
 .debug_macro   0x000013be      0x391 ./Core/Src/Processus_Keys.o
 .debug_macro   0x0000174f     0xfe73 ./Core/Src/Processus_Keys.o
 .debug_macro   0x000115c2       0x66 ./Core/Src/Processus_Keys.o
 .debug_macro   0x00011628     0x34da ./Core/Src/Processus_Keys.o
 .debug_macro   0x00014b02      0x190 ./Core/Src/Processus_Keys.o
 .debug_macro   0x00014c92       0x55 ./Core/Src/Processus_Keys.o
 .debug_macro   0x00014ce7      0x946 ./Core/Src/Processus_Keys.o
 .debug_macro   0x0001562d      0x5f3 ./Core/Src/Processus_Keys.o
 .debug_macro   0x00015c20      0x1ae ./Core/Src/Processus_Keys.o
 .debug_macro   0x00015dce      0x1a7 ./Core/Src/Processus_Keys.o
 .debug_macro   0x00015f75      0x1a7 ./Core/Src/Processus_Keys.o
 .debug_macro   0x0001611c      0x22c ./Core/Src/Processus_Keys.o
 .debug_macro   0x00016348       0x34 ./Core/Src/Processus_Keys.o
 .debug_macro   0x0001637c       0x43 ./Core/Src/Processus_Keys.o
 .debug_macro   0x000163bf       0x28 ./Core/Src/Processus_Keys.o
 .debug_macro   0x000163e7       0xb0 ./Core/Src/Processus_Keys.o
 .debug_macro   0x00016497      0x217 ./Core/Src/Processus_Keys.o
 .debug_macro   0x000166ae      0x22c ./Core/Src/Processus_Keys.o
 .debug_macro   0x000168da       0x61 ./Core/Src/Processus_Keys.o
 .debug_macro   0x0001693b       0xa5 ./Core/Src/Processus_Keys.o
 .debug_macro   0x000169e0       0x73 ./Core/Src/Processus_Keys.o
 .debug_macro   0x00016a53      0x22d ./Core/Src/Processus_Keys.o
 .debug_macro   0x00016c80       0x4c ./Core/Src/Processus_Keys.o
 .debug_macro   0x00016ccc      0x16d ./Core/Src/Processus_Keys.o
 .debug_macro   0x00016e39      0x8f4 ./Core/Src/Processus_Keys.o
 .debug_macro   0x0001772d       0x28 ./Core/Src/Processus_Keys.o
 .debug_macro   0x00017755      0x130 ./Core/Src/Processus_Keys.o
 .debug_macro   0x00017885      0x20a ./Core/Src/Processus_Keys.o
 .debug_macro   0x00017a8f       0x22 ./Core/Src/Processus_Keys.o
 .debug_macro   0x00017ab1       0x2e ./Core/Src/Processus_Keys.o
 .debug_macro   0x00017adf       0x94 ./Core/Src/Processus_Keys.o
 .debug_macro   0x00017b73       0x28 ./Core/Src/Processus_Keys.o
 .debug_macro   0x00017b9b      0x21a ./Core/Src/Processus_Keys.o
 .debug_macro   0x00017db5       0x1c ./Core/Src/Processus_Keys.o
 .debug_macro   0x00017dd1      0x216 ./Core/Src/Processus_LEDS.o
 .debug_macro   0x00017fe7       0x28 ./Core/Src/Processus_LEDS.o
 .debug_macro   0x0001800f      0x1f5 ./Core/Src/ServiceBaseTemps_1ms.o
 .debug_macro   0x00018204      0x20c ./Core/Src/interfaceDebouncing.o
 .debug_macro   0x00018410      0x216 ./Core/Src/interfaceMatrice.o
 .debug_macro   0x00018626      0x385 ./Core/Src/interface_HID_Report.o
 .debug_macro   0x000189ab       0x61 ./Core/Src/interface_HID_Report.o
 .debug_macro   0x00018a0c       0x24 ./Core/Src/interface_HID_Report.o
 .debug_macro   0x00018a30       0x43 ./Core/Src/interface_HID_Report.o
 .debug_macro   0x00018a73       0x34 ./Core/Src/interface_HID_Report.o
 .debug_macro   0x00018aa7       0x16 ./Core/Src/interface_HID_Report.o
 .debug_macro   0x00018abd       0x3c ./Core/Src/interface_HID_Report.o
 .debug_macro   0x00018af9      0x370 ./Core/Src/interface_HID_Report.o
 .debug_macro   0x00018e69       0x10 ./Core/Src/interface_HID_Report.o
 .debug_macro   0x00018e79       0x16 ./Core/Src/interface_HID_Report.o
 .debug_macro   0x00018e8f       0x4a ./Core/Src/interface_HID_Report.o
 .debug_macro   0x00018ed9       0x34 ./Core/Src/interface_HID_Report.o
 .debug_macro   0x00018f0d       0x10 ./Core/Src/interface_HID_Report.o
 .debug_macro   0x00018f1d       0x58 ./Core/Src/interface_HID_Report.o
 .debug_macro   0x00018f75       0x8e ./Core/Src/interface_HID_Report.o
 .debug_macro   0x00019003       0x1c ./Core/Src/interface_HID_Report.o
 .debug_macro   0x0001901f      0x185 ./Core/Src/interface_HID_Report.o
 .debug_macro   0x000191a4       0x16 ./Core/Src/interface_HID_Report.o
 .debug_macro   0x000191ba       0x16 ./Core/Src/interface_HID_Report.o
 .debug_macro   0x000191d0      0x146 ./Core/Src/interface_HID_Report.o
 .debug_macro   0x00019316       0x16 ./Core/Src/interface_HID_Report.o
 .debug_macro   0x0001932c       0x16 ./Core/Src/interface_HID_Report.o
 .debug_macro   0x00019342       0x29 ./Core/Src/interface_HID_Report.o
 .debug_macro   0x0001936b       0x16 ./Core/Src/interface_HID_Report.o
 .debug_macro   0x00019381       0x20 ./Core/Src/interface_HID_Report.o
 .debug_macro   0x000193a1       0x5f ./Core/Src/interface_HID_Report.o
 .debug_macro   0x00019400      0x1c8 ./Core/Src/interface_HID_Report.o
 .debug_macro   0x000195c8       0x5e ./Core/Src/interface_HID_Report.o
 .debug_macro   0x00019626      0x1f9 ./Core/Src/interface_Key_Config.o
 .debug_macro   0x0001981f      0x2f0 ./Core/Src/interface_RGB.o
 .debug_macro   0x00019b0f      0x19b ./Core/Src/interface_RGB.o
 .debug_macro   0x00019caa       0x2e ./Core/Src/interface_RGB.o
 .debug_macro   0x00019cd8      0x3bc ./Core/Src/main.o
 .debug_macro   0x0001a094      0x1f4 ./Core/Src/pilote_COL.o
 .debug_macro   0x0001a288      0x1f4 ./Core/Src/pilote_ROW.o
 .debug_macro   0x0001a47c      0x1ea ./Core/Src/pilote_SK6803.o
 .debug_macro   0x0001a666      0x202 ./Core/Src/pilote_Timer14_1ms.o
 .debug_macro   0x0001a868      0x1e1 ./Core/Src/stm32f0xx_hal_msp.o
 .debug_macro   0x0001aa49      0x1eb ./Core/Src/stm32f0xx_it.o
 .debug_macro   0x0001ac34      0x1d2 ./Core/Src/system_stm32f0xx.o
 .debug_macro   0x0001ae06      0x1f6 ./Drivers/STM32F0xx_HAL_Driver/Src/stm32f0xx_hal.o
 .debug_macro   0x0001affc      0x1d2 ./Drivers/STM32F0xx_HAL_Driver/Src/stm32f0xx_hal_cortex.o
 .debug_macro   0x0001b1ce      0x1d2 ./Drivers/STM32F0xx_HAL_Driver/Src/stm32f0xx_hal_dma.o
 .debug_macro   0x0001b3a0      0x1d9 ./Drivers/STM32F0xx_HAL_Driver/Src/stm32f0xx_hal_gpio.o
 .debug_macro   0x0001b579      0x1de ./Drivers/STM32F0xx_HAL_Driver/Src/stm32f0xx_hal_pcd.o
 .debug_macro   0x0001b757      0x1d2 ./Drivers/STM32F0xx_HAL_Driver/Src/stm32f0xx_hal_pcd_ex.o
 .debug_macro   0x0001b929      0x1e4 ./Drivers/STM32F0xx_HAL_Driver/Src/stm32f0xx_hal_rcc.o
 .debug_macro   0x0001bb0d      0x1e4 ./Drivers/STM32F0xx_HAL_Driver/Src/stm32f0xx_hal_rcc_ex.o
 .debug_macro   0x0001bcf1      0x1d3 ./Drivers/STM32F0xx_HAL_Driver/Src/stm32f0xx_hal_tim.o
 .debug_macro   0x0001bec4      0x1d2 ./Drivers/STM32F0xx_HAL_Driver/Src/stm32f0xx_hal_tim_ex.o
 .debug_macro   0x0001c096      0x1d2 ./Drivers/STM32F0xx_HAL_Driver/Src/stm32f0xx_ll_usb.o
 .debug_macro   0x0001c268      0x370 ./Middlewares/ST/STM32_USB_Device_Library/Class/HID/Src/usbd_hid.o
 .debug_macro   0x0001c5d8       0x9e ./Middlewares/ST/STM32_USB_Device_Library/Class/HID/Src/usbd_hid.o
 .debug_macro   0x0001c676      0x112 ./Middlewares/ST/STM32_USB_Device_Library/Class/HID/Src/usbd_hid.o
 .debug_macro   0x0001c788       0x4f ./Middlewares/ST/STM32_USB_Device_Library/Class/HID/Src/usbd_hid.o
 .debug_macro   0x0001c7d7      0x357 ./Middlewares/ST/STM32_USB_Device_Library/Core/Src/usbd_core.o
 .debug_macro   0x0001cb2e      0x1ce ./Middlewares/ST/STM32_USB_Device_Library/Core/Src/usbd_core.o
 .debug_macro   0x0001ccfc      0x361 ./Middlewares/ST/STM32_USB_Device_Library/Core/Src/usbd_ctlreq.o
 .debug_macro   0x0001d05d      0x35d ./Middlewares/ST/STM32_USB_Device_Library/Core/Src/usbd_ioreq.o
 .debug_macro   0x0001d3ba      0x387 ./USB_DEVICE/App/usb_device.o
 .debug_macro   0x0001d741      0x210 ./USB_DEVICE/App/usb_device.o
 .debug_macro   0x0001d951       0x22 ./USB_DEVICE/App/usb_device.o
 .debug_macro   0x0001d973      0x394 ./USB_DEVICE/App/usbd_desc.o
 .debug_macro   0x0001dd07       0x1c ./USB_DEVICE/App/usbd_desc.o
 .debug_macro   0x0001dd23      0x374 ./USB_DEVICE/Target/usbd_conf.o

.debug_line     0x00000000    0x1a103
 .debug_line    0x00000000      0x894 ./Core/Src/Processus_Keys.o
 .debug_line    0x00000894      0x84a ./Core/Src/Processus_LEDS.o
 .debug_line    0x000010de      0x787 ./Core/Src/ServiceBaseTemps_1ms.o
 .debug_line    0x00001865      0x812 ./Core/Src/interfaceDebouncing.o
 .debug_line    0x00002077      0x7c7 ./Core/Src/interfaceMatrice.o
 .debug_line    0x0000283e      0xaf8 ./Core/Src/interface_HID_Report.o
 .debug_line    0x00003336      0x722 ./Core/Src/interface_Key_Config.o
 .debug_line    0x00003a58      0xb3c ./Core/Src/interface_RGB.o
 .debug_line    0x00004594      0xbf1 ./Core/Src/main.o
 .debug_line    0x00005185      0x727 ./Core/Src/pilote_COL.o
 .debug_line    0x000058ac      0x762 ./Core/Src/pilote_ROW.o
 .debug_line    0x0000600e      0xa9b ./Core/Src/pilote_SK6803.o
 .debug_line    0x00006aa9      0x777 ./Core/Src/pilote_Timer14_1ms.o
 .debug_line    0x00007220      0x7bd ./Core/Src/stm32f0xx_hal_msp.o
 .debug_line    0x000079dd      0x7b0 ./Core/Src/stm32f0xx_it.o
 .debug_line    0x0000818d      0x793 ./Core/Src/system_stm32f0xx.o
 .debug_line    0x00008920       0x7b ./Core/Startup/startup_stm32f072cbtx.o
 .debug_line    0x0000899b      0x98a ./Drivers/STM32F0xx_HAL_Driver/Src/stm32f0xx_hal.o
 .debug_line    0x00009325      0xa32 ./Drivers/STM32F0xx_HAL_Driver/Src/stm32f0xx_hal_cortex.o
 .debug_line    0x00009d57      0xc8e ./Drivers/STM32F0xx_HAL_Driver/Src/stm32f0xx_hal_dma.o
 .debug_line    0x0000a9e5      0xb04 ./Drivers/STM32F0xx_HAL_Driver/Src/stm32f0xx_hal_gpio.o
 .debug_line    0x0000b4e9     0x12bb ./Drivers/STM32F0xx_HAL_Driver/Src/stm32f0xx_hal_pcd.o
 .debug_line    0x0000c7a4      0x8ad ./Drivers/STM32F0xx_HAL_Driver/Src/stm32f0xx_hal_pcd_ex.o
 .debug_line    0x0000d051      0xecf ./Drivers/STM32F0xx_HAL_Driver/Src/stm32f0xx_hal_rcc.o
 .debug_line    0x0000df20      0xc4b ./Drivers/STM32F0xx_HAL_Driver/Src/stm32f0xx_hal_rcc_ex.o
 .debug_line    0x0000eb6b     0x3735 ./Drivers/STM32F0xx_HAL_Driver/Src/stm32f0xx_hal_tim.o
 .debug_line    0x000122a0     0x1891 ./Drivers/STM32F0xx_HAL_Driver/Src/stm32f0xx_hal_tim_ex.o
 .debug_line    0x00013b31     0x1077 ./Drivers/STM32F0xx_HAL_Driver/Src/stm32f0xx_ll_usb.o
 .debug_line    0x00014ba8      0xbce ./Middlewares/ST/STM32_USB_Device_Library/Class/HID/Src/usbd_hid.o
 .debug_line    0x00015776      0xd6d ./Middlewares/ST/STM32_USB_Device_Library/Core/Src/usbd_core.o
 .debug_line    0x000164e3      0xfb4 ./Middlewares/ST/STM32_USB_Device_Library/Core/Src/usbd_ctlreq.o
 .debug_line    0x00017497      0xa23 ./Middlewares/ST/STM32_USB_Device_Library/Core/Src/usbd_ioreq.o
 .debug_line    0x00017eba      0x9d4 ./USB_DEVICE/App/usb_device.o
 .debug_line    0x0001888e      0xa9c ./USB_DEVICE/App/usbd_desc.o
 .debug_line    0x0001932a      0xdd9 ./USB_DEVICE/Target/usbd_conf.o

.debug_str      0x00000000    0x9a7fd
 .debug_str     0x00000000    0x9a7fd ./Core/Src/Processus_Keys.o
                              0x9144e (size before relaxing)
 .debug_str     0x0009a7fd    0x90e3c ./Core/Src/Processus_LEDS.o
 .debug_str     0x0009a7fd    0x90ad2 ./Core/Src/ServiceBaseTemps_1ms.o
 .debug_str     0x0009a7fd    0x90ba1 ./Core/Src/interfaceDebouncing.o
 .debug_str     0x0009a7fd    0x90b4e ./Core/Src/interfaceMatrice.o
 .debug_str     0x0009a7fd    0x95367 ./Core/Src/interface_HID_Report.o
 .debug_str     0x0009a7fd    0x90f27 ./Core/Src/interface_Key_Config.o
 .debug_str     0x0009a7fd    0x948ca ./Core/Src/interface_RGB.o
 .debug_str     0x0009a7fd    0x95dd6 ./Core/Src/main.o
 .debug_str     0x0009a7fd    0x90b2e ./Core/Src/pilote_COL.o
 .debug_str     0x0009a7fd    0x90b3f ./Core/Src/pilote_ROW.o
 .debug_str     0x0009a7fd    0x910c5 ./Core/Src/pilote_SK6803.o
 .debug_str     0x0009a7fd    0x91045 ./Core/Src/pilote_Timer14_1ms.o
 .debug_str     0x0009a7fd    0x912db ./Core/Src/stm32f0xx_hal_msp.o
 .debug_str     0x0009a7fd    0x91346 ./Core/Src/stm32f0xx_it.o
 .debug_str     0x0009a7fd    0x904f1 ./Core/Src/system_stm32f0xx.o
 .debug_str     0x0009a7fd       0x86 ./Core/Startup/startup_stm32f072cbtx.o
 .debug_str     0x0009a7fd    0x90ae7 ./Drivers/STM32F0xx_HAL_Driver/Src/stm32f0xx_hal.o
 .debug_str     0x0009a7fd    0x908d8 ./Drivers/STM32F0xx_HAL_Driver/Src/stm32f0xx_hal_cortex.o
 .debug_str     0x0009a7fd    0x90897 ./Drivers/STM32F0xx_HAL_Driver/Src/stm32f0xx_hal_dma.o
 .debug_str     0x0009a7fd    0x90692 ./Drivers/STM32F0xx_HAL_Driver/Src/stm32f0xx_hal_gpio.o
 .debug_str     0x0009a7fd    0x90dbc ./Drivers/STM32F0xx_HAL_Driver/Src/stm32f0xx_hal_pcd.o
 .debug_str     0x0009a7fd    0x909f8 ./Drivers/STM32F0xx_HAL_Driver/Src/stm32f0xx_hal_pcd_ex.o
 .debug_str     0x0009a7fd    0x90938 ./Drivers/STM32F0xx_HAL_Driver/Src/stm32f0xx_hal_rcc.o
 .debug_str     0x0009a7fd    0x908f0 ./Drivers/STM32F0xx_HAL_Driver/Src/stm32f0xx_hal_rcc_ex.o
 .debug_str     0x0009a7fd    0x91907 ./Drivers/STM32F0xx_HAL_Driver/Src/stm32f0xx_hal_tim.o
 .debug_str     0x0009a7fd    0x91113 ./Drivers/STM32F0xx_HAL_Driver/Src/stm32f0xx_hal_tim_ex.o
 .debug_str     0x0009a7fd    0x908f9 ./Drivers/STM32F0xx_HAL_Driver/Src/stm32f0xx_ll_usb.o
 .debug_str     0x0009a7fd    0x954e2 ./Middlewares/ST/STM32_USB_Device_Library/Class/HID/Src/usbd_hid.o
 .debug_str     0x0009a7fd    0x9537d ./Middlewares/ST/STM32_USB_Device_Library/Core/Src/usbd_core.o
 .debug_str     0x0009a7fd    0x95297 ./Middlewares/ST/STM32_USB_Device_Library/Core/Src/usbd_ctlreq.o
 .debug_str     0x0009a7fd    0x951c4 ./Middlewares/ST/STM32_USB_Device_Library/Core/Src/usbd_ioreq.o
 .debug_str     0x0009a7fd    0x95339 ./USB_DEVICE/App/usb_device.o
 .debug_str     0x0009a7fd    0x950ef ./USB_DEVICE/App/usbd_desc.o
 .debug_str     0x0009a7fd    0x95d9d ./USB_DEVICE/Target/usbd_conf.o

.comment        0x00000000       0x43
 .comment       0x00000000       0x43 ./Core/Src/Processus_Keys.o
                                 0x44 (size before relaxing)
 .comment       0x00000043       0x44 ./Core/Src/Processus_LEDS.o
 .comment       0x00000043       0x44 ./Core/Src/ServiceBaseTemps_1ms.o
 .comment       0x00000043       0x44 ./Core/Src/interfaceDebouncing.o
 .comment       0x00000043       0x44 ./Core/Src/interfaceMatrice.o