../Core/Src/stm32f0xx_it.c:71:6:NMI_Handler	8	static
../Core/Src/stm32f0xx_it.c:86:6:HardFault_Handler	8	static
../Core/Src/stm32f0xx_it.c:101:6:SVC_Handler	8	static
../Core/Src/stm32f0xx_it.c:114:6:PendSV_Handler	8	static
../Core/Src/stm32f0xx_it.c:127:6:SysTick_Handler	8	static
../Core/Src/stm32f0xx_it.c:148:6:EXTI4_15_IRQHandler	8	static
../Core/Src/stm32f0xx_it.c:164:6:DMA1_Channel4_5_6_7_IRQHandler	8	static
../Core/Src/stm32f0xx_it.c:178:6:TIM14_IRQHandler	8	static
../Core/Src/stm32f0xx_it.c:192:6:USB_IRQHandler	8	static
